Component: ARM Compiler 5.06 update 7 (build 960) Tool: armlink [4d3601]

==============================================================================

Section Cross References

    ajustabletabletpositionermain.o(i.InitPWMforServo) refers to sysctl.o(i.SysCtlPWMClockSet) for SysCtlPWMClockSet
    ajustabletabletpositionermain.o(i.InitPWMforServo) refers to sysctl.o(i.SysCtlPeripheralEnable) for SysCtlPeripheralEnable
    ajustabletabletpositionermain.o(i.InitPWMforServo) refers to gpio.o(i.GPIOPinTypePWM) for GPIOPinTypePWM
    ajustabletabletpositionermain.o(i.InitPWMforServo) refers to gpio.o(i.GPIOPinConfigure) for GPIOPinConfigure
    ajustabletabletpositionermain.o(i.InitPWMforServo) refers to sysctl.o(i.SysCtlClockGet) for SysCtlClockGet
    ajustabletabletpositionermain.o(i.InitPWMforServo) refers to pwm.o(i.PWMGenConfigure) for PWMGenConfigure
    ajustabletabletpositionermain.o(i.InitPWMforServo) refers to pwm.o(i.PWMGenPeriodSet) for PWMGenPeriodSet
    ajustabletabletpositionermain.o(i.MCInit) refers to sysctl.o(i.SysCtlClockSet) for SysCtlClockSet
    ajustabletabletpositionermain.o(i.MCInit) refers to sysctl.o(i.SysCtlPeripheralEnable) for SysCtlPeripheralEnable
    ajustabletabletpositionermain.o(i.MCInit) refers to timer.o(i.TimerConfigure) for TimerConfigure
    ajustabletabletpositionermain.o(i.MCInit) refers to sysctl.o(i.SysCtlClockGet) for SysCtlClockGet
    ajustabletabletpositionermain.o(i.MCInit) refers to timer.o(i.TimerLoadSet) for TimerLoadSet
    ajustabletabletpositionermain.o(i.MCInit) refers to interrupt.o(i.IntEnable) for IntEnable
    ajustabletabletpositionermain.o(i.MCInit) refers to timer.o(i.TimerIntEnable) for TimerIntEnable
    ajustabletabletpositionermain.o(i.MCInit) refers to interrupt.o(i.IntMasterEnable) for IntMasterEnable
    ajustabletabletpositionermain.o(i.Timer0IntHandler) refers to timer.o(i.TimerIntClear) for TimerIntClear
    ajustabletabletpositionermain.o(i.Timer0IntHandler) refers to gpio.o(i.GPIOPinRead) for GPIOPinRead
    ajustabletabletpositionermain.o(i.Timer0IntHandler) refers to gpio.o(i.GPIOPinWrite) for GPIOPinWrite
    ajustabletabletpositionermain.o(i.main) refers to ajustabletabletpositionermain.o(i.MCInit) for MCInit
    ajustabletabletpositionermain.o(i.main) refers to ajustabletabletpositionermain.o(i.InitPWMforServo) for InitPWMforServo
    ajustabletabletpositionermain.o(i.main) refers to ajustabletabletpositionermain.o(i.position_servo) for position_servo
    ajustabletabletpositionermain.o(i.main) refers to pwm.o(i.PWMOutputState) for PWMOutputState
    ajustabletabletpositionermain.o(i.main) refers to pwm.o(i.PWMGenEnable) for PWMGenEnable
    ajustabletabletpositionermain.o(i.position_servo) refers to f2d.o(x$fpl$f2d) for __aeabi_f2d
    ajustabletabletpositionermain.o(i.position_servo) refers to dmul.o(x$fpl$dmul) for __aeabi_dmul
    ajustabletabletpositionermain.o(i.position_servo) refers to ddiv.o(x$fpl$ddiv) for __aeabi_ddiv
    ajustabletabletpositionermain.o(i.position_servo) refers to daddsub_clz.o(x$fpl$dadd) for __aeabi_dadd
    ajustabletabletpositionermain.o(i.position_servo) refers to dfixu.o(x$fpl$dfixu) for __aeabi_d2uiz
    ajustabletabletpositionermain.o(i.position_servo) refers to pwm.o(i.PWMPulseWidthSet) for PWMPulseWidthSet
    profilelinkedlist.o(i.delete) refers to profilelinkedlist.o(.data) for head
    profilelinkedlist.o(i.deleteFirst) refers to profilelinkedlist.o(.data) for head
    profilelinkedlist.o(i.find) refers to profilelinkedlist.o(.data) for head
    profilelinkedlist.o(i.insertFirst) refers to h1_alloc.o(.text) for malloc
    profilelinkedlist.o(i.insertFirst) refers to rt_memcpy_w.o(.text) for __aeabi_memcpy4
    profilelinkedlist.o(i.insertFirst) refers to profilelinkedlist.o(.data) for head
    profilelinkedlist.o(i.isEmpty) refers to profilelinkedlist.o(.data) for head
    profilelinkedlist.o(i.length) refers to profilelinkedlist.o(.data) for head
    profilelinkedlist.o(i.printList) refers to _printf_percent.o(.ARM.Collect$$_printf_percent$$00000000) for _printf_percent
    profilelinkedlist.o(i.printList) refers to _printf_d.o(.ARM.Collect$$_printf_percent$$00000009) for _printf_d
    profilelinkedlist.o(i.printList) refers to _printf_dec.o(.text) for _printf_int_dec
    profilelinkedlist.o(i.printList) refers to noretval__2printf.o(.text) for __2printf
    profilelinkedlist.o(i.printList) refers to profilelinkedlist.o(.data) for head
    startup_tm4c123.o(STACK) refers (Special) to heapauxi.o(.text) for __use_two_region_memory
    startup_tm4c123.o(HEAP) refers (Special) to heapauxi.o(.text) for __use_two_region_memory
    startup_tm4c123.o(RESET) refers (Special) to heapauxi.o(.text) for __use_two_region_memory
    startup_tm4c123.o(RESET) refers to startup_tm4c123.o(STACK) for __initial_sp
    startup_tm4c123.o(RESET) refers to startup_tm4c123.o(.text) for Reset_Handler
    startup_tm4c123.o(.text) refers (Special) to heapauxi.o(.text) for __use_two_region_memory
[...]
    defsig_rtred_outer.o(.text) refers to defsig_exit.o(.text) for __sig_exit
    defsig_rtred_formal.o(.text) refers to rt_raise.o(.text) for __rt_raise
    defsig_rtmem_inner.o(.text) refers to defsig_general.o(.text) for __default_signal_display
    _get_argv_nomalloc.o(.text) refers (Special) to hrguard.o(.text) for __heap_region$guard
    _get_argv_nomalloc.o(.text) refers to defsig_rtmem_outer.o(.text) for __rt_SIGRTMEM
    _get_argv_nomalloc.o(.text) refers to sys_command.o(.text) for _sys_command_string
    libinit.o(.ARM.Collect$$libinit$$00000000) refers (Special) to libinit2.o(.ARM.Collect$$libinit$$0000002E) for __rt_lib_init_alloca_1
    libinit.o(.ARM.Collect$$libinit$$00000000) refers (Special) to libinit2.o(.ARM.Collect$$libinit$$0000002C) for __rt_lib_init_argv_1
    libinit.o(.ARM.Collect$$libinit$$00000000) refers (Special) to libinit2.o(.ARM.Collect$$libinit$$0000001B) for __rt_lib_init_atexit_1
    libinit.o(.ARM.Collect$$libinit$$00000000) refers (Special) to libinit2.o(.ARM.Collect$$libinit$$00000021) for __rt_lib_init_clock_1
    libinit.o(.ARM.Collect$$libinit$$00000000) refers (Special) to libinit2.o(.ARM.Collect$$libinit$$00000032) for __rt_lib_init_cpp_1
    libinit.o(.ARM.Collect$$libinit$$00000000) refers (Special) to libinit2.o(.ARM.Collect$$libinit$$00000030) for __rt_lib_init_exceptions_1
    libinit.o(.ARM.Collect$$libinit$$00000000) refers (Special) to libinit2.o(.ARM.Collect$$libinit$$00000001) for __rt_lib_init_fp_1
    libinit.o(.ARM.Collect$$libinit$$00000000) refers (Special) to libinit2.o(.ARM.Collect$$libinit$$0000001F) for __rt_lib_init_fp_trap_1
    libinit.o(.ARM.Collect$$libinit$$00000000) refers (Special) to libinit2.o(.ARM.Collect$$libinit$$00000023) for __rt_lib_init_getenv_1
    libinit.o(.ARM.Collect$$libinit$$00000000) refers (Special) to libinit2.o(.ARM.Collect$$libinit$$0000000A) for __rt_lib_init_heap_1
    libinit.o(.ARM.Collect$$libinit$$00000000) refers (Special) to libinit2.o(.ARM.Collect$$libinit$$00000011) for __rt_lib_init_lc_collate_1
    libinit.o(.ARM.Collect$$libinit$$00000000) refers (Special) to libinit2.o(.ARM.Collect$$libinit$$00000013) for __rt_lib_init_lc_ctype_1
    libinit.o(.ARM.Collect$$libinit$$00000000) refers (Special) to libinit2.o(.ARM.Collect$$libinit$$00000015) for __rt_lib_init_lc_monetary_1
    libinit.o(.ARM.Collect$$libinit$$00000000) refers (Special) to libinit2.o(.ARM.Collect$$libinit$$00000017) for __rt_lib_init_lc_numeric_1
    libinit.o(.ARM.Collect$$libinit$$00000000) refers (Special) to libinit2.o(.ARM.Collect$$libinit$$00000019) for __rt_lib_init_lc_time_1
    libinit.o(.ARM.Collect$$libinit$$00000000) refers (Special) to libinit2.o(.ARM.Collect$$libinit$$00000004) for __rt_lib_init_preinit_1
    libinit.o(.ARM.Collect$$libinit$$00000000) refers (Special) to libinit2.o(.ARM.Collect$$libinit$$0000000E) for __rt_lib_init_rand_1
    libinit.o(.ARM.Collect$$libinit$$00000000) refers (Special) to libinit2.o(.ARM.Collect$$libinit$$00000033) for __rt_lib_init_return
    libinit.o(.ARM.Collect$$libinit$$00000000) refers (Special) to libinit2.o(.ARM.Collect$$libinit$$0000001D) for __rt_lib_init_signal_1
    libinit.o(.ARM.Collect$$libinit$$00000000) refers (Special) to libinit2.o(.ARM.Collect$$libinit$$00000025) for __rt_lib_init_stdio_1
    libinit.o(.ARM.Collect$$libinit$$00000000) refers (Special) to libinit2.o(.ARM.Collect$$libinit$$0000000C) for __rt_lib_init_user_alloc_1
    libshutdown2.o(.ARM.Collect$$libshutdown$$00000005) refers (Weak) to initio.o(.text) for _terminateio
    libshutdown2.o(.ARM.Collect$$libshutdown$$0000000F) refers (Weak) to term_alloc.o(.text) for _terminate_alloc
    flsbuf_fwide.o(.text) refers to flsbuf.o(.text) for __flsbuf
    sys_exit.o(.text) refers (Special) to use_no_semi.o(.text) for __I$use$semihosting
    sys_exit.o(.text) refers (Special) to indicate_semi.o(.text) for __semihosting_library_function
    rtexit.o(.ARM.Collect$$rtexit$$00000000) refers (Special) to rtexit2.o(.ARM.Collect$$rtexit$$00000004) for __rt_exit_exit
    rtexit.o(.ARM.Collect$$rtexit$$00000000) refers (Special) to rtexit2.o(.ARM.Collect$$rtexit$$00000003) for __rt_exit_ls
    rtexit.o(.ARM.Collect$$rtexit$$00000000) refers (Special) to rtexit2.o(.ARM.Collect$$rtexit$$00000002) for __rt_exit_prels_1
    rtexit.o(.ARM.exidx) refers (Special) to rtexit2.o(.ARM.Collect$$rtexit$$00000004) for __rt_exit_exit
    rtexit.o(.ARM.exidx) refers (Special) to rtexit2.o(.ARM.Collect$$rtexit$$00000003) for __rt_exit_ls
    rtexit.o(.ARM.exidx) refers (Special) to rtexit2.o(.ARM.Collect$$rtexit$$00000002) for __rt_exit_prels_1
    rtexit.o(.ARM.exidx) refers to rtexit.o(.ARM.Collect$$rtexit$$00000000) for .ARM.Collect$$rtexit$$00000000
    _printf_char_file_locked.o(.text) refers to _printf_char_common.o(.text) for _printf_char_common
    _printf_char_file_locked.o(.text) refers to fputc.o(i._fputc$unlocked) for _fputc$unlocked
    fseek.o(.text) refers to sys_io.o(.text) for _sys_istty
    fseek.o(.text) refers to ftell.o(.text) for _ftell_internal
    fseek.o(.text) refers to stdio.o(.text) for _seterr
    stdio.o(.text) refers to sys_io.o(.text) for _sys_seek
    fwritefast.o(.text) refers to stdio.o(.text) for _writebuf
    fwritefast.o(.text) refers to flsbuf.o(.text) for __flsbuf_byte
    fwritefast.o(.text) refers to rt_memcpy_v6.o(.text) for __aeabi_memcpy
    fwritefast_locked.o(.text) refers to stdio.o(.text) for _writebuf
    fwritefast_locked.o(.text) refers to flsbuf.o(.text) for __flsbuf_byte
    fwritefast_locked.o(.text) refers to rt_memcpy_v6.o(.text) for __aeabi_memcpy
    __raise.o(.text) refers to defsig.o(CL$$defsig) for __default_signal_handler
    defsig_general.o(.text) refers to sys_wrch.o(.text) for _ttywrch
    defsig_rtred_inner.o(.text) refers to defsig_general.o(.text) for __default_signal_display
    assert_stdio.o(.text) refers to fputs.o(.text) for fputs
    assert_stdio.o(.text) refers to fflush.o(.text) for fflush
    assert_stdio.o(.text) refers to stdio_streams.o(.bss) for __stderr
    sys_wrch.o(.text) refers (Special) to use_no_semi.o(.text) for __I$use$semihosting
    sys_wrch.o(.text) refers (Special) to indicate_semi.o(.text) for __semihosting_library_function
    rtexit2.o(.ARM.Collect$$rtexit$$00000003) refers to libshutdown.o(.ARM.Collect$$libshutdown$$00000000) for __rt_lib_shutdown
    rtexit2.o(.ARM.Collect$$rtexit$$00000004) refers to sys_exit.o(.text) for _sys_exit
    rtexit2.o(.ARM.exidx) refers to rtexit2.o(.ARM.Collect$$rtexit$$00000001) for .ARM.Collect$$rtexit$$00000001
    rtexit2.o(.ARM.exidx) refers to rtexit2.o(.ARM.Collect$$rtexit$$00000003) for .ARM.Collect$$rtexit$$00000003
    rtexit2.o(.ARM.exidx) refers to rtexit2.o(.ARM.Collect$$rtexit$$00000004) for .ARM.Collect$$rtexit$$00000004
    fflush.o(.text) refers to stdio.o(.text) for _fflush
    fflush.o(.text) refers to fseek.o(.text) for _fseek
    fflush.o(.text) refers to stdio_streams.o(.bss) for __stdin
    fputs.o(.text) refers to fputc.o(i.fputc) for fputc
    ftell.o(.text) refers to rt_errno_addr_intlibspace.o(.text) for __aeabi_errno_addr
    fflush_locked.o(.text) refers to stdio.o(.text) for _fflush
    fflush_locked.o(.text) refers to fseek.o(.text) for _fseek
    fflush_locked.o(.text) refers to fflush.o(.text) for _do_fflush
    fflush_locked.o(.text) refers to streamlock.o(.data) for _stream_list_lock
    fflush_locked.o(.text) refers to stdio_streams.o(.bss) for __stdin
    defsig.o(CL$$defsig) refers to defsig_rtred_inner.o(.text) for __rt_SIGRTRED_inner
    defsig.o(CL$$defsig) refers to defsig_rtmem_inner.o(.text) for __rt_SIGRTMEM_inner
    rt_memcpy_v6.o(.text) refers to rt_memcpy_w.o(.text) for __aeabi_memcpy4
    rt_errno_addr.o(.text) refers to rt_errno_addr.o(.bss) for __aeabi_errno_addr_data
    rt_errno_addr_intlibspace.o(.text) refers to libspace.o(.bss) for __libspace_start
    defsig_abrt_inner.o(.text) refers to defsig_general.o(.text) for __default_signal_display
    defsig_fpe_inner.o(.text) refers to defsig_general.o(.text) for __default_signal_display
    defsig_stak_inner.o(.text) refers to defsig_general.o(.text) for __default_signal_display
    defsig_pvfn_inner.o(.text) refers to defsig_general.o(.text) for __default_signal_display
    defsig_cppl_inner.o(.text) refers to defsig_general.o(.text) for __default_signal_display
    defsig_segv_inner.o(.text) refers to defsig_general.o(.text) for __default_signal_display
    defsig_other.o(.text) refers to defsig_general.o(.text) for __default_signal_display
    libshutdown.o(.ARM.Collect$$libshutdown$$00000000) refers (Special) to libshutdown2.o(.ARM.Collect$$libshutdown$$00000004) for __rt_lib_shutdown_cpp_1
    libshutdown.o(.ARM.Collect$$libshutdown$$00000000) refers (Special) to libshutdown2.o(.ARM.Collect$$libshutdown$$00000002) for __rt_lib_shutdown_fini_1
    libshutdown.o(.ARM.Collect$$libshutdown$$00000000) refers (Special) to libshutdown2.o(.ARM.Collect$$libshutdown$$00000009) for __rt_lib_shutdown_fp_trap_1
    libshutdown.o(.ARM.Collect$$libshutdown$$00000000) refers (Special) to libshutdown2.o(.ARM.Collect$$libshutdown$$00000011) for __rt_lib_shutdown_heap_1
    libshutdown.o(.ARM.Collect$$libshutdown$$00000000) refers (Special) to libshutdown2.o(.ARM.Collect$$libshutdown$$00000012) for __rt_lib_shutdown_return
    libshutdown.o(.ARM.Collect$$libshutdown$$00000000) refers (Special) to libshutdown2.o(.ARM.Collect$$libshutdown$$0000000C) for __rt_lib_shutdown_signal_1
    libshutdown.o(.ARM.Collect$$libshutdown$$00000000) refers (Special) to libshutdown2.o(.ARM.Collect$$libshutdown$$00000006) for __rt_lib_shutdown_stdio_1
    libshutdown.o(.ARM.Collect$$libshutdown$$00000000) refers (Special) to libshutdown2.o(.ARM.Collect$$libshutdown$$0000000E) for __rt_lib_shutdown_user_alloc_1


==============================================================================

Removing Unused input sections from the image.

    Removing ajustabletabletpositionermain.o(i.CreateNewStudent), (2 bytes).
    Removing ajustabletabletpositionermain.o(i.Timer0IntHandler), (40 bytes).
    Removing ajustabletabletpositionermain.o(i.get_servo_position), (2 bytes).
    Removing profilelinkedlist.o(i.delete), (72 bytes).
    Removing profilelinkedlist.o(i.deleteFirst), (20 bytes).
    Removing profilelinkedlist.o(i.find), (40 bytes).
    Removing profilelinkedlist.o(i.insertFirst), (48 bytes).
    Removing profilelinkedlist.o(i.isEmpty), (20 bytes).
    Removing profilelinkedlist.o(i.length), (24 bytes).
    Removing profilelinkedlist.o(i.printList), (64 bytes).
    Removing profilelinkedlist.o(.data), (8 bytes).
    Removing system_tm4c123.o(.rev16_text), (4 bytes).
    Removing system_tm4c123.o(.revsh_text), (4 bytes).
    Removing system_tm4c123.o(.rrx_text), (6 bytes).
    Removing system_tm4c123.o(i.SystemCoreClockUpdate), (196 bytes).
    Removing system_tm4c123.o(i.getOscClk), (244 bytes).
    Removing system_tm4c123.o(.data), (4 bytes).
    Removing gpio.o(i.GPIOADCTriggerDisable), (14 bytes).
    Removing gpio.o(i.GPIOADCTriggerEnable), (12 bytes).
    Removing gpio.o(i.GPIODMATriggerDisable), (14 bytes).
    Removing gpio.o(i.GPIODMATriggerEnable), (12 bytes).
    Removing gpio.o(i.GPIODirModeGet), (34 bytes).
    Removing gpio.o(i.GPIOIntClear), (6 bytes).
    Removing gpio.o(i.GPIOIntDisable), (14 bytes).
    Removing gpio.o(i.GPIOIntEnable), (12 bytes).
    Removing gpio.o(i.GPIOIntRegister), (26 bytes).
    Removing gpio.o(i.GPIOIntRegisterPin), (30 bytes).
    Removing gpio.o(i.GPIOIntStatus), (14 bytes).
    Removing gpio.o(i.GPIOIntTypeGet), (70 bytes).
    Removing gpio.o(i.GPIOIntTypeSet), (80 bytes).
    Removing gpio.o(i.GPIOIntUnregister), (22 bytes).
    Removing gpio.o(i.GPIOIntUnregisterPin), (26 bytes).
    Removing gpio.o(i.GPIOPadConfigGet), (248 bytes).
    Removing gpio.o(i.GPIOPinRead), (6 bytes).
    Removing gpio.o(i.GPIOPinTypeADC), (28 bytes).
    Removing gpio.o(i.GPIOPinTypeCAN), (28 bytes).
    Removing gpio.o(i.GPIOPinTypeComparator), (28 bytes).
    Removing gpio.o(i.GPIOPinTypeComparatorOutput), (28 bytes).
    Removing gpio.o(i.GPIOPinTypeDIVSCLK), (28 bytes).
    Removing gpio.o(i.GPIOPinTypeEPI), (28 bytes).
    Removing gpio.o(i.GPIOPinTypeEthernetLED), (28 bytes).
    Removing gpio.o(i.GPIOPinTypeEthernetMII), (28 bytes).
    Removing gpio.o(i.GPIOPinTypeGPIOInput), (28 bytes).
    Removing gpio.o(i.GPIOPinTypeGPIOOutput), (28 bytes).
    Removing gpio.o(i.GPIOPinTypeGPIOOutputOD), (28 bytes).
    Removing gpio.o(i.GPIOPinTypeHibernateRTCCLK), (28 bytes).
    Removing gpio.o(i.GPIOPinTypeI2C), (28 bytes).
    Removing gpio.o(i.GPIOPinTypeI2CSCL), (28 bytes).
    Removing gpio.o(i.GPIOPinTypeLCD), (28 bytes).
    Removing gpio.o(i.GPIOPinTypeOneWire), (28 bytes).
    Removing gpio.o(i.GPIOPinTypeQEI), (28 bytes).
    Removing gpio.o(i.GPIOPinTypeSSI), (28 bytes).
    Removing gpio.o(i.GPIOPinTypeTimer), (28 bytes).
    Removing gpio.o(i.GPIOPinTypeTrace), (28 bytes).
    Removing gpio.o(i.GPIOPinTypeUART), (28 bytes).
    Removing gpio.o(i.GPIOPinTypeUSBAnalog), (28 bytes).
    Removing gpio.o(i.GPIOPinTypeUSBDigital), (28 bytes).
    Removing gpio.o(i.GPIOPinTypeWakeHigh), (30 bytes).
    Removing gpio.o(i.GPIOPinTypeWakeLow), (30 bytes).
    Removing gpio.o(i.GPIOPinWakeStatus), (6 bytes).
    Removing gpio.o(i.GPIOPinWrite), (6 bytes).
    Removing gpio.o(i.GPIOUnlockPin), (24 bytes).
    Removing gpio.o(i._GPIOIntNumberGet), (80 bytes).
    Removing interrupt.o(i.IntDisable), (100 bytes).
    Removing interrupt.o(i.IntIsEnabled), (96 bytes).
    Removing interrupt.o(i.IntMasterDisable), (14 bytes).
    Removing interrupt.o(i.IntPendClear), (68 bytes).
    Removing interrupt.o(i.IntPendSet), (84 bytes).
    Removing interrupt.o(i.IntPriorityGet), (28 bytes).
    Removing interrupt.o(i.IntPriorityGroupingGet), (36 bytes).
    Removing interrupt.o(i.IntPriorityGroupingSet), (28 bytes).
    Removing interrupt.o(i.IntPriorityMaskGet), (4 bytes).
    Removing interrupt.o(i.IntPriorityMaskSet), (4 bytes).
    Removing interrupt.o(i.IntPrioritySet), (40 bytes).
    Removing interrupt.o(i.IntRegister), (52 bytes).
    Removing interrupt.o(i.IntTrigger), (12 bytes).
    Removing interrupt.o(i.IntUnregister), (20 bytes).
    Removing interrupt.o(i._IntDefaultHandler), (2 bytes).
    Removing interrupt.o(vtable), (620 bytes).
    Removing pwm.o(i.PWMClockGet), (26 bytes).
    Removing pwm.o(i.PWMClockSet), (20 bytes).
    Removing pwm.o(i.PWMDeadBandDisable), (12 bytes).
    Removing pwm.o(i.PWMDeadBandEnable), (16 bytes).
    Removing pwm.o(i.PWMFaultIntClear), (8 bytes).
    Removing pwm.o(i.PWMFaultIntClearExt), (4 bytes).
    Removing pwm.o(i.PWMFaultIntRegister), (96 bytes).
    Removing pwm.o(i.PWMFaultIntUnregister), (88 bytes).
    Removing pwm.o(i.PWMGenDisable), (10 bytes).
    Removing pwm.o(i.PWMGenFaultClear), (18 bytes).
    Removing pwm.o(i.PWMGenFaultConfigure), (18 bytes).
    Removing pwm.o(i.PWMGenFaultStatus), (18 bytes).
    Removing pwm.o(i.PWMGenFaultTriggerGet), (12 bytes).
    Removing pwm.o(i.PWMGenFaultTriggerSet), (12 bytes).
    Removing pwm.o(i.PWMGenIntClear), (6 bytes).
    Removing pwm.o(i.PWMGenIntRegister), (26 bytes).
    Removing pwm.o(i.PWMGenIntStatus), (12 bytes).
    Removing pwm.o(i.PWMGenIntTrigDisable), (10 bytes).
    Removing pwm.o(i.PWMGenIntTrigEnable), (10 bytes).
    Removing pwm.o(i.PWMGenIntUnregister), (22 bytes).
    Removing pwm.o(i.PWMGenPeriodGet), (18 bytes).
    Removing pwm.o(i.PWMIntDisable), (10 bytes).
    Removing pwm.o(i.PWMIntEnable), (8 bytes).
    Removing pwm.o(i.PWMIntStatus), (10 bytes).
    Removing pwm.o(i.PWMOutputFault), (16 bytes).
    Removing pwm.o(i.PWMOutputFaultLevel), (16 bytes).
    Removing pwm.o(i.PWMOutputInvert), (16 bytes).
    Removing pwm.o(i.PWMOutputUpdateMode), (62 bytes).
    Removing pwm.o(i.PWMPulseWidthGet), (32 bytes).
    Removing pwm.o(i.PWMSyncTimeBase), (4 bytes).
    Removing pwm.o(i.PWMSyncUpdate), (4 bytes).
    Removing pwm.o(i._PWMGenIntNumberGet), (224 bytes).
    Removing sysctl.o(i.SysCtlAltClkConfig), (12 bytes).
    Removing sysctl.o(i.SysCtlClockFreqSet), (748 bytes).
    Removing sysctl.o(i.SysCtlClockOutConfig), (20 bytes).
    Removing sysctl.o(i.SysCtlDeepSleep), (32 bytes).
    Removing sysctl.o(i.SysCtlDeepSleepClockConfigSet), (112 bytes).
    Removing sysctl.o(i.SysCtlDeepSleepClockSet), (12 bytes).
    Removing sysctl.o(i.SysCtlDeepSleepPowerSet), (12 bytes).
    Removing sysctl.o(i.SysCtlFlashSectorSizeGet), (56 bytes).
    Removing sysctl.o(i.SysCtlFlashSizeGet), (56 bytes).
    Removing sysctl.o(i.SysCtlGPIOAHBDisable), (28 bytes).
    Removing sysctl.o(i.SysCtlGPIOAHBEnable), (24 bytes).
    Removing sysctl.o(i.SysCtlIntClear), (12 bytes).
    Removing sysctl.o(i.SysCtlIntDisable), (16 bytes).
    Removing sysctl.o(i.SysCtlIntEnable), (16 bytes).
    Removing sysctl.o(i.SysCtlIntRegister), (20 bytes).
    Removing sysctl.o(i.SysCtlIntStatus), (16 bytes).
    Removing sysctl.o(i.SysCtlIntUnregister), (18 bytes).
    Removing sysctl.o(i.SysCtlLDODeepSleepGet), (12 bytes).
    Removing sysctl.o(i.SysCtlLDODeepSleepSet), (12 bytes).
    Removing sysctl.o(i.SysCtlLDOSleepGet), (12 bytes).
    Removing sysctl.o(i.SysCtlLDOSleepSet), (12 bytes).
    Removing sysctl.o(i.SysCtlMOSCConfigSet), (12 bytes).
    Removing sysctl.o(i.SysCtlNMIClear), (16 bytes).
    Removing sysctl.o(i.SysCtlNMIStatus), (12 bytes).
    Removing sysctl.o(i.SysCtlPIOSCCalibrate), (76 bytes).
    Removing sysctl.o(i.SysCtlPWMClockGet), (24 bytes).
    Removing sysctl.o(i.SysCtlPeripheralClockGating), (68 bytes).
    Removing sysctl.o(i.SysCtlPeripheralDeepSleepDisable), (40 bytes).
    Removing sysctl.o(i.SysCtlPeripheralDeepSleepEnable), (40 bytes).
    Removing sysctl.o(i.SysCtlPeripheralDisable), (40 bytes).
    Removing sysctl.o(i.SysCtlPeripheralPowerOff), (40 bytes).
    Removing sysctl.o(i.SysCtlPeripheralPowerOn), (40 bytes).
    Removing sysctl.o(i.SysCtlPeripheralPresent), (44 bytes).
    Removing sysctl.o(i.SysCtlPeripheralReady), (44 bytes).
    Removing sysctl.o(i.SysCtlPeripheralReset), (60 bytes).
    Removing sysctl.o(i.SysCtlPeripheralSleepDisable), (40 bytes).
    Removing sysctl.o(i.SysCtlPeripheralSleepEnable), (40 bytes).
    Removing sysctl.o(i.SysCtlReset), (16 bytes).
    Removing sysctl.o(i.SysCtlResetBehaviorGet), (12 bytes).
    Removing sysctl.o(i.SysCtlResetBehaviorSet), (12 bytes).
    Removing sysctl.o(i.SysCtlResetCauseClear), (16 bytes).
    Removing sysctl.o(i.SysCtlResetCauseGet), (12 bytes).
    Removing sysctl.o(i.SysCtlSRAMSizeGet), (16 bytes).
    Removing sysctl.o(i.SysCtlSleep), (4 bytes).
    Removing sysctl.o(i.SysCtlSleepPowerSet), (12 bytes).
    Removing sysctl.o(i.SysCtlUSBPLLDisable), (16 bytes).
    Removing sysctl.o(i.SysCtlUSBPLLEnable), (16 bytes).
    Removing sysctl.o(i.SysCtlVCOGet), (120 bytes).
    Removing sysctl.o(i.SysCtlVoltageEventClear), (16 bytes).
    Removing sysctl.o(i.SysCtlVoltageEventConfig), (12 bytes).
    Removing sysctl.o(i.SysCtlVoltageEventStatus), (12 bytes).
    Removing timer.o(i.TimerADCEventGet), (4 bytes).
    Removing timer.o(i.TimerADCEventSet), (4 bytes).
    Removing timer.o(i.TimerClockSourceGet), (6 bytes).
    Removing timer.o(i.TimerClockSourceSet), (6 bytes).
    Removing timer.o(i.TimerControlEvent), (18 bytes).
    Removing timer.o(i.TimerControlLevel), (22 bytes).
    Removing timer.o(i.TimerControlStall), (22 bytes).
    Removing timer.o(i.TimerControlTrigger), (80 bytes).
    Removing timer.o(i.TimerControlWaitOnTrigger), (48 bytes).
    Removing timer.o(i.TimerDMAEventGet), (4 bytes).
    Removing timer.o(i.TimerDMAEventSet), (4 bytes).
    Removing timer.o(i.TimerDisable), (16 bytes).
    Removing timer.o(i.TimerEnable), (14 bytes).
    Removing timer.o(i.TimerIntClear), (4 bytes).
    Removing timer.o(i.TimerIntDisable), (10 bytes).
    Removing timer.o(i.TimerIntRegister), (104 bytes).
    Removing timer.o(i.TimerIntStatus), (10 bytes).
    Removing timer.o(i.TimerIntUnregister), (104 bytes).
    Removing timer.o(i.TimerLoadGet), (10 bytes).
    Removing timer.o(i.TimerLoadGet64), (14 bytes).
    Removing timer.o(i.TimerLoadSet64), (6 bytes).
    Removing timer.o(i.TimerMatchGet), (10 bytes).
    Removing timer.o(i.TimerMatchGet64), (14 bytes).
    Removing timer.o(i.TimerMatchSet), (18 bytes).
    Removing timer.o(i.TimerMatchSet64), (6 bytes).
    Removing timer.o(i.TimerPrescaleGet), (10 bytes).
    Removing timer.o(i.TimerPrescaleMatchGet), (10 bytes).
    Removing timer.o(i.TimerPrescaleMatchSet), (18 bytes).
    Removing timer.o(i.TimerPrescaleSet), (18 bytes).
    Removing timer.o(i.TimerRTCDisable), (10 bytes).
    Removing timer.o(i.TimerRTCEnable), (10 bytes).
    Removing timer.o(i.TimerSynchronize), (4 bytes).
    Removing timer.o(i.TimerUpdateMode), (42 bytes).
    Removing timer.o(i.TimerValueGet), (10 bytes).
    Removing timer.o(i.TimerValueGet64), (14 bytes).
    Removing timer.o(.constdata), (160 bytes).

198 unused section(s) (total 7380 bytes) removed from the image.

==============================================================================

Image Symbol Table

    Local Symbols

    Symbol Name                              Value     Ov Type        Size  Object(Section)

    RESET                                    0x00000000   Section      620  startup_tm4c123.o(RESET)
    ../clib/angel/boardlib.s                 0x00000000   Number         0  boardinit1.o ABSOLUTE
    ../clib/angel/boardlib.s                 0x00000000   Number         0  boardinit2.o ABSOLUTE
    ../clib/angel/boardlib.s                 0x00000000   Number         0  boardshut.o ABSOLUTE
    ../clib/angel/boardlib.s                 0x00000000   Number         0  boardinit3.o ABSOLUTE
    ../clib/angel/handlers.s                 0x00000000   Number         0  __scatter_zi.o ABSOLUTE
    ../clib/angel/kernel.s                   0x00000000   Number         0  __rtentry2.o ABSOLUTE
    ../clib/angel/kernel.s                   0x00000000   Number         0  __rtentry4.o ABSOLUTE
    ../clib/angel/kernel.s                   0x00000000   Number         0  __rtentry.o ABSOLUTE
    ../clib/angel/kernel.s                   0x00000000   Number         0  rtexit2.o ABSOLUTE
    ../clib/angel/kernel.s                   0x00000000   Number         0  rtexit.o ABSOLUTE
    ../clib/angel/rt.s                       0x00000000   Number         0  rt_raise.o ABSOLUTE
    ../clib/angel/rt.s                       0x00000000   Number         0  rt_heap_descriptor_intlibspace.o ABSOLUTE
    ../clib/angel/rt.s                       0x00000000   Number         0  rt_heap_descriptor.o ABSOLUTE
    ../clib/angel/rt.s                       0x00000000   Number         0  rt_errno_addr.o ABSOLUTE
    ../clib/angel/rt.s                       0x00000000   Number         0  rt_errno_addr_intlibspace.o ABSOLUTE
    ../clib/angel/scatter.s                  0x00000000   Number         0  __scatter.o ABSOLUTE
    ../clib/angel/startup.s                  0x00000000   Number         0  __main.o ABSOLUTE
    ../clib/angel/sys.s                      0x00000000   Number         0  mutex_dummy.o ABSOLUTE
    ../clib/angel/sys.s                      0x00000000   Number         0  libspace.o ABSOLUTE
    ../clib/angel/sys.s                      0x00000000   Number         0  use_no_semi.o ABSOLUTE
    ../clib/angel/sys.s                      0x00000000   Number         0  indicate_semi.o ABSOLUTE
    ../clib/angel/sys.s                      0x00000000   Number         0  sys_stackheap_outer.o ABSOLUTE
    ../clib/angel/sysapp.c                   0x00000000   Number         0  sys_exit.o ABSOLUTE
    ../clib/angel/sysapp.c                   0x00000000   Number         0  sys_wrch.o ABSOLUTE
    ../clib/angel/sysapp.c                   0x00000000   Number         0  sys_command.o ABSOLUTE
    ../clib/angel/sysapp.c                   0x00000000   Number         0  sys_io.o ABSOLUTE
    ../clib/armsys.c                         0x00000000   Number         0  no_argv.o ABSOLUTE
    ../clib/armsys.c                         0x00000000   Number         0  _get_argv_nomalloc.o ABSOLUTE
    ../clib/armsys.c                         0x00000000   Number         0  argv_veneer.o ABSOLUTE
    ../clib/armsys.c                         0x00000000   Number         0  _get_argv.o ABSOLUTE
    ../clib/armsys.c                         0x00000000   Number         0  argv_veneer.o ABSOLUTE
    ../clib/assert.c                         0x00000000   Number         0  assert_stdio.o ABSOLUTE
    ../clib/heap1.c                          0x00000000   Number         0  h1_final_mt.o ABSOLUTE
    ../clib/heap1.c                          0x00000000   Number         0  h1_final.o ABSOLUTE
    ../clib/heap1.c                          0x00000000   Number         0  h1_alloc_mt.o ABSOLUTE
    ../clib/heap1.c                          0x00000000   Number         0  h1_init.o ABSOLUTE
    ../clib/heap1.c                          0x00000000   Number         0  h1_extend.o ABSOLUTE
    ../clib/heap1.c                          0x00000000   Number         0  h1_alloc.o ABSOLUTE
    ../clib/heap1.c                          0x00000000   Number         0  h1_init_mt.o ABSOLUTE
    ../clib/heap1.c                          0x00000000   Number         0  h1_free.o ABSOLUTE
    ../clib/heap1.c                          0x00000000   Number         0  h1_free_mt.o ABSOLUTE
    ../clib/heap1.c                          0x00000000   Number         0  h1_extend_mt.o ABSOLUTE
    ../clib/heap2.c                          0x00000000   Number         0  fdtree.o ABSOLUTE
    ../clib/heap2.c                          0x00000000   Number         0  heap2mt.o ABSOLUTE
    ../clib/heap2.c                          0x00000000   Number         0  heap2.o ABSOLUTE
    ../clib/heapalloc.c                      0x00000000   Number         0  maybetermalloc1.o ABSOLUTE
    ../clib/heapalloc.c                      0x00000000   Number         0  maybetermalloc1.o ABSOLUTE
    ../clib/heapalloc.c                      0x00000000   Number         0  hrguard.o ABSOLUTE
    ../clib/heapalloc.c                      0x00000000   Number         0  malloc.o ABSOLUTE
    ../clib/heapalloc.c                      0x00000000   Number         0  term_alloc.o ABSOLUTE
    ../clib/heapalloc.c                      0x00000000   Number         0  init_alloc.o ABSOLUTE
    ../clib/heapalloc.c                      0x00000000   Number         0  free.o ABSOLUTE
    ../clib/heapalloc.c                      0x00000000   Number         0  hguard.o ABSOLUTE
    ../clib/heapalloc.c                      0x00000000   Number         0  heapstubs.o ABSOLUTE
    ../clib/heapalloc.c                      0x00000000   Number         0  maybetermalloc2.o ABSOLUTE
    ../clib/heapalloc.c                      0x00000000   Number         0  maybetermalloc2.o ABSOLUTE
    ../clib/heapaux.c                        0x00000000   Number         0  heapauxa.o ABSOLUTE
    ../clib/heapaux.c                        0x00000000   Number         0  heapauxi.o ABSOLUTE
    ../clib/libinit.s                        0x00000000   Number         0  libshutdown2.o ABSOLUTE
    ../clib/libinit.s                        0x00000000   Number         0  libinit.o ABSOLUTE
    ../clib/libinit.s                        0x00000000   Number         0  libshutdown.o ABSOLUTE
    ../clib/libinit.s                        0x00000000   Number         0  libinit2.o ABSOLUTE
    ../clib/memcpset.s                       0x00000000   Number         0  rt_memcpy_v6.o ABSOLUTE
    ../clib/memcpset.s                       0x00000000   Number         0  rt_memclr_w.o ABSOLUTE
    ../clib/memcpset.s                       0x00000000   Number         0  rt_memcpy_w.o ABSOLUTE
    ../clib/printf.c                         0x00000000   Number         0  __printf_flags.o ABSOLUTE
    ../clib/printf.c                         0x00000000   Number         0  _printf_char_file.o ABSOLUTE
    ../clib/printf.c                         0x00000000   Number         0  _printf_char_file_locked.o ABSOLUTE
    ../clib/printf.c                         0x00000000   Number         0  __2printf.o ABSOLUTE
    ../clib/printf.c                         0x00000000   Number         0  noretval__2printf.o ABSOLUTE
    ../clib/printf.c                         0x00000000   Number         0  __printf.o ABSOLUTE
    ../clib/printf.c                         0x00000000   Number         0  _printf_dec.o ABSOLUTE
    ../clib/printf.c                         0x00000000   Number         0  __printf_ss.o ABSOLUTE
    ../clib/printf.c                         0x00000000   Number         0  __printf_flags_ss.o ABSOLUTE
    ../clib/printf.c                         0x00000000   Number         0  __printf_wp.o ABSOLUTE
    ../clib/printf.c                         0x00000000   Number         0  __printf_flags_wp.o ABSOLUTE
    ../clib/printf.c                         0x00000000   Number         0  __printf_ss_wp.o ABSOLUTE
    ../clib/printf.c                         0x00000000   Number         0  __printf_flags_ss_wp.o ABSOLUTE
    ../clib/printf.c                         0x00000000   Number         0  _printf_intcommon.o ABSOLUTE
    ../clib/printf.c                         0x00000000   Number         0  __printf_nopercent.o ABSOLUTE
    ../clib/printf.c                         0x00000000   Number         0  _printf_char_common.o ABSOLUTE
    ../clib/printf_percent.s                 0x00000000   Number         0  _printf_percent_end.o ABSOLUTE
    ../clib/printf_percent.s                 0x00000000   Number         0  _printf_percent.o ABSOLUTE
    ../clib/printf_percent.s                 0x00000000   Number         0  _printf_d.o ABSOLUTE
    ../clib/signal.c                         0x00000000   Number         0  defsig_rtmem_inner.o ABSOLUTE
    ../clib/signal.c                         0x00000000   Number         0  defsig_other.o ABSOLUTE
    ../clib/signal.c                         0x00000000   Number         0  __raise.o ABSOLUTE
    ../clib/signal.c                         0x00000000   Number         0  defsig_general.o ABSOLUTE
    ../clib/signal.c                         0x00000000   Number         0  defsig_rtred_inner.o ABSOLUTE
    ../clib/signal.c                         0x00000000   Number         0  defsig_fpe_inner.o ABSOLUTE
    ../clib/signal.c                         0x00000000   Number         0  defsig_abrt_inner.o ABSOLUTE
    ../clib/signal.c                         0x00000000   Number         0  defsig_stak_inner.o ABSOLUTE
    ../clib/signal.c                         0x00000000   Number         0  defsig_pvfn_inner.o ABSOLUTE
    ../clib/signal.c                         0x00000000   Number         0  defsig_cppl_inner.o ABSOLUTE
    ../clib/signal.c                         0x00000000   Number         0  defsig_segv_inner.o ABSOLUTE
    ../clib/signal.c                         0x00000000   Number         0  defsig_rtred_outer.o ABSOLUTE
    ../clib/signal.c                         0x00000000   Number         0  defsig_rtred_formal.o ABSOLUTE
    ../clib/signal.c                         0x00000000   Number         0  defsig_rtmem_formal.o ABSOLUTE
    ../clib/signal.c                         0x00000000   Number         0  defsig_rtmem_outer.o ABSOLUTE
    ../clib/signal.c                         0x00000000   Number         0  defsig_exit.o ABSOLUTE
    ../clib/signal.s                         0x00000000   Number         0  defsig.o ABSOLUTE
    ../clib/stdio.c                          0x00000000   Number         0  fputc_locked.o ABSOLUTE
    ../clib/stdio.c                          0x00000000   Number         0  flsbuf.o ABSOLUTE
    ../clib/stdio.c                          0x00000000   Number         0  ftell.o ABSOLUTE
    ../clib/stdio.c                          0x00000000   Number         0  setvbuf.o ABSOLUTE
    ../clib/stdio.c                          0x00000000   Number         0  streamlock.o ABSOLUTE
    ../clib/stdio.c                          0x00000000   Number         0  fopen.o ABSOLUTE
    ../clib/stdio.c                          0x00000000   Number         0  fclose.o ABSOLUTE
    ../clib/stdio.c                          0x00000000   Number         0  fputs.o ABSOLUTE
    ../clib/stdio.c                          0x00000000   Number         0  setvbuf_locked.o ABSOLUTE
    ../clib/stdio.c                          0x00000000   Number         0  fopen_locked.o ABSOLUTE
    ../clib/stdio.c                          0x00000000   Number         0  fwritefast_locked.o ABSOLUTE
    ../clib/stdio.c                          0x00000000   Number         0  fwritefast.o ABSOLUTE
    ../clib/stdio.c                          0x00000000   Number         0  fflush.o ABSOLUTE
    ../clib/stdio.c                          0x00000000   Number         0  initio.o ABSOLUTE
    ../clib/stdio.c                          0x00000000   Number         0  fputc.o ABSOLUTE
    ../clib/stdio.c                          0x00000000   Number         0  fputs_locked.o ABSOLUTE
    ../clib/stdio.c                          0x00000000   Number         0  initio_locked.o ABSOLUTE
    ../clib/stdio.c                          0x00000000   Number         0  stdio_streams.o ABSOLUTE
    ../clib/stdio.c                          0x00000000   Number         0  fflush_locked.o ABSOLUTE
    ../clib/stdio.c                          0x00000000   Number         0  ferror.o ABSOLUTE
    ../clib/stdio.c                          0x00000000   Number         0  ferror_locked.o ABSOLUTE
    ../clib/stdio.c                          0x00000000   Number         0  fseek.o ABSOLUTE
    ../clib/stdio.c                          0x00000000   Number         0  stdio.o ABSOLUTE
    ../clib/stdlib.c                         0x00000000   Number         0  exit.o ABSOLUTE
    ../clib/string.c                         0x00000000   Number         0  strlen.o ABSOLUTE
    ../clib/wchar.c                          0x00000000   Number         0  flsbuf_fwide.o ABSOLUTE
    ../fplib/daddsub.s                       0x00000000   Number         0  daddsub_clz.o ABSOLUTE
    ../fplib/ddiv.s                          0x00000000   Number         0  ddiv.o ABSOLUTE
    ../fplib/dfixu.s                         0x00000000   Number         0  dfixu.o ABSOLUTE
    ../fplib/dmul.s                          0x00000000   Number         0  dmul.o ABSOLUTE
    ../fplib/dnaninf.s                       0x00000000   Number         0  dnaninf.o ABSOLUTE
    ../fplib/dretinf.s                       0x00000000   Number         0  dretinf.o ABSOLUTE
    ../fplib/f2d.s                           0x00000000   Number         0  f2d.o ABSOLUTE
    ../fplib/fnaninf.s                       0x00000000   Number         0  fnaninf.o ABSOLUTE
    ../fplib/fpinit.s                        0x00000000   Number         0  fpinit.o ABSOLUTE
    ../fplib/usenofp.s                       0x00000000   Number         0  usenofp.o ABSOLUTE
    AjustableTabletPositionerMain.c          0x00000000   Number         0  ajustabletabletpositionermain.o ABSOLUTE
    ProfileLinkedList.c                      0x00000000   Number         0  profilelinkedlist.o ABSOLUTE
    RTE\Device\TM4C123GH6PM\startup_TM4C123.s 0x00000000   Number         0  startup_tm4c123.o ABSOLUTE
    RTE\Device\TM4C123GH6PM\system_TM4C123.c 0x00000000   Number         0  system_tm4c123.o ABSOLUTE
    RTE\\Device\\TM4C123GH6PM\\system_TM4C123.c 0x00000000   Number         0  system_tm4c123.o ABSOLUTE
    cpu.c                                    0x00000000   Number         0  cpu.o ABSOLUTE
    cpu.c                                    0x00000000   Number         0  cpu.o ABSOLUTE
    dc.s                                     0x00000000   Number         0  dc.o ABSOLUTE
    gpio.c                                   0x00000000   Number         0  gpio.o ABSOLUTE
    interrupt.c                              0x00000000   Number         0  interrupt.o ABSOLUTE
    pwm.c                                    0x00000000   Number         0  pwm.o ABSOLUTE
    sysctl.c                                 0x00000000   Number         0  sysctl.o ABSOLUTE
    sysctl.c                                 0x00000000   Number         0  sysctl.o ABSOLUTE
    timer.c                                  0x00000000   Number         0  timer.o ABSOLUTE
    !!!main                                  0x0000026c   Section        8  __main.o(!!!main)
    !!!scatter                               0x00000274   Section       52  __scatter.o(!!!scatter)
    !!handler_zi                             0x000002a8   Section       28  __scatter_zi.o(!!handler_zi)
    .ARM.Collect$$libinit$$00000000          0x000002c4   Section        2  libinit.o(.ARM.Collect$$libinit$$00000000)
    .ARM.Collect$$libinit$$00000001          0x000002c6   Section        4  libinit2.o(.ARM.Collect$$libinit$$00000001)
    .ARM.Collect$$libinit$$00000004          0x000002ca   Section        0  libinit2.o(.ARM.Collect$$libinit$$00000004)
    .ARM.Collect$$libinit$$0000000A          0x000002ca   Section        0  libinit2.o(.ARM.Collect$$libinit$$0000000A)
    .ARM.Collect$$libinit$$0000000C          0x000002ca   Section        0  libinit2.o(.ARM.Collect$$libinit$$0000000C)
    .ARM.Collect$$libinit$$0000000E          0x000002ca   Section        0  libinit2.o(.ARM.Collect$$libinit$$0000000E)
    .ARM.Collect$$libinit$$00000011          0x000002ca   Section        0  libinit2.o(.ARM.Collect$$libinit$$00000011)
    .ARM.Collect$$libinit$$00000013          0x000002ca   Section        0  libinit2.o(.ARM.Collect$$libinit$$00000013)
    .ARM.Collect$$libinit$$00000015          0x000002ca   Section        0  libinit2.o(.ARM.Collect$$libinit$$00000015)
    .ARM.Collect$$libinit$$00000017          0x000002ca   Section        0  libinit2.o(.ARM.Collect$$libinit$$00000017)
    .ARM.Collect$$libinit$$00000019          0x000002ca   Section        0  libinit2.o(.ARM.Collect$$libinit$$00000019)
    .ARM.Collect$$libinit$$0000001B          0x000002ca   Section        0  libinit2.o(.ARM.Collect$$libinit$$0000001B)
    .ARM.Collect$$libinit$$0000001D          0x000002ca   Section        0  libinit2.o(.ARM.Collect$$libinit$$0000001D)
    .ARM.Collect$$libinit$$0000001F          0x000002ca   Section        0  libinit2.o(.ARM.Collect$$libinit$$0000001F)
    .ARM.Collect$$libinit$$00000021          0x000002ca   Section        0  libinit2.o(.ARM.Collect$$libinit$$00000021)
    .ARM.Collect$$libinit$$00000023          0x000002ca   Section        0  libinit2.o(.ARM.Collect$$libinit$$00000023)
    .ARM.Collect$$libinit$$00000025          0x000002ca   Section        0  libinit2.o(.ARM.Collect$$libinit$$00000025)
    .ARM.Collect$$libinit$$0000002C          0x000002ca   Section        0  libinit2.o(.ARM.Collect$$libinit$$0000002C)
    .ARM.Collect$$libinit$$0000002E          0x000002ca   Section        0  libinit2.o(.ARM.Collect$$libinit$$0000002E)
    .ARM.Collect$$libinit$$00000030          0x000002ca   Section        0  libinit2.o(.ARM.Collect$$libinit$$00000030)
    .ARM.Collect$$libinit$$00000032          0x000002ca   Section        0  libinit2.o(.ARM.Collect$$libinit$$00000032)
    .ARM.Collect$$libinit$$00000033          0x000002ca   Section        2  libinit2.o(.ARM.Collect$$libinit$$00000033)
    .ARM.Collect$$libshutdown$$00000000      0x000002cc   Section        2  libshutdown.o(.ARM.Collect$$libshutdown$$00000000)
    .ARM.Collect$$libshutdown$$00000002      0x000002ce   Section        0  libshutdown2.o(.ARM.Collect$$libshutdown$$00000002)
    .ARM.Collect$$libshutdown$$00000004      0x000002ce   Section        0  libshutdown2.o(.ARM.Collect$$libshutdown$$00000004)
    .ARM.Collect$$libshutdown$$00000006      0x000002ce   Section        0  libshutdown2.o(.ARM.Collect$$libshutdown$$00000006)
    .ARM.Collect$$libshutdown$$00000009      0x000002ce   Section        0  libshutdown2.o(.ARM.Collect$$libshutdown$$00000009)
    .ARM.Collect$$libshutdown$$0000000C      0x000002ce   Section        0  libshutdown2.o(.ARM.Collect$$libshutdown$$0000000C)
    .ARM.Collect$$libshutdown$$0000000E      0x000002ce   Section        0  libshutdown2.o(.ARM.Collect$$libshutdown$$0000000E)
    .ARM.Collect$$libshutdown$$00000011      0x000002ce   Section        0  libshutdown2.o(.ARM.Collect$$libshutdown$$00000011)
    .ARM.Collect$$libshutdown$$00000012      0x000002ce   Section        2  libshutdown2.o(.ARM.Collect$$libshutdown$$00000012)
    .ARM.Collect$$rtentry$$00000000          0x000002d0   Section        0  __rtentry.o(.ARM.Collect$$rtentry$$00000000)
    .ARM.Collect$$rtentry$$00000002          0x000002d0   Section        0  __rtentry2.o(.ARM.Collect$$rtentry$$00000002)
    .ARM.Collect$$rtentry$$00000004          0x000002d0   Section        6  __rtentry4.o(.ARM.Collect$$rtentry$$00000004)
    .ARM.Collect$$rtentry$$00000009          0x000002d6   Section        0  __rtentry2.o(.ARM.Collect$$rtentry$$00000009)
    .ARM.Collect$$rtentry$$0000000A          0x000002d6   Section        4  __rtentry2.o(.ARM.Collect$$rtentry$$0000000A)
    .ARM.Collect$$rtentry$$0000000C          0x000002da   Section        0  __rtentry2.o(.ARM.Collect$$rtentry$$0000000C)
    .ARM.Collect$$rtentry$$0000000D          0x000002da   Section        8  __rtentry2.o(.ARM.Collect$$rtentry$$0000000D)
    .ARM.Collect$$rtexit$$00000000           0x000002e2   Section        2  rtexit.o(.ARM.Collect$$rtexit$$00000000)
    .ARM.Collect$$rtexit$$00000002           0x000002e4   Section        0  rtexit2.o(.ARM.Collect$$rtexit$$00000002)
    .ARM.Collect$$rtexit$$00000003           0x000002e4   Section        4  rtexit2.o(.ARM.Collect$$rtexit$$00000003)
    .ARM.Collect$$rtexit$$00000004           0x000002e8   Section        6  rtexit2.o(.ARM.Collect$$rtexit$$00000004)
    .emb_text                                0x000002f0   Section        6  sysctl.o(.emb_text)
    $v0                                      0x000002f0   Number         0  sysctl.o(.emb_text)
    .emb_text                                0x000002f8   Section       38  cpu.o(.emb_text)
    $v0                                      0x000002f8   Number         0  cpu.o(.emb_text)
    .text                                    0x00000320   Section      276  startup_tm4c123.o(.text)
    $v0                                      0x00000320   Number         0  startup_tm4c123.o(.text)
    .text                                    0x00000434   Section        0  heapauxi.o(.text)
    .text                                    0x0000043c   Section        8  libspace.o(.text)
    .text                                    0x00000444   Section        2  use_no_semi.o(.text)
    .text                                    0x00000446   Section       74  sys_stackheap_outer.o(.text)
    .text                                    0x00000446   Section        0  indicate_semi.o(.text)
    .text                                    0x00000490   Section        0  exit.o(.text)
    .text                                    0x000004a4   Section        0  sys_exit.o(.text)
    i.GPIODirModeSet                         0x000004b0   Section        0  gpio.o(i.GPIODirModeSet)
    i.GPIOPadConfigSet                       0x000004d8   Section        0  gpio.o(i.GPIOPadConfigSet)
    i.GPIOPinConfigure                       0x00000648   Section        0  gpio.o(i.GPIOPinConfigure)
    i.GPIOPinTypePWM                         0x0000068c   Section        0  gpio.o(i.GPIOPinTypePWM)
    i.InitPWMforServo                        0x000006a8   Section        0  ajustabletabletpositionermain.o(i.InitPWMforServo)
    i.IntEnable                              0x0000070c   Section        0  interrupt.o(i.IntEnable)
    i.IntMasterEnable                        0x00000770   Section        0  interrupt.o(i.IntMasterEnable)
    i.MCInit                                 0x00000780   Section        0  ajustabletabletpositionermain.o(i.MCInit)
    i.PWMGenConfigure                        0x000007d8   Section        0  pwm.o(i.PWMGenConfigure)
    i.PWMGenEnable                           0x000007fe   Section        0  pwm.o(i.PWMGenEnable)
    i.PWMGenPeriodSet                        0x00000808   Section        0  pwm.o(i.PWMGenPeriodSet)
    i.PWMOutputState                         0x0000081a   Section        0  pwm.o(i.PWMOutputState)
    i.PWMPulseWidthSet                       0x0000082a   Section        0  pwm.o(i.PWMPulseWidthSet)
    i.SysCtlClockGet                         0x0000084c   Section        0  sysctl.o(i.SysCtlClockGet)
    i.SysCtlClockSet                         0x000009a0   Section        0  sysctl.o(i.SysCtlClockSet)
    i.SysCtlPWMClockSet                      0x00000ac0   Section        0  sysctl.o(i.SysCtlPWMClockSet)
    i.SysCtlPeripheralEnable                 0x00000ad4   Section        0  sysctl.o(i.SysCtlPeripheralEnable)
    i.SystemInit                             0x00000afc   Section        0  system_tm4c123.o(i.SystemInit)
    i.TimerConfigure                         0x00000b94   Section        0  timer.o(i.TimerConfigure)
    i.TimerIntEnable                         0x00000bf4   Section        0  timer.o(i.TimerIntEnable)
    i.TimerLoadSet                           0x00000bfc   Section        0  timer.o(i.TimerLoadSet)
    i.main                                   0x00000c10   Section        0  ajustabletabletpositionermain.o(i.main)
    i.position_servo                         0x00000c44   Section        0  ajustabletabletpositionermain.o(i.position_servo)
    x$fpl$dadd                               0x00000cdc   Section      336  daddsub_clz.o(x$fpl$dadd)
    $v0                                      0x00000cdc   Number         0  daddsub_clz.o(x$fpl$dadd)
    _dadd1                                   0x00000ced   Thumb Code     0  daddsub_clz.o(x$fpl$dadd)
    x$fpl$ddiv                               0x00000e2c   Section      688  ddiv.o(x$fpl$ddiv)
    $v0                                      0x00000e2c   Number         0  ddiv.o(x$fpl$ddiv)
    ddiv_entry                               0x00000e33   Thumb Code     0  ddiv.o(x$fpl$ddiv)
    x$fpl$dfixu                              0x000010dc   Section       90  dfixu.o(x$fpl$dfixu)
    $v0                                      0x000010dc   Number         0  dfixu.o(x$fpl$dfixu)
    x$fpl$dmul                               0x00001138   Section      340  dmul.o(x$fpl$dmul)
    $v0                                      0x00001138   Number         0  dmul.o(x$fpl$dmul)
    x$fpl$dnaninf                            0x0000128c   Section      156  dnaninf.o(x$fpl$dnaninf)
    $v0                                      0x0000128c   Number         0  dnaninf.o(x$fpl$dnaninf)
    x$fpl$dretinf                            0x00001328   Section       12  dretinf.o(x$fpl$dretinf)
    $v0                                      0x00001328   Number         0  dretinf.o(x$fpl$dretinf)
    x$fpl$dsub                               0x00001334   Section      468  daddsub_clz.o(x$fpl$dsub)
    $v0                                      0x00001334   Number         0  daddsub_clz.o(x$fpl$dsub)
    _dsub1                                   0x00001345   Thumb Code     0  daddsub_clz.o(x$fpl$dsub)
    x$fpl$f2d                                0x00001508   Section       86  f2d.o(x$fpl$f2d)
    $v0                                      0x00001508   Number         0  f2d.o(x$fpl$f2d)
    x$fpl$fnaninf                            0x0000155e   Section      140  fnaninf.o(x$fpl$fnaninf)
    $v0                                      0x0000155e   Number         0  fnaninf.o(x$fpl$fnaninf)
    x$fpl$fpinit                             0x000015ea   Section       10  fpinit.o(x$fpl$fpinit)
    $v0                                      0x000015ea   Number         0  fpinit.o(x$fpl$fpinit)
    .constdata                               0x000015f4   Section      552  gpio.o(.constdata)
    x$fpl$usenofp                            0x000015f4   Section        0  usenofp.o(x$fpl$usenofp)
    g_ppui32GPIOIntMapBlizzard               0x000015f4   Data         192  gpio.o(.constdata)
    g_ppui32GPIOIntMapSnowflake              0x000016b4   Data         216  gpio.o(.constdata)
    g_pui32GPIOBaseAddrs                     0x0000178c   Data         144  gpio.o(.constdata)
    .constdata                               0x0000181c   Section      268  interrupt.o(.constdata)
    g_pui32Priority                          0x0000181c   Data          32  interrupt.o(.constdata)
    g_pui32Regs                              0x0000183c   Data         156  interrupt.o(.constdata)
    g_pui32EnRegs                            0x000018d8   Data          20  interrupt.o(.constdata)
    g_pui32Dii16Regs                         0x000018ec   Data          20  interrupt.o(.constdata)
    g_pui32PendRegs                          0x00001900   Data          20  interrupt.o(.constdata)
    g_pui32UnpendRegs                        0x00001914   Data          20  interrupt.o(.constdata)
    .constdata                               0x00001928   Section      596  sysctl.o(.constdata)
    g_pui32VCOFrequencies                    0x00001928   Data           8  sysctl.o(.constdata)
    g_pui32Xtals                             0x00001930   Data         108  sysctl.o(.constdata)
    g_pppui32XTALtoVCO                       0x0000199c   Data         432  sysctl.o(.constdata)
    g_sXTALtoMEMTIM                          0x00001b4c   Data          48  sysctl.o(.constdata)
    .bss                                     0x20000000   Section       96  libspace.o(.bss)
    HEAP                                     0x20000060   Section        0  startup_tm4c123.o(HEAP)
    STACK                                    0x20000060   Section      512  startup_tm4c123.o(STACK)
    Heap_Mem                                 0x20000060   Data           0  startup_tm4c123.o(HEAP)
    Stack_Mem                                0x20000060   Data         512  startup_tm4c123.o(STACK)
    __initial_sp                             0x20000260   Data           0  startup_tm4c123.o(STACK)

    Global Symbols

    Symbol Name                              Value     Ov Type        Size  Object(Section)

    BuildAttributes$$THM_ISAv4$E$P$D$K$B$S$7EM$VFPi3$EXTD16$VFPS$VFMA$PE$A:L22UL41UL21$X:L11$S22US41US21$IEEE1$IW$USESV6$~STKCKD$USESV7$~SHL$OTIME$ROPI$EBA8$UX$STANDARDLIB$REQ8$PRES8$EABIv2 0x00000000   Number         0  anon$$obj.o ABSOLUTE
    __ARM_use_no_argv                        0x00000000   Number         0  ajustabletabletpositionermain.o ABSOLUTE
    __Vectors                                0x00000000   Data           4  startup_tm4c123.o(RESET)
    __ARM_exceptions_init                     - Undefined Weak Reference
    __alloca_initialize                       - Undefined Weak Reference
    __arm_fini_                               - Undefined Weak Reference
    __arm_preinit_                            - Undefined Weak Reference
    __cpp_initialize__aeabi_                  - Undefined Weak Reference
    __cxa_finalize                            - Undefined Weak Reference
    __rt_locale                               - Undefined Weak Reference
    __sigvec_lookup                           - Undefined Weak Reference
    __user_heap_extent                        - Undefined Weak Reference
    _atexit_init                              - Undefined Weak Reference
    _call_atexit_fns                          - Undefined Weak Reference
    _clock_init                               - Undefined Weak Reference
    _fp_trap_init                             - Undefined Weak Reference
    _fp_trap_shutdown                         - Undefined Weak Reference
    _get_lc_collate                           - Undefined Weak Reference
    _get_lc_ctype                             - Undefined Weak Reference
    _get_lc_monetary                          - Undefined Weak Reference
    _get_lc_numeric                           - Undefined Weak Reference
    _get_lc_time                              - Undefined Weak Reference
    _getenv_init                              - Undefined Weak Reference
    _handle_redirection                       - Undefined Weak Reference
    _mutex_acquire                            - Undefined Weak Reference
    _mutex_free                               - Undefined Weak Reference
    _mutex_release                            - Undefined Weak Reference
    _printf_post_padding                      - Undefined Weak Reference
    _printf_pre_padding                       - Undefined Weak Reference
    _printf_truncate_signed                   - Undefined Weak Reference
    _printf_truncate_unsigned                 - Undefined Weak Reference
    _rand_init                                - Undefined Weak Reference
    _signal_finish                            - Undefined Weak Reference
    _signal_init                              - Undefined Weak Reference
    __Vectors_End                            0x0000026c   Data           0  startup_tm4c123.o(RESET)
    __Vectors_Size                           0x0000026c   Number         0  startup_tm4c123.o ABSOLUTE
    __main                                   0x0000026d   Thumb Code     8  __main.o(!!!main)
    __scatterload                            0x00000275   Thumb Code     0  __scatter.o(!!!scatter)
    __scatterload_rt2                        0x00000275   Thumb Code    44  __scatter.o(!!!scatter)
    __scatterload_rt2_thumb_only             0x00000275   Thumb Code     0  __scatter.o(!!!scatter)
    __scatterload_null                       0x00000283   Thumb Code     0  __scatter.o(!!!scatter)
    __scatterload_zeroinit                   0x000002a9   Thumb Code    28  __scatter_zi.o(!!handler_zi)
    __rt_lib_init                            0x000002c5   Thumb Code     0  libinit.o(.ARM.Collect$$libinit$$00000000)
    __rt_lib_init_fp_1                       0x000002c7   Thumb Code     0  libinit2.o(.ARM.Collect$$libinit$$00000001)
    __rt_lib_init_alloca_1                   0x000002cb   Thumb Code     0  libinit2.o(.ARM.Collect$$libinit$$0000002E)
    __rt_lib_init_argv_1                     0x000002cb   Thumb Code     0  libinit2.o(.ARM.Collect$$libinit$$0000002C)
    __rt_lib_init_atexit_1                   0x000002cb   Thumb Code     0  libinit2.o(.ARM.Collect$$libinit$$0000001B)
    __rt_lib_init_clock_1                    0x000002cb   Thumb Code     0  libinit2.o(.ARM.Collect$$libinit$$00000021)
    __rt_lib_init_cpp_1                      0x000002cb   Thumb Code     0  libinit2.o(.ARM.Collect$$libinit$$00000032)
    __rt_lib_init_exceptions_1               0x000002cb   Thumb Code     0  libinit2.o(.ARM.Collect$$libinit$$00000030)
    __rt_lib_init_fp_trap_1                  0x000002cb   Thumb Code     0  libinit2.o(.ARM.Collect$$libinit$$0000001F)
    __rt_lib_init_getenv_1                   0x000002cb   Thumb Code     0  libinit2.o(.ARM.Collect$$libinit$$00000023)
    __rt_lib_init_heap_1                     0x000002cb   Thumb Code     0  libinit2.o(.ARM.Collect$$libinit$$0000000A)
    __rt_lib_init_lc_collate_1               0x000002cb   Thumb Code     0  libinit2.o(.ARM.Collect$$libinit$$00000011)
    __rt_lib_init_lc_ctype_1                 0x000002cb   Thumb Code     0  libinit2.o(.ARM.Collect$$libinit$$00000013)
    __rt_lib_init_lc_monetary_1              0x000002cb   Thumb Code     0  libinit2.o(.ARM.Collect$$libinit$$00000015)
    __rt_lib_init_lc_numeric_1               0x000002cb   Thumb Code     0  libinit2.o(.ARM.Collect$$libinit$$00000017)
    __rt_lib_init_lc_time_1                  0x000002cb   Thumb Code     0  libinit2.o(.ARM.Collect$$libinit$$00000019)
    __rt_lib_init_preinit_1                  0x000002cb   Thumb Code     0  libinit2.o(.ARM.Collect$$libinit$$00000004)
    __rt_lib_init_rand_1                     0x000002cb   Thumb Code     0  libinit2.o(.ARM.Collect$$libinit$$0000000E)
    __rt_lib_init_return                     0x000002cb   Thumb Code     0  libinit2.o(.ARM.Collect$$libinit$$00000033)
    __rt_lib_init_signal_1                   0x000002cb   Thumb Code     0  libinit2.o(.ARM.Collect$$libinit$$0000001D)
    __rt_lib_init_stdio_1                    0x000002cb   Thumb Code     0  libinit2.o(.ARM.Collect$$libinit$$00000025)
    __rt_lib_init_user_alloc_1               0x000002cb   Thumb Code     0  libinit2.o(.ARM.Collect$$libinit$$0000000C)
    __rt_lib_shutdown                        0x000002cd   Thumb Code     0  libshutdown.o(.ARM.Collect$$libshutdown$$00000000)
    __rt_lib_shutdown_cpp_1                  0x000002cf   Thumb Code     0  libshutdown2.o(.ARM.Collect$$libshutdown$$00000004)
    __rt_lib_shutdown_fini_1                 0x000002cf   Thumb Code     0  libshutdown2.o(.ARM.Collect$$libshutdown$$00000002)
    __rt_lib_shutdown_fp_trap_1              0x000002cf   Thumb Code     0  libshutdown2.o(.ARM.Collect$$libshutdown$$00000009)
    __rt_lib_shutdown_heap_1                 0x000002cf   Thumb Code     0  libshutdown2.o(.ARM.Collect$$libshutdown$$00000011)
    __rt_lib_shutdown_return                 0x000002cf   Thumb Code     0  libshutdown2.o(.ARM.Collect$$libshutdown$$00000012)
    __rt_lib_shutdown_signal_1               0x000002cf   Thumb Code     0  libshutdown2.o(.ARM.Collect$$libshutdown$$0000000C)
    __rt_lib_shutdown_stdio_1                0x000002cf   Thumb Code     0  libshutdown2.o(.ARM.Collect$$libshutdown$$00000006)
    __rt_lib_shutdown_user_alloc_1           0x000002cf   Thumb Code     0  libshutdown2.o(.ARM.Collect$$libshutdown$$0000000E)
    __rt_entry                               0x000002d1   Thumb Code     0  __rtentry.o(.ARM.Collect$$rtentry$$00000000)
    __rt_entry_presh_1                       0x000002d1   Thumb Code     0  __rtentry2.o(.ARM.Collect$$rtentry$$00000002)
    __rt_entry_sh                            0x000002d1   Thumb Code     0  __rtentry4.o(.ARM.Collect$$rtentry$$00000004)
    __rt_entry_li                            0x000002d7   Thumb Code     0  __rtentry2.o(.ARM.Collect$$rtentry$$0000000A)
    __rt_entry_postsh_1                      0x000002d7   Thumb Code     0  __rtentry2.o(.ARM.Collect$$rtentry$$00000009)
    __rt_entry_main                          0x000002db   Thumb Code     0  __rtentry2.o(.ARM.Collect$$rtentry$$0000000D)
    __rt_entry_postli_1                      0x000002db   Thumb Code     0  __rtentry2.o(.ARM.Collect$$rtentry$$0000000C)
    __rt_exit                                0x000002e3   Thumb Code     0  rtexit.o(.ARM.Collect$$rtexit$$00000000)
    __rt_exit_ls                             0x000002e5   Thumb Code     0  rtexit2.o(.ARM.Collect$$rtexit$$00000003)
    __rt_exit_prels_1                        0x000002e5   Thumb Code     0  rtexit2.o(.ARM.Collect$$rtexit$$00000002)
    __rt_exit_exit                           0x000002e9   Thumb Code     0  rtexit2.o(.ARM.Collect$$rtexit$$00000004)
    SysCtlDelay                              0x000002f1   Thumb Code     6  sysctl.o(.emb_text)
    CPUcpsid                                 0x000002f9   Thumb Code     8  cpu.o(.emb_text)
    CPUprimask                               0x00000301   Thumb Code     6  cpu.o(.emb_text)
    CPUcpsie                                 0x00000307   Thumb Code     8  cpu.o(.emb_text)
    CPUwfi                                   0x0000030f   Thumb Code     4  cpu.o(.emb_text)
    CPUbasepriSet                            0x00000313   Thumb Code     6  cpu.o(.emb_text)
    CPUbasepriGet                            0x00000319   Thumb Code     6  cpu.o(.emb_text)
    Reset_Handler                            0x00000321   Thumb Code     8  startup_tm4c123.o(.text)
    NMI_Handler                              0x00000329   Thumb Code     2  startup_tm4c123.o(.text)
    HardFault_Handler                        0x0000032b   Thumb Code     2  startup_tm4c123.o(.text)
    MemManage_Handler                        0x0000032d   Thumb Code     2  startup_tm4c123.o(.text)
    BusFault_Handler                         0x0000032f   Thumb Code     2  startup_tm4c123.o(.text)
    UsageFault_Handler                       0x00000331   Thumb Code     2  startup_tm4c123.o(.text)
    SVC_Handler                              0x00000333   Thumb Code     2  startup_tm4c123.o(.text)
    DebugMon_Handler                         0x00000335   Thumb Code     2  startup_tm4c123.o(.text)
    PendSV_Handler                           0x00000337   Thumb Code     2  startup_tm4c123.o(.text)
    SysTick_Handler                          0x00000339   Thumb Code     2  startup_tm4c123.o(.text)
    GPIOA_Handler                            0x0000033b   Thumb Code     2  startup_tm4c123.o(.text)
    GPIOB_Handler                            0x0000033d   Thumb Code     2  startup_tm4c123.o(.text)
    GPIOC_Handler                            0x0000033f   Thumb Code     2  startup_tm4c123.o(.text)
    GPIOD_Handler                            0x00000341   Thumb Code     2  startup_tm4c123.o(.text)
    GPIOE_Handler                            0x00000343   Thumb Code     2  startup_tm4c123.o(.text)
    UART0_Handler                            0x00000345   Thumb Code     2  startup_tm4c123.o(.text)
    UART1_Handler                            0x00000347   Thumb Code     2  startup_tm4c123.o(.text)
    SSI0_Handler                             0x00000349   Thumb Code     2  startup_tm4c123.o(.text)
    I2C0_Handler                             0x0000034b   Thumb Code     2  startup_tm4c123.o(.text)
    PMW0_FAULT_Handler                       0x0000034d   Thumb Code     2  startup_tm4c123.o(.text)
    PWM0_0_Handler                           0x0000034f   Thumb Code     2  startup_tm4c123.o(.text)
    PWM0_1_Handler                           0x00000351   Thumb Code     2  startup_tm4c123.o(.text)
    PWM0_2_Handler                           0x00000353   Thumb Code     2  startup_tm4c123.o(.text)
    QEI0_Handler                             0x00000355   Thumb Code     2  startup_tm4c123.o(.text)
    ADC0SS0_Handler                          0x00000357   Thumb Code     2  startup_tm4c123.o(.text)
    ADC0SS1_Handler                          0x00000359   Thumb Code     2  startup_tm4c123.o(.text)
    ADC0SS2_Handler                          0x0000035b   Thumb Code     2  startup_tm4c123.o(.text)
    ADC0SS3_Handler                          0x0000035d   Thumb Code     2  startup_tm4c123.o(.text)
    WDT0_Handler                             0x0000035f   Thumb Code     2  startup_tm4c123.o(.text)
    TIMER0A_Handler                          0x00000361   Thumb Code     2  startup_tm4c123.o(.text)
    TIMER0B_Handler                          0x00000363   Thumb Code     2  startup_tm4c123.o(.text)
    TIMER1A_Handler                          0x00000365   Thumb Code     2  startup_tm4c123.o(.text)
    TIMER1B_Handler                          0x00000367   Thumb Code     2  startup_tm4c123.o(.text)
    TIMER2A_Handler                          0x00000369   Thumb Code     2  startup_tm4c123.o(.text)
    TIMER2B_Handler                          0x0000036b   Thumb Code     2  startup_tm4c123.o(.text)
    COMP0_Handler                            0x0000036d   Thumb Code     2  startup_tm4c123.o(.text)
    COMP1_Handler                            0x0000036f   Thumb Code     2  startup_tm4c123.o(.text)
    COMP2_Handler                            0x00000371   Thumb Code     2  startup_tm4c123.o(.text)
    SYSCTL_Handler                           0x00000373   Thumb Code     2  startup_tm4c123.o(.text)
    FLASH_Handler                            0x00000375   Thumb Code     2  startup_tm4c123.o(.text)
    GPIOF_Handler                            0x00000377   Thumb Code     2  startup_tm4c123.o(.text)
    GPIOG_Handler                            0x00000379   Thumb Code     2  startup_tm4c123.o(.text)
    GPIOH_Handler                            0x0000037b   Thumb Code     2  startup_tm4c123.o(.text)
    UART2_Handler                            0x0000037d   Thumb Code     2  startup_tm4c123.o(.text)
    SSI1_Handler                             0x0000037f   Thumb Code     2  startup_tm4c123.o(.text)
    TIMER3A_Handler                          0x00000381   Thumb Code     2  startup_tm4c123.o(.text)
    TIMER3B_Handler                          0x00000383   Thumb Code     2  startup_tm4c123.o(.text)
    I2C1_Handler                             0x00000385   Thumb Code     2  startup_tm4c123.o(.text)
    QEI1_Handler                             0x00000387   Thumb Code     2  startup_tm4c123.o(.text)
    CAN0_Handler                             0x00000389   Thumb Code     2  startup_tm4c123.o(.text)
    CAN1_Handler                             0x0000038b   Thumb Code     2  startup_tm4c123.o(.text)
    CAN2_Handler                             0x0000038d   Thumb Code     2  startup_tm4c123.o(.text)
    HIB_Handler                              0x0000038f   Thumb Code     2  startup_tm4c123.o(.text)
    USB0_Handler                             0x00000391   Thumb Code     2  startup_tm4c123.o(.text)
    PWM0_3_Handler                           0x00000393   Thumb Code     2  startup_tm4c123.o(.text)
    UDMA_Handler                             0x00000395   Thumb Code     2  startup_tm4c123.o(.text)
    UDMAERR_Handler                          0x00000397   Thumb Code     2  startup_tm4c123.o(.text)
    ADC1SS0_Handler                          0x00000399   Thumb Code     2  startup_tm4c123.o(.text)
    ADC1SS1_Handler                          0x0000039b   Thumb Code     2  startup_tm4c123.o(.text)
    ADC1SS2_Handler                          0x0000039d   Thumb Code     2  startup_tm4c123.o(.text)
    ADC1SS3_Handler                          0x0000039f   Thumb Code     2  startup_tm4c123.o(.text)
    GPIOJ_Handler                            0x000003a1   Thumb Code     2  startup_tm4c123.o(.text)
    GPIOK_Handler                            0x000003a3   Thumb Code     2  startup_tm4c123.o(.text)
    GPIOL_Handler                            0x000003a5   Thumb Code     2  startup_tm4c123.o(.text)
    SSI2_Handler                             0x000003a7   Thumb Code     2  startup_tm4c123.o(.text)
    SSI3_Handler                             0x000003a9   Thumb Code     2  startup_tm4c123.o(.text)
    UART3_Handler                            0x000003ab   Thumb Code     2  startup_tm4c123.o(.text)
    UART4_Handler                            0x000003ad   Thumb Code     2  startup_tm4c123.o(.text)
    UART5_Handler                            0x000003af   Thumb Code     2  startup_tm4c123.o(.text)
    UART6_Handler                            0x000003b1   Thumb Code     2  startup_tm4c123.o(.text)
    UART7_Handler                            0x000003b3   Thumb Code     2  startup_tm4c123.o(.text)
    I2C2_Handler                             0x000003b5   Thumb Code     2  startup_tm4c123.o(.text)
    I2C3_Handler                             0x000003b7   Thumb Code     2  startup_tm4c123.o(.text)
    TIMER4A_Handler                          0x000003b9   Thumb Code     2  startup_tm4c123.o(.text)
    TIMER4B_Handler                          0x000003bb   Thumb Code     2  startup_tm4c123.o(.text)
    TIMER5A_Handler                          0x000003bd   Thumb Code     2  startup_tm4c123.o(.text)
    TIMER5B_Handler                          0x000003bf   Thumb Code     2  startup_tm4c123.o(.text)
    WTIMER0A_Handler                         0x000003c1   Thumb Code     2  startup_tm4c123.o(.text)
    WTIMER0B_Handler                         0x000003c3   Thumb Code     2  startup_tm4c123.o(.text)
    WTIMER1A_Handler                         0x000003c5   Thumb Code     2  startup_tm4c123.o(.text)
    WTIMER1B_Handler                         0x000003c7   Thumb Code     2  startup_tm4c123.o(.text)
    WTIMER2A_Handler                         0x000003c9   Thumb Code     2  startup_tm4c123.o(.text)
    WTIMER2B_Handler                         0x000003cb   Thumb Code     2  startup_tm4c123.o(.text)
    WTIMER3A_Handler                         0x000003cd   Thumb Code     2  startup_tm4c123.o(.text)
    WTIMER3B_Handler                         0x000003cf   Thumb Code     2  startup_tm4c123.o(.text)
    WTIMER4A_Handler                         0x000003d1   Thumb Code     2  startup_tm4c123.o(.text)
    WTIMER4B_Handler                         0x000003d3   Thumb Code     2  startup_tm4c123.o(.text)
    WTIMER5A_Handler                         0x000003d5   Thumb Code     2  startup_tm4c123.o(.text)
    WTIMER5B_Handler                         0x000003d7   Thumb Code     2  startup_tm4c123.o(.text)
    FPU_Handler                              0x000003d9   Thumb Code     2  startup_tm4c123.o(.text)
    I2C4_Handler                             0x000003db   Thumb Code     2  startup_tm4c123.o(.text)
    I2C5_Handler                             0x000003dd   Thumb Code     2  startup_tm4c123.o(.text)
    GPIOM_Handler                            0x000003df   Thumb Code     2  startup_tm4c123.o(.text)
    GPION_Handler                            0x000003e1   Thumb Code     2  startup_tm4c123.o(.text)
    QEI2_Handler                             0x000003e3   Thumb Code     2  startup_tm4c123.o(.text)
    GPIOP0_Handler                           0x000003e5   Thumb Code     2  startup_tm4c123.o(.text)
    GPIOP1_Handler                           0x000003e7   Thumb Code     2  startup_tm4c123.o(.text)
    GPIOP2_Handler                           0x000003e9   Thumb Code     2  startup_tm4c123.o(.text)
    GPIOP3_Handler                           0x000003eb   Thumb Code     2  startup_tm4c123.o(.text)
    GPIOP4_Handler                           0x000003ed   Thumb Code     2  startup_tm4c123.o(.text)
    GPIOP5_Handler                           0x000003ef   Thumb Code     2  startup_tm4c123.o(.text)
    GPIOP6_Handler                           0x000003f1   Thumb Code     2  startup_tm4c123.o(.text)
    GPIOP7_Handler                           0x000003f3   Thumb Code     2  startup_tm4c123.o(.text)
    GPIOQ0_Handler                           0x000003f5   Thumb Code     2  startup_tm4c123.o(.text)
    GPIOQ1_Handler                           0x000003f7   Thumb Code     2  startup_tm4c123.o(.text)
    GPIOQ2_Handler                           0x000003f9   Thumb Code     2  startup_tm4c123.o(.text)
    GPIOQ3_Handler                           0x000003fb   Thumb Code     2  startup_tm4c123.o(.text)
    GPIOQ4_Handler                           0x000003fd   Thumb Code     2  startup_tm4c123.o(.text)
    GPIOQ5_Handler                           0x000003ff   Thumb Code     2  startup_tm4c123.o(.text)
    GPIOQ6_Handler                           0x00000401   Thumb Code     2  startup_tm4c123.o(.text)
    GPIOQ7_Handler                           0x00000403   Thumb Code     2  startup_tm4c123.o(.text)
    GPIOR_Handler                            0x00000405   Thumb Code     2  startup_tm4c123.o(.text)
    GPIOS_Handler                            0x00000407   Thumb Code     2  startup_tm4c123.o(.text)
    PMW1_0_Handler                           0x00000409   Thumb Code     2  startup_tm4c123.o(.text)
    PWM1_1_Handler                           0x0000040b   Thumb Code     2  startup_tm4c123.o(.text)
    PWM1_2_Handler                           0x0000040d   Thumb Code     2  startup_tm4c123.o(.text)
    PWM1_3_Handler                           0x0000040f   Thumb Code     2  startup_tm4c123.o(.text)
    PWM1_FAULT_Handler                       0x00000411   Thumb Code     2  startup_tm4c123.o(.text)
    __user_initial_stackheap                 0x00000415   Thumb Code     0  startup_tm4c123.o(.text)
    __use_two_region_memory                  0x00000435   Thumb Code     2  heapauxi.o(.text)
    __rt_heap_escrow                         0x00000437   Thumb Code     2  heapauxi.o(.text)
    __rt_heap_expand                         0x00000439   Thumb Code     2  heapauxi.o(.text)
    __user_libspace                          0x0000043d   Thumb Code     8  libspace.o(.text)
    __user_perproc_libspace                  0x0000043d   Thumb Code     0  libspace.o(.text)
    __user_perthread_libspace                0x0000043d   Thumb Code     0  libspace.o(.text)
    __I$use$semihosting                      0x00000445   Thumb Code     0  use_no_semi.o(.text)
    __use_no_semihosting_swi                 0x00000445   Thumb Code     2  use_no_semi.o(.text)
    __semihosting_library_function           0x00000447   Thumb Code     0  indicate_semi.o(.text)
    __user_setup_stackheap                   0x00000447   Thumb Code    74  sys_stackheap_outer.o(.text)
    exit                                     0x00000491   Thumb Code    18  exit.o(.text)
    _sys_exit                                0x000004a5   Thumb Code     8  sys_exit.o(.text)
    GPIODirModeSet                           0x000004b1   Thumb Code    40  gpio.o(i.GPIODirModeSet)
    GPIOPadConfigSet                         0x000004d9   Thumb Code   354  gpio.o(i.GPIOPadConfigSet)
    GPIOPinConfigure                         0x00000649   Thumb Code    60  gpio.o(i.GPIOPinConfigure)
    GPIOPinTypePWM                           0x0000068d   Thumb Code    28  gpio.o(i.GPIOPinTypePWM)
    InitPWMforServo                          0x000006a9   Thumb Code    82  ajustabletabletpositionermain.o(i.InitPWMforServo)
    IntEnable                                0x0000070d   Thumb Code    92  interrupt.o(i.IntEnable)
    IntMasterEnable                          0x00000771   Thumb Code    14  interrupt.o(i.IntMasterEnable)
    MCInit                                   0x00000781   Thumb Code    70  ajustabletabletpositionermain.o(i.MCInit)
    PWMGenConfigure                          0x000007d9   Thumb Code    38  pwm.o(i.PWMGenConfigure)
    PWMGenEnable                             0x000007ff   Thumb Code    10  pwm.o(i.PWMGenEnable)
    PWMGenPeriodSet                          0x00000809   Thumb Code    18  pwm.o(i.PWMGenPeriodSet)
    PWMOutputState                           0x0000081b   Thumb Code    16  pwm.o(i.PWMOutputState)
    PWMPulseWidthSet                         0x0000082b   Thumb Code    32  pwm.o(i.PWMPulseWidthSet)
    SysCtlClockGet                           0x0000084d   Thumb Code   304  sysctl.o(i.SysCtlClockGet)
    SysCtlClockSet                           0x000009a1   Thumb Code   270  sysctl.o(i.SysCtlClockSet)
    SysCtlPWMClockSet                        0x00000ac1   Thumb Code    14  sysctl.o(i.SysCtlPWMClockSet)
    SysCtlPeripheralEnable                   0x00000ad5   Thumb Code    36  sysctl.o(i.SysCtlPeripheralEnable)
    SystemInit                               0x00000afd   Thumb Code   112  system_tm4c123.o(i.SystemInit)
    TimerConfigure                           0x00000b95   Thumb Code    88  timer.o(i.TimerConfigure)
    TimerIntEnable                           0x00000bf5   Thumb Code     8  timer.o(i.TimerIntEnable)
    TimerLoadSet                             0x00000bfd   Thumb Code    18  timer.o(i.TimerLoadSet)
    main                                     0x00000c11   Thumb Code    46  ajustabletabletpositionermain.o(i.main)
    position_servo                           0x00000c45   Thumb Code   124  ajustabletabletpositionermain.o(i.position_servo)
    __aeabi_dadd                             0x00000cdd   Thumb Code     0  daddsub_clz.o(x$fpl$dadd)
    _dadd                                    0x00000cdd   Thumb Code   332  daddsub_clz.o(x$fpl$dadd)
    __aeabi_ddiv                             0x00000e2d   Thumb Code     0  ddiv.o(x$fpl$ddiv)
    _ddiv                                    0x00000e2d   Thumb Code   552  ddiv.o(x$fpl$ddiv)
    __aeabi_d2uiz                            0x000010dd   Thumb Code     0  dfixu.o(x$fpl$dfixu)
    _dfixu                                   0x000010dd   Thumb Code    90  dfixu.o(x$fpl$dfixu)
    __aeabi_dmul                             0x00001139   Thumb Code     0  dmul.o(x$fpl$dmul)
    _dmul                                    0x00001139   Thumb Code   332  dmul.o(x$fpl$dmul)
    __fpl_dnaninf                            0x0000128d   Thumb Code   156  dnaninf.o(x$fpl$dnaninf)
    __fpl_dretinf                            0x00001329   Thumb Code    12  dretinf.o(x$fpl$dretinf)
    __aeabi_dsub                             0x00001335   Thumb Code     0  daddsub_clz.o(x$fpl$dsub)
    _dsub                                    0x00001335   Thumb Code   464  daddsub_clz.o(x$fpl$dsub)
    __aeabi_f2d                              0x00001509   Thumb Code     0  f2d.o(x$fpl$f2d)
    _f2d                                     0x00001509   Thumb Code    86  f2d.o(x$fpl$f2d)
    __fpl_fnaninf                            0x0000155f   Thumb Code   140  fnaninf.o(x$fpl$fnaninf)
    _fp_init                                 0x000015eb   Thumb Code    10  fpinit.o(x$fpl$fpinit)
    __fplib_config_fpu_vfp                   0x000015f3   Thumb Code     0  fpinit.o(x$fpl$fpinit)
    __fplib_config_pureend_doubles           0x000015f3   Thumb Code     0  fpinit.o(x$fpl$fpinit)
    __I$use$fp                               0x000015f4   Number         0  usenofp.o(x$fpl$usenofp)
    Region$$Table$$Base                      0x00001b7c   Number         0  anon$$obj.o(Region$$Table)
    Region$$Table$$Limit                     0x00001b8c   Number         0  anon$$obj.o(Region$$Table)
    __libspace_start                         0x20000000   Data          96  libspace.o(.bss)
    __temporary_stack_top$libspace           0x20000060   Data           0  libspace.o(.bss)



==============================================================================

Memory Map of the image

  Image Entry point : 0x00000321

  Load Region LR_1 (Base: 0x00000000, Size: 0x00001b8c, Max: 0xffffffff, ABSOLUTE)

    Execution Region ER_RO (Exec base: 0x00000000, Load base: 0x00000000, Size: 0x00001b8c, Max: 0xffffffff, ABSOLUTE)

    Exec Addr    Load Addr    Size         Type   Attr      Idx    E Section Name        Object

    0x00000000   0x00000000   0x0000026c   Data   RO          156    RESET               startup_tm4c123.o
    0x0000026c   0x0000026c   0x00000008   Code   RO         1597  * !!!main             c_w.l(__main.o)
    0x00000274   0x00000274   0x00000034   Code   RO         1917    !!!scatter          c_w.l(__scatter.o)
    0x000002a8   0x000002a8   0x0000001c   Code   RO         1919    !!handler_zi        c_w.l(__scatter_zi.o)
    0x000002c4   0x000002c4   0x00000002   Code   RO         1821    .ARM.Collect$$libinit$$00000000  c_w.l(libinit.o)
    0x000002c6   0x000002c6   0x00000004   Code   RO         1664    .ARM.Collect$$libinit$$00000001  c_w.l(libinit2.o)
    0x000002ca   0x000002ca   0x00000000   Code   RO         1667    .ARM.Collect$$libinit$$00000004  c_w.l(libinit2.o)
    0x000002ca   0x000002ca   0x00000000   Code   RO         1670    .ARM.Collect$$libinit$$0000000A  c_w.l(libinit2.o)
    0x000002ca   0x000002ca   0x00000000   Code   RO         1672    .ARM.Collect$$libinit$$0000000C  c_w.l(libinit2.o)
    0x000002ca   0x000002ca   0x00000000   Code   RO         1674    .ARM.Collect$$libinit$$0000000E  c_w.l(libinit2.o)
    0x000002ca   0x000002ca   0x00000000   Code   RO         1677    .ARM.Collect$$libinit$$00000011  c_w.l(libinit2.o)
    0x000002ca   0x000002ca   0x00000000   Code   RO         1679    .ARM.Collect$$libinit$$00000013  c_w.l(libinit2.o)
    0x000002ca   0x000002ca   0x00000000   Code   RO         1681    .ARM.Collect$$libinit$$00000015  c_w.l(libinit2.o)
    0x000002ca   0x000002ca   0x00000000   Code   RO         1683    .ARM.Collect$$libinit$$00000017  c_w.l(libinit2.o)
    0x000002ca   0x000002ca   0x00000000   Code   RO         1685    .ARM.Collect$$libinit$$00000019  c_w.l(libinit2.o)
    0x000002ca   0x000002ca   0x00000000   Code   RO         1687    .ARM.Collect$$libinit$$0000001B  c_w.l(libinit2.o)
    0x000002ca   0x000002ca   0x00000000   Code   RO         1689    .ARM.Collect$$libinit$$0000001D  c_w.l(libinit2.o)
    0x000002ca   0x000002ca   0x00000000   Code   RO         1691    .ARM.Collect$$libinit$$0000001F  c_w.l(libinit2.o)
    0x000002ca   0x000002ca   0x00000000   Code   RO         1693    .ARM.Collect$$libinit$$00000021  c_w.l(libinit2.o)
    0x000002ca   0x000002ca   0x00000000   Code   RO         1695    .ARM.Collect$$libinit$$00000023  c_w.l(libinit2.o)
    0x000002ca   0x000002ca   0x00000000   Code   RO         1697    .ARM.Collect$$libinit$$00000025  c_w.l(libinit2.o)
    0x000002ca   0x000002ca   0x00000000   Code   RO         1701    .ARM.Collect$$libinit$$0000002C  c_w.l(libinit2.o)
    0x000002ca   0x000002ca   0x00000000   Code   RO         1703    .ARM.Collect$$libinit$$0000002E  c_w.l(libinit2.o)
    0x000002ca   0x000002ca   0x00000000   Code   RO         1705    .ARM.Collect$$libinit$$00000030  c_w.l(libinit2.o)
    0x000002ca   0x000002ca   0x00000000   Code   RO         1707    .ARM.Collect$$libinit$$00000032  c_w.l(libinit2.o)
    0x000002ca   0x000002ca   0x00000002   Code   RO         1708    .ARM.Collect$$libinit$$00000033  c_w.l(libinit2.o)
    0x000002cc   0x000002cc   0x00000002   Code   RO         1914    .ARM.Collect$$libshutdown$$00000000  c_w.l(libshutdown.o)
    0x000002ce   0x000002ce   0x00000000   Code   RO         1823    .ARM.Collect$$libshutdown$$00000002  c_w.l(libshutdown2.o)
    0x000002ce   0x000002ce   0x00000000   Code   RO         1825    .ARM.Collect$$libshutdown$$00000004  c_w.l(libshutdown2.o)
    0x000002ce   0x000002ce   0x00000000   Code   RO         1827    .ARM.Collect$$libshutdown$$00000006  c_w.l(libshutdown2.o)
    0x000002ce   0x000002ce   0x00000000   Code   RO         1830    .ARM.Collect$$libshutdown$$00000009  c_w.l(libshutdown2.o)
    0x000002ce   0x000002ce   0x00000000   Code   RO         1833    .ARM.Collect$$libshutdown$$0000000C  c_w.l(libshutdown2.o)
    0x000002ce   0x000002ce   0x00000000   Code   RO         1835    .ARM.Collect$$libshutdown$$0000000E  c_w.l(libshutdown2.o)
    0x000002ce   0x000002ce   0x00000000   Code   RO         1838    .ARM.Collect$$libshutdown$$00000011  c_w.l(libshutdown2.o)
    0x000002ce   0x000002ce   0x00000002   Code   RO         1839    .ARM.Collect$$libshutdown$$00000012  c_w.l(libshutdown2.o)
    0x000002d0   0x000002d0   0x00000000   Code   RO         1619    .ARM.Collect$$rtentry$$00000000  c_w.l(__rtentry.o)
    0x000002d0   0x000002d0   0x00000000   Code   RO         1722    .ARM.Collect$$rtentry$$00000002  c_w.l(__rtentry2.o)
    0x000002d0   0x000002d0   0x00000006   Code   RO         1734    .ARM.Collect$$rtentry$$00000004  c_w.l(__rtentry4.o)
    0x000002d6   0x000002d6   0x00000000   Code   RO         1724    .ARM.Collect$$rtentry$$00000009  c_w.l(__rtentry2.o)
    0x000002d6   0x000002d6   0x00000004   Code   RO         1725    .ARM.Collect$$rtentry$$0000000A  c_w.l(__rtentry2.o)
    0x000002da   0x000002da   0x00000000   Code   RO         1727    .ARM.Collect$$rtentry$$0000000C  c_w.l(__rtentry2.o)
    0x000002da   0x000002da   0x00000008   Code   RO         1728    .ARM.Collect$$rtentry$$0000000D  c_w.l(__rtentry2.o)
    0x000002e2   0x000002e2   0x00000002   Code   RO         1844    .ARM.Collect$$rtexit$$00000000  c_w.l(rtexit.o)
    0x000002e4   0x000002e4   0x00000000   Code   RO         1873    .ARM.Collect$$rtexit$$00000002  c_w.l(rtexit2.o)
    0x000002e4   0x000002e4   0x00000004   Code   RO         1874    .ARM.Collect$$rtexit$$00000003  c_w.l(rtexit2.o)
    0x000002e8   0x000002e8   0x00000006   Code   RO         1875    .ARM.Collect$$rtexit$$00000004  c_w.l(rtexit2.o)
    0x000002ee   0x000002ee   0x00000002   PAD
    0x000002f0   0x000002f0   0x00000006   Code   RO          905    .emb_text           driverlib.lib(sysctl.o)
    0x000002f6   0x000002f6   0x00000002   PAD
    0x000002f8   0x000002f8   0x00000026   Code   RO         1495    .emb_text           driverlib.lib(cpu.o)
    0x0000031e   0x0000031e   0x00000002   PAD
    0x00000320   0x00000320   0x00000114   Code   RO          157  * .text               startup_tm4c123.o
    0x00000434   0x00000434   0x00000006   Code   RO         1595    .text               c_w.l(heapauxi.o)
    0x0000043a   0x0000043a   0x00000002   PAD
    0x0000043c   0x0000043c   0x00000008   Code   RO         1718    .text               c_w.l(libspace.o)
    0x00000444   0x00000444   0x00000002   Code   RO         1776    .text               c_w.l(use_no_semi.o)
    0x00000446   0x00000446   0x00000000   Code   RO         1778    .text               c_w.l(indicate_semi.o)
    0x00000446   0x00000446   0x0000004a   Code   RO         1779    .text               c_w.l(sys_stackheap_outer.o)
    0x00000490   0x00000490   0x00000012   Code   RO         1800    .text               c_w.l(exit.o)
    0x000004a2   0x000004a2   0x00000002   PAD
    0x000004a4   0x000004a4   0x0000000c   Code   RO         1842    .text               c_w.l(sys_exit.o)
    0x000004b0   0x000004b0   0x00000028   Code   RO          230    i.GPIODirModeSet    driverlib.lib(gpio.o)
    0x000004d8   0x000004d8   0x00000170   Code   RO          242    i.GPIOPadConfigSet  driverlib.lib(gpio.o)
    0x00000648   0x00000648   0x00000044   Code   RO          243    i.GPIOPinConfigure  driverlib.lib(gpio.o)
    0x0000068c   0x0000068c   0x0000001c   Code   RO          261    i.GPIOPinTypePWM    driverlib.lib(gpio.o)
    0x000006a8   0x000006a8   0x00000064   Code   RO            2    i.InitPWMforServo   ajustabletabletpositionermain.o
    0x0000070c   0x0000070c   0x00000064   Code   RO          557    i.IntEnable         driverlib.lib(interrupt.o)
    0x00000770   0x00000770   0x0000000e   Code   RO          560    i.IntMasterEnable   driverlib.lib(interrupt.o)
    0x0000077e   0x0000077e   0x00000002   PAD
    0x00000780   0x00000780   0x00000058   Code   RO            3    i.MCInit            ajustabletabletpositionermain.o
    0x000007d8   0x000007d8   0x00000026   Code   RO          680    i.PWMGenConfigure   driverlib.lib(pwm.o)
    0x000007fe   0x000007fe   0x0000000a   Code   RO          682    i.PWMGenEnable      driverlib.lib(pwm.o)
    0x00000808   0x00000808   0x00000012   Code   RO          695    i.PWMGenPeriodSet   driverlib.lib(pwm.o)
    0x0000081a   0x0000081a   0x00000010   Code   RO          702    i.PWMOutputState    driverlib.lib(pwm.o)
    0x0000082a   0x0000082a   0x00000020   Code   RO          705    i.PWMPulseWidthSet  driverlib.lib(pwm.o)
    0x0000084a   0x0000084a   0x00000002   PAD
    0x0000084c   0x0000084c   0x00000154   Code   RO          908    i.SysCtlClockGet    driverlib.lib(sysctl.o)
    0x000009a0   0x000009a0   0x00000120   Code   RO          910    i.SysCtlClockSet    driverlib.lib(sysctl.o)
    0x00000ac0   0x00000ac0   0x00000014   Code   RO          934    i.SysCtlPWMClockSet  driverlib.lib(sysctl.o)
    0x00000ad4   0x00000ad4   0x00000028   Code   RO          939    i.SysCtlPeripheralEnable  driverlib.lib(sysctl.o)
    0x00000afc   0x00000afc   0x00000098   Code   RO          166    i.SystemInit        system_tm4c123.o
    0x00000b94   0x00000b94   0x00000060   Code   RO         1257    i.TimerConfigure    driverlib.lib(timer.o)
    0x00000bf4   0x00000bf4   0x00000008   Code   RO         1269    i.TimerIntEnable    driverlib.lib(timer.o)
    0x00000bfc   0x00000bfc   0x00000012   Code   RO         1275    i.TimerLoadSet      driverlib.lib(timer.o)
    0x00000c0e   0x00000c0e   0x00000002   PAD
    0x00000c10   0x00000c10   0x00000034   Code   RO            6    i.main              ajustabletabletpositionermain.o
    0x00000c44   0x00000c44   0x00000098   Code   RO            7    i.position_servo    ajustabletabletpositionermain.o
    0x00000cdc   0x00000cdc   0x00000150   Code   RO         1599    x$fpl$dadd          fz_wm.l(daddsub_clz.o)
    0x00000e2c   0x00000e2c   0x000002b0   Code   RO         1606    x$fpl$ddiv          fz_wm.l(ddiv.o)
    0x000010dc   0x000010dc   0x0000005a   Code   RO         1609    x$fpl$dfixu         fz_wm.l(dfixu.o)
    0x00001136   0x00001136   0x00000002   PAD
    0x00001138   0x00001138   0x00000154   Code   RO         1613    x$fpl$dmul          fz_wm.l(dmul.o)
    0x0000128c   0x0000128c   0x0000009c   Code   RO         1709    x$fpl$dnaninf       fz_wm.l(dnaninf.o)
    0x00001328   0x00001328   0x0000000c   Code   RO         1711    x$fpl$dretinf       fz_wm.l(dretinf.o)
    0x00001334   0x00001334   0x000001d4   Code   RO         1601    x$fpl$dsub          fz_wm.l(daddsub_clz.o)
    0x00001508   0x00001508   0x00000056   Code   RO         1615    x$fpl$f2d           fz_wm.l(f2d.o)
    0x0000155e   0x0000155e   0x0000008c   Code   RO         1713    x$fpl$fnaninf       fz_wm.l(fnaninf.o)
    0x000015ea   0x000015ea   0x0000000a   Code   RO         1769    x$fpl$fpinit        fz_wm.l(fpinit.o)
    0x000015f4   0x000015f4   0x00000000   Code   RO         1715    x$fpl$usenofp       fz_wm.l(usenofp.o)
    0x000015f4   0x000015f4   0x00000228   Data   RO          275    .constdata          driverlib.lib(gpio.o)
    0x0000181c   0x0000181c   0x0000010c   Data   RO          573    .constdata          driverlib.lib(interrupt.o)
    0x00001928   0x00001928   0x00000254   Data   RO          961    .constdata          driverlib.lib(sysctl.o)
    0x00001b7c   0x00001b7c   0x00000010   Data   RO         1915    Region$$Table       anon$$obj.o


    Execution Region ER_RW (Exec base: 0x20000000, Load base: 0x00001b8c, Size: 0x00000000, Max: 0xffffffff, ABSOLUTE)

    **** No section assigned to this execution region ****


    Execution Region ER_ZI (Exec base: 0x20000000, Load base: 0x00001b8c, Size: 0x00000260, Max: 0xffffffff, ABSOLUTE)

    Exec Addr    Load Addr    Size         Type   Attr      Idx    E Section Name        Object

    0x20000000        -       0x00000060   Zero   RW         1719    .bss                c_w.l(libspace.o)
    0x20000060        -       0x00000000   Zero   RW          155    HEAP                startup_tm4c123.o
    0x20000060        -       0x00000200   Zero   RW          154    STACK               startup_tm4c123.o


==============================================================================

Image component sizes


      Code (inc. data)   RO Data    RW Data    ZI Data      Debug   Object Name

       392         70          0          0          0       7939   ajustabletabletpositionermain.o
       276         24        620          0        512       5496   startup_tm4c123.o
       152         40          0          0          0        609   system_tm4c123.o

    ----------------------------------------------------------------------
       820        134        636          0        512      14044   Object Totals
         0          0         16          0          0          0   (incl. Generated)
         0          0          0          0          0          0   (incl. Padding)

    ----------------------------------------------------------------------

      Code (inc. data)   RO Data    RW Data    ZI Data      Debug   Library Member Name

         8          0          0          0          0         68   __main.o
         0          0          0          0          0          0   __rtentry.o
        12          0          0          0          0          0   __rtentry2.o
         6          0          0          0          0          0   __rtentry4.o
        52          8          0          0          0          0   __scatter.o
        28          0          0          0          0          0   __scatter_zi.o
        18          0          0          0          0         80   exit.o
         6          0          0          0          0        152   heapauxi.o
         0          0          0          0          0          0   indicate_semi.o
         2          0          0          0          0          0   libinit.o
         6          0          0          0          0          0   libinit2.o
         2          0          0          0          0          0   libshutdown.o
         2          0          0          0          0          0   libshutdown2.o
         8          4          0          0         96         68   libspace.o
         2          0          0          0          0          0   rtexit.o
        10          0          0          0          0          0   rtexit2.o
        12          4          0          0          0         68   sys_exit.o
        74          0          0          0          0         80   sys_stackheap_outer.o
         2          0          0          0          0         68   use_no_semi.o
        38          0          0          0          0        544   cpu.o
       504         22        552          0          0       3768   gpio.o
       114          8        268          0          0       1974   interrupt.o
       114          0          0          0          0       2775   pwm.o
       694         64        596          0          0       5047   sysctl.o
       122          8          0          0          0       1713   timer.o
       804         16          0          0          0        368   daddsub_clz.o
       688        140          0          0          0        256   ddiv.o
        90          4          0          0          0        140   dfixu.o
       340         12          0          0          0        152   dmul.o
       156          4          0          0          0        140   dnaninf.o
        12          0          0          0          0        116   dretinf.o
        86          4          0          0          0        132   f2d.o
       140          4          0          0          0        132   fnaninf.o
        10          0          0          0          0        116   fpinit.o
         0          0          0          0          0          0   usenofp.o

    ----------------------------------------------------------------------
      4180        302       1416          0         96      17957   Library Totals
        18          0          0          0          0          0   (incl. Padding)

    ----------------------------------------------------------------------

      Code (inc. data)   RO Data    RW Data    ZI Data      Debug   Library Name

       250         16          0          0         96        584   c_w.l
      1586        102       1416          0          0      15821   driverlib.lib
      2326        184          0          0          0       1552   fz_wm.l

    ----------------------------------------------------------------------
      4180        302       1416          0         96      17957   Library Totals

    ----------------------------------------------------------------------

==============================================================================


      Code (inc. data)   RO Data    RW Data    ZI Data      Debug   

      5000        436       2052          0        608      28877   Grand Totals
      5000        436       2052          0        608      28877   ELF Image Totals
      5000        436       2052          0          0          0   ROM Totals

==============================================================================

    Total RO  Size (Code + RO Data)                 7052 (   6.89kB)
    Total RW  Size (RW Data + ZI Data)               608 (   0.59kB)
    Total ROM Size (Code + RO Data + RW Data)       7052 (   6.89kB)

==============================================================================

