Component: ARM Compiler 5.06 update 7 (build 960) Tool: armlink [4d3601]

==============================================================================

Section Cross References

    ajustabletabletpositionermain.o(i.MCInit) refers to sysctl.o(i.SysCtlClockSet) for SysCtlClockSet
    ajustabletabletpositionermain.o(i.MCInit) refers to sysctl.o(i.SysCtlPeripheralEnable) for SysCtlPeripheralEnable
    ajustabletabletpositionermain.o(i.MCInit) refers to timer.o(i.TimerConfigure) for TimerConfigure
    ajustabletabletpositionermain.o(i.MCInit) refers to sysctl.o(i.SysCtlClockGet) for SysCtlClockGet
    ajustabletabletpositionermain.o(i.MCInit) refers to timer.o(i.TimerLoadSet) for TimerLoadSet
    ajustabletabletpositionermain.o(i.MCInit) refers to interrupt.o(i.IntEnable) for IntEnable
    ajustabletabletpositionermain.o(i.MCInit) refers to timer.o(i.TimerIntEnable) for TimerIntEnable
    ajustabletabletpositionermain.o(i.MCInit) refers to interrupt.o(i.IntMasterEnable) for IntMasterEnable
    ajustabletabletpositionermain.o(i.Timer0IntHandler) refers to timer.o(i.TimerIntClear) for TimerIntClear
    ajustabletabletpositionermain.o(i.Timer0IntHandler) refers to gpio.o(i.GPIOPinRead) for GPIOPinRead
    ajustabletabletpositionermain.o(i.Timer0IntHandler) refers to gpio.o(i.GPIOPinWrite) for GPIOPinWrite
    ajustabletabletpositionermain.o(i.UART0Handler) refers to uart.o(i.UARTIntStatus) for UARTIntStatus
    ajustabletabletpositionermain.o(i.UART0Handler) refers to uart.o(i.UARTIntClear) for UARTIntClear
    ajustabletabletpositionermain.o(i.UART0Handler) refers to uart.o(i.UARTCharGetNonBlocking) for UARTCharGetNonBlocking
    ajustabletabletpositionermain.o(i.UART0Handler) refers to uart.o(i.UARTCharPutNonBlocking) for UARTCharPutNonBlocking
    ajustabletabletpositionermain.o(i.UART0Handler) refers to uart.o(i.UARTCharsAvail) for UARTCharsAvail
    ajustabletabletpositionermain.o(i.main) refers to ajustabletabletpositionermain.o(i.MCInit) for MCInit
    ajustabletabletpositionermain.o(i.main) refers to ajustabletabletpositionermain.o(i.GPIO_Init) for GPIO_Init
    ajustabletabletpositionermain.o(i.main) refers to servopwm.o(i.ALT_InitPWMforServo) for ALT_InitPWMforServo
    ajustabletabletpositionermain.o(i.main) refers to profileflash.o(i.Flash_Enable) for Flash_Enable
    ajustabletabletpositionermain.o(i.main) refers to profileflash.o(i.Flash_Read_Offset) for Flash_Read_Offset
    ajustabletabletpositionermain.o(i.main) refers to profileflash.o(i.Flash_Write_Offset) for Flash_Write_Offset
    ajustabletabletpositionermain.o(i.main) refers to profileflash.o(i.Flash_Read) for Flash_Read
    ajustabletabletpositionermain.o(i.main) refers to sysctl.o(i.SysCtlClockGet) for SysCtlClockGet
    ajustabletabletpositionermain.o(i.main) refers to servopwm.o(i.position_servo) for position_servo
    profileflash.o(i.Flash_Enable) refers to profileflash.o(.data) for flashKey_
    profileflash.o(i.Flash_Erase_Offset) refers to profileflash.o(.data) for flashKey_
    profileflash.o(i.Flash_Read) refers to profileflash.o(i.Flash_Read_Offset) for Flash_Read_Offset
    profileflash.o(i.Flash_Read) refers to profileflash.o(.data) for offset
    profileflash.o(i.Flash_Write) refers to profileflash.o(i.Flash_Read_Offset) for Flash_Read_Offset
    profileflash.o(i.Flash_Write) refers to profileflash.o(i.Flash_Erase_Offset) for Flash_Erase_Offset
    profileflash.o(i.Flash_Write) refers to profileflash.o(i.Flash_Write_Offset) for Flash_Write_Offset
    profileflash.o(i.Flash_Write) refers to profileflash.o(.data) for flashKey_
    profileflash.o(i.Flash_Write_Offset) refers to profileflash.o(.data) for flashKey_
    keypadi2c.o(i.I2C_EnableMaster) refers to sysctl.o(i.SysCtlClockGet) for SysCtlClockGet
    keypadi2c.o(i.I2C_MasterWrite) refers to keypadi2c.o(i.InvokeMasterCommand) for InvokeMasterCommand
    keypadi2c.o(i.Initialise_I2C) refers to gpio.o(i.GPIOPinTypeI2CSCL) for GPIOPinTypeI2CSCL
    keypadi2c.o(i.Initialise_I2C) refers to gpio.o(i.GPIOPinConfigure) for GPIOPinConfigure
    keypadi2c.o(i.Initialise_I2C) refers to gpio.o(i.GPIOPinTypeI2C) for GPIOPinTypeI2C
    servopwm.o(i.InitPWMforServo) refers to sysctl.o(i.SysCtlClockGet) for SysCtlClockGet
    servopwm.o(i.InitPWMforServo) refers to sysctl.o(i.SysCtlPeripheralEnable) for SysCtlPeripheralEnable
    servopwm.o(i.InitPWMforServo) refers to gpio.o(i.GPIOPinTypePWM) for GPIOPinTypePWM
    servopwm.o(i.InitPWMforServo) refers to gpio.o(i.GPIOPinConfigure) for GPIOPinConfigure
    servopwm.o(i.InitPWMforServo) refers to sysctl.o(i.SysCtlPWMClockSet) for SysCtlPWMClockSet
    servopwm.o(i.InitPWMforServo) refers to pwm.o(i.PWMGenConfigure) for PWMGenConfigure
    servopwm.o(i.InitPWMforServo) refers to pwm.o(i.PWMGenPeriodSet) for PWMGenPeriodSet
    servopwm.o(i.InitPWMforServo) refers to pwm.o(i.PWMGenEnable) for PWMGenEnable
    servopwm.o(i.position_servo) refers to f2d.o(x$fpl$f2d) for __aeabi_f2d
[...]
    sysctl.o(i.SysCtlIntUnregister) refers to interrupt.o(i.IntDisable) for IntDisable
    sysctl.o(i.SysCtlIntUnregister) refers to interrupt.o(i.IntUnregister) for IntUnregister
    sysctl.o(i.SysCtlSleep) refers to cpu.o(.emb_text) for CPUwfi
    sysctl.o(i.SysCtlVCOGet) refers to sysctl.o(.constdata) for .constdata
    timer.o(i.TimerIntRegister) refers to interrupt.o(i.IntRegister) for IntRegister
    timer.o(i.TimerIntRegister) refers to interrupt.o(i.IntEnable) for IntEnable
    timer.o(i.TimerIntRegister) refers to timer.o(.constdata) for .constdata
    timer.o(i.TimerIntUnregister) refers to interrupt.o(i.IntDisable) for IntDisable
    timer.o(i.TimerIntUnregister) refers to interrupt.o(i.IntUnregister) for IntUnregister
    timer.o(i.TimerIntUnregister) refers to timer.o(.constdata) for .constdata
    uart.o(i.UARTIntRegister) refers to interrupt.o(i.IntRegister) for IntRegister
    uart.o(i.UARTIntRegister) refers to interrupt.o(i.IntEnable) for IntEnable
    uart.o(i.UARTIntRegister) refers to uart.o(.constdata) for .constdata
    uart.o(i.UARTIntUnregister) refers to interrupt.o(i.IntDisable) for IntDisable
    uart.o(i.UARTIntUnregister) refers to interrupt.o(i.IntUnregister) for IntUnregister
    uart.o(i.UARTIntUnregister) refers to uart.o(.constdata) for .constdata
    __main.o(!!!main) refers to __rtentry.o(.ARM.Collect$$rtentry$$00000000) for __rt_entry
    daddsub_clz.o(x$fpl$dadd) refers (Special) to usenofp.o(x$fpl$usenofp) for __I$use$fp
    daddsub_clz.o(x$fpl$dadd) refers to daddsub_clz.o(x$fpl$dsub) for _dsub1
    daddsub_clz.o(x$fpl$dadd) refers to dretinf.o(x$fpl$dretinf) for __fpl_dretinf
    daddsub_clz.o(x$fpl$dadd) refers to dnaninf.o(x$fpl$dnaninf) for __fpl_dnaninf
    daddsub_clz.o(x$fpl$drsb) refers (Special) to usenofp.o(x$fpl$usenofp) for __I$use$fp
    daddsub_clz.o(x$fpl$drsb) refers to daddsub_clz.o(x$fpl$dadd) for _dadd1
    daddsub_clz.o(x$fpl$drsb) refers to daddsub_clz.o(x$fpl$dsub) for _dsub1
    daddsub_clz.o(x$fpl$dsub) refers (Special) to usenofp.o(x$fpl$usenofp) for __I$use$fp
    daddsub_clz.o(x$fpl$dsub) refers to daddsub_clz.o(x$fpl$dadd) for _dadd1
    daddsub_clz.o(x$fpl$dsub) refers to dnaninf.o(x$fpl$dnaninf) for __fpl_dnaninf
    ddiv.o(x$fpl$drdiv) refers (Special) to usenofp.o(x$fpl$usenofp) for __I$use$fp
    ddiv.o(x$fpl$drdiv) refers to ddiv.o(x$fpl$ddiv) for ddiv_entry
    ddiv.o(x$fpl$ddiv) refers (Special) to usenofp.o(x$fpl$usenofp) for __I$use$fp
    ddiv.o(x$fpl$ddiv) refers to dretinf.o(x$fpl$dretinf) for __fpl_dretinf
    ddiv.o(x$fpl$ddiv) refers to dnaninf.o(x$fpl$dnaninf) for __fpl_dnaninf
    dfixu.o(x$fpl$dfixu) refers (Special) to usenofp.o(x$fpl$usenofp) for __I$use$fp
    dfixu.o(x$fpl$dfixu) refers to dnaninf.o(x$fpl$dnaninf) for __fpl_dnaninf
    dfixu.o(x$fpl$dfixur) refers (Special) to usenofp.o(x$fpl$usenofp) for __I$use$fp
    dfixu.o(x$fpl$dfixur) refers to dnaninf.o(x$fpl$dnaninf) for __fpl_dnaninf
    dmul.o(x$fpl$dmul) refers (Special) to usenofp.o(x$fpl$usenofp) for __I$use$fp
    dmul.o(x$fpl$dmul) refers to dretinf.o(x$fpl$dretinf) for __fpl_dretinf
    dmul.o(x$fpl$dmul) refers to dnaninf.o(x$fpl$dnaninf) for __fpl_dnaninf
    f2d.o(x$fpl$f2d) refers (Special) to usenofp.o(x$fpl$usenofp) for __I$use$fp
    f2d.o(x$fpl$f2d) refers to fnaninf.o(x$fpl$fnaninf) for __fpl_fnaninf
    f2d.o(x$fpl$f2d) refers to dretinf.o(x$fpl$dretinf) for __fpl_dretinf
    __rtentry.o(.ARM.Collect$$rtentry$$00000000) refers (Special) to __rtentry2.o(.ARM.Collect$$rtentry$$0000000A) for __rt_entry_li
    __rtentry.o(.ARM.Collect$$rtentry$$00000000) refers (Special) to __rtentry2.o(.ARM.Collect$$rtentry$$0000000D) for __rt_entry_main
    __rtentry.o(.ARM.Collect$$rtentry$$00000000) refers (Special) to __rtentry2.o(.ARM.Collect$$rtentry$$0000000C) for __rt_entry_postli_1
    __rtentry.o(.ARM.Collect$$rtentry$$00000000) refers (Special) to __rtentry2.o(.ARM.Collect$$rtentry$$00000009) for __rt_entry_postsh_1
    __rtentry.o(.ARM.Collect$$rtentry$$00000000) refers (Special) to __rtentry2.o(.ARM.Collect$$rtentry$$00000002) for __rt_entry_presh_1
    __rtentry.o(.ARM.Collect$$rtentry$$00000000) refers (Special) to __rtentry4.o(.ARM.Collect$$rtentry$$00000004) for __rt_entry_sh
    dnaninf.o(x$fpl$dnaninf) refers (Special) to usenofp.o(x$fpl$usenofp) for __I$use$fp
    dretinf.o(x$fpl$dretinf) refers (Special) to usenofp.o(x$fpl$usenofp) for __I$use$fp
    fnaninf.o(x$fpl$fnaninf) refers (Special) to usenofp.o(x$fpl$usenofp) for __I$use$fp
    __rtentry2.o(.ARM.Collect$$rtentry$$00000008) refers to boardinit2.o(.text) for _platform_post_stackheap_init
    __rtentry2.o(.ARM.Collect$$rtentry$$0000000A) refers to libinit.o(.ARM.Collect$$libinit$$00000000) for __rt_lib_init
    __rtentry2.o(.ARM.Collect$$rtentry$$0000000B) refers to boardinit3.o(.text) for _platform_post_lib_init
    __rtentry2.o(.ARM.Collect$$rtentry$$0000000D) refers to ajustabletabletpositionermain.o(i.main) for main
    __rtentry2.o(.ARM.Collect$$rtentry$$0000000D) refers to exit.o(.text) for exit
    __rtentry2.o(.ARM.exidx) refers to __rtentry2.o(.ARM.Collect$$rtentry$$00000001) for .ARM.Collect$$rtentry$$00000001
    __rtentry2.o(.ARM.exidx) refers to __rtentry2.o(.ARM.Collect$$rtentry$$00000008) for .ARM.Collect$$rtentry$$00000008
    __rtentry2.o(.ARM.exidx) refers to __rtentry2.o(.ARM.Collect$$rtentry$$0000000A) for .ARM.Collect$$rtentry$$0000000A
    __rtentry2.o(.ARM.exidx) refers to __rtentry2.o(.ARM.Collect$$rtentry$$0000000B) for .ARM.Collect$$rtentry$$0000000B
    __rtentry2.o(.ARM.exidx) refers to __rtentry2.o(.ARM.Collect$$rtentry$$0000000D) for .ARM.Collect$$rtentry$$0000000D
    __rtentry4.o(.ARM.Collect$$rtentry$$00000004) refers to sys_stackheap_outer.o(.text) for __user_setup_stackheap
    __rtentry4.o(.ARM.exidx) refers to __rtentry4.o(.ARM.Collect$$rtentry$$00000004) for .ARM.Collect$$rtentry$$00000004
    sys_stackheap_outer.o(.text) refers to libspace.o(.text) for __user_perproc_libspace
    sys_stackheap_outer.o(.text) refers to startup_tm4c123.o(.text) for __user_initial_stackheap
    exit.o(.text) refers to rtexit.o(.ARM.Collect$$rtexit$$00000000) for __rt_exit
    libinit.o(.ARM.Collect$$libinit$$00000000) refers (Special) to libinit2.o(.ARM.Collect$$libinit$$0000002E) for __rt_lib_init_alloca_1
    libinit.o(.ARM.Collect$$libinit$$00000000) refers (Special) to libinit2.o(.ARM.Collect$$libinit$$0000002C) for __rt_lib_init_argv_1
    libinit.o(.ARM.Collect$$libinit$$00000000) refers (Special) to libinit2.o(.ARM.Collect$$libinit$$0000001B) for __rt_lib_init_atexit_1
    libinit.o(.ARM.Collect$$libinit$$00000000) refers (Special) to libinit2.o(.ARM.Collect$$libinit$$00000021) for __rt_lib_init_clock_1
    libinit.o(.ARM.Collect$$libinit$$00000000) refers (Special) to libinit2.o(.ARM.Collect$$libinit$$00000032) for __rt_lib_init_cpp_1
    libinit.o(.ARM.Collect$$libinit$$00000000) refers (Special) to libinit2.o(.ARM.Collect$$libinit$$00000030) for __rt_lib_init_exceptions_1
    libinit.o(.ARM.Collect$$libinit$$00000000) refers (Special) to libinit2.o(.ARM.Collect$$libinit$$00000001) for __rt_lib_init_fp_1
    libinit.o(.ARM.Collect$$libinit$$00000000) refers (Special) to libinit2.o(.ARM.Collect$$libinit$$0000001F) for __rt_lib_init_fp_trap_1
    libinit.o(.ARM.Collect$$libinit$$00000000) refers (Special) to libinit2.o(.ARM.Collect$$libinit$$00000023) for __rt_lib_init_getenv_1
    libinit.o(.ARM.Collect$$libinit$$00000000) refers (Special) to libinit2.o(.ARM.Collect$$libinit$$0000000A) for __rt_lib_init_heap_1
    libinit.o(.ARM.Collect$$libinit$$00000000) refers (Special) to libinit2.o(.ARM.Collect$$libinit$$00000011) for __rt_lib_init_lc_collate_1
    libinit.o(.ARM.Collect$$libinit$$00000000) refers (Special) to libinit2.o(.ARM.Collect$$libinit$$00000013) for __rt_lib_init_lc_ctype_1
    libinit.o(.ARM.Collect$$libinit$$00000000) refers (Special) to libinit2.o(.ARM.Collect$$libinit$$00000015) for __rt_lib_init_lc_monetary_1
    libinit.o(.ARM.Collect$$libinit$$00000000) refers (Special) to libinit2.o(.ARM.Collect$$libinit$$00000017) for __rt_lib_init_lc_numeric_1
    libinit.o(.ARM.Collect$$libinit$$00000000) refers (Special) to libinit2.o(.ARM.Collect$$libinit$$00000019) for __rt_lib_init_lc_time_1
    libinit.o(.ARM.Collect$$libinit$$00000000) refers (Special) to libinit2.o(.ARM.Collect$$libinit$$00000004) for __rt_lib_init_preinit_1
    libinit.o(.ARM.Collect$$libinit$$00000000) refers (Special) to libinit2.o(.ARM.Collect$$libinit$$0000000E) for __rt_lib_init_rand_1
    libinit.o(.ARM.Collect$$libinit$$00000000) refers (Special) to libinit2.o(.ARM.Collect$$libinit$$00000033) for __rt_lib_init_return
    libinit.o(.ARM.Collect$$libinit$$00000000) refers (Special) to libinit2.o(.ARM.Collect$$libinit$$0000001D) for __rt_lib_init_signal_1
    libinit.o(.ARM.Collect$$libinit$$00000000) refers (Special) to libinit2.o(.ARM.Collect$$libinit$$00000025) for __rt_lib_init_stdio_1
    libinit.o(.ARM.Collect$$libinit$$00000000) refers (Special) to libinit2.o(.ARM.Collect$$libinit$$0000000C) for __rt_lib_init_user_alloc_1
    libspace.o(.text) refers to libspace.o(.bss) for __libspace_start
    rtexit.o(.ARM.Collect$$rtexit$$00000000) refers (Special) to rtexit2.o(.ARM.Collect$$rtexit$$00000004) for __rt_exit_exit
    rtexit.o(.ARM.Collect$$rtexit$$00000000) refers (Special) to rtexit2.o(.ARM.Collect$$rtexit$$00000003) for __rt_exit_ls
    rtexit.o(.ARM.Collect$$rtexit$$00000000) refers (Special) to rtexit2.o(.ARM.Collect$$rtexit$$00000002) for __rt_exit_prels_1
    rtexit.o(.ARM.exidx) refers (Special) to rtexit2.o(.ARM.Collect$$rtexit$$00000004) for __rt_exit_exit
    rtexit.o(.ARM.exidx) refers (Special) to rtexit2.o(.ARM.Collect$$rtexit$$00000003) for __rt_exit_ls
    rtexit.o(.ARM.exidx) refers (Special) to rtexit2.o(.ARM.Collect$$rtexit$$00000002) for __rt_exit_prels_1
    rtexit.o(.ARM.exidx) refers to rtexit.o(.ARM.Collect$$rtexit$$00000000) for .ARM.Collect$$rtexit$$00000000
    libinit2.o(.ARM.Collect$$libinit$$00000001) refers to fpinit.o(x$fpl$fpinit) for _fp_init
    libinit2.o(.ARM.Collect$$libinit$$00000010) refers to libinit2.o(.ARM.Collect$$libinit$$0000000F) for .ARM.Collect$$libinit$$0000000F
    libinit2.o(.ARM.Collect$$libinit$$00000012) refers to libinit2.o(.ARM.Collect$$libinit$$0000000F) for .ARM.Collect$$libinit$$0000000F
    libinit2.o(.ARM.Collect$$libinit$$00000014) refers to libinit2.o(.ARM.Collect$$libinit$$0000000F) for .ARM.Collect$$libinit$$0000000F
    libinit2.o(.ARM.Collect$$libinit$$00000016) refers to libinit2.o(.ARM.Collect$$libinit$$0000000F) for .ARM.Collect$$libinit$$0000000F
    libinit2.o(.ARM.Collect$$libinit$$00000018) refers to libinit2.o(.ARM.Collect$$libinit$$0000000F) for .ARM.Collect$$libinit$$0000000F
    libinit2.o(.ARM.Collect$$libinit$$00000026) refers to argv_veneer.o(.emb_text) for __ARM_argv_veneer
    libinit2.o(.ARM.Collect$$libinit$$00000027) refers to argv_veneer.o(.emb_text) for __ARM_argv_veneer
    rtexit2.o(.ARM.Collect$$rtexit$$00000003) refers to libshutdown.o(.ARM.Collect$$libshutdown$$00000000) for __rt_lib_shutdown
    rtexit2.o(.ARM.Collect$$rtexit$$00000004) refers to sys_exit.o(.text) for _sys_exit
    rtexit2.o(.ARM.exidx) refers to rtexit2.o(.ARM.Collect$$rtexit$$00000001) for .ARM.Collect$$rtexit$$00000001
    rtexit2.o(.ARM.exidx) refers to rtexit2.o(.ARM.Collect$$rtexit$$00000003) for .ARM.Collect$$rtexit$$00000003
    rtexit2.o(.ARM.exidx) refers to rtexit2.o(.ARM.Collect$$rtexit$$00000004) for .ARM.Collect$$rtexit$$00000004
    argv_veneer.o(.emb_text) refers to no_argv.o(.text) for __ARM_get_argv
    sys_exit.o(.text) refers (Special) to use_no_semi.o(.text) for __I$use$semihosting
    sys_exit.o(.text) refers (Special) to indicate_semi.o(.text) for __semihosting_library_function
    _get_argv_nomalloc.o(.text) refers (Special) to hrguard.o(.text) for __heap_region$guard
    _get_argv_nomalloc.o(.text) refers to defsig_rtmem_outer.o(.text) for __rt_SIGRTMEM
    _get_argv_nomalloc.o(.text) refers to sys_command.o(.text) for _sys_command_string
    libshutdown.o(.ARM.Collect$$libshutdown$$00000000) refers (Special) to libshutdown2.o(.ARM.Collect$$libshutdown$$00000004) for __rt_lib_shutdown_cpp_1
    libshutdown.o(.ARM.Collect$$libshutdown$$00000000) refers (Special) to libshutdown2.o(.ARM.Collect$$libshutdown$$00000002) for __rt_lib_shutdown_fini_1
    libshutdown.o(.ARM.Collect$$libshutdown$$00000000) refers (Special) to libshutdown2.o(.ARM.Collect$$libshutdown$$00000009) for __rt_lib_shutdown_fp_trap_1
    libshutdown.o(.ARM.Collect$$libshutdown$$00000000) refers (Special) to libshutdown2.o(.ARM.Collect$$libshutdown$$00000011) for __rt_lib_shutdown_heap_1
    libshutdown.o(.ARM.Collect$$libshutdown$$00000000) refers (Special) to libshutdown2.o(.ARM.Collect$$libshutdown$$00000012) for __rt_lib_shutdown_return
    libshutdown.o(.ARM.Collect$$libshutdown$$00000000) refers (Special) to libshutdown2.o(.ARM.Collect$$libshutdown$$0000000C) for __rt_lib_shutdown_signal_1
    libshutdown.o(.ARM.Collect$$libshutdown$$00000000) refers (Special) to libshutdown2.o(.ARM.Collect$$libshutdown$$00000006) for __rt_lib_shutdown_stdio_1
    libshutdown.o(.ARM.Collect$$libshutdown$$00000000) refers (Special) to libshutdown2.o(.ARM.Collect$$libshutdown$$0000000E) for __rt_lib_shutdown_user_alloc_1
    sys_command.o(.text) refers (Special) to use_no_semi.o(.text) for __I$use$semihosting
    sys_command.o(.text) refers (Special) to indicate_semi.o(.text) for __semihosting_library_function
    defsig_rtmem_outer.o(.text) refers to defsig_rtmem_inner.o(.text) for __rt_SIGRTMEM_inner
    defsig_rtmem_outer.o(.text) refers to defsig_exit.o(.text) for __sig_exit
    defsig_rtmem_formal.o(.text) refers to rt_raise.o(.text) for __rt_raise
    rt_raise.o(.text) refers to __raise.o(.text) for __raise
    rt_raise.o(.text) refers to sys_exit.o(.text) for _sys_exit
    defsig_exit.o(.text) refers to sys_exit.o(.text) for _sys_exit
    defsig_rtmem_inner.o(.text) refers to defsig_general.o(.text) for __default_signal_display
    __raise.o(.text) refers to defsig.o(CL$$defsig) for __default_signal_handler
    defsig_general.o(.text) refers to sys_wrch.o(.text) for _ttywrch
    sys_wrch.o(.text) refers (Special) to use_no_semi.o(.text) for __I$use$semihosting
    sys_wrch.o(.text) refers (Special) to indicate_semi.o(.text) for __semihosting_library_function
    defsig.o(CL$$defsig) refers to defsig_rtmem_inner.o(.text) for __rt_SIGRTMEM_inner
    defsig_abrt_inner.o(.text) refers to defsig_general.o(.text) for __default_signal_display
    defsig_fpe_inner.o(.text) refers to defsig_general.o(.text) for __default_signal_display
    defsig_rtred_inner.o(.text) refers to defsig_general.o(.text) for __default_signal_display
    defsig_stak_inner.o(.text) refers to defsig_general.o(.text) for __default_signal_display
    defsig_pvfn_inner.o(.text) refers to defsig_general.o(.text) for __default_signal_display
    defsig_cppl_inner.o(.text) refers to defsig_general.o(.text) for __default_signal_display
    defsig_segv_inner.o(.text) refers to defsig_general.o(.text) for __default_signal_display
    defsig_other.o(.text) refers to defsig_general.o(.text) for __default_signal_display


==============================================================================

Removing Unused input sections from the image.

    Removing ajustabletabletpositionermain.o(i.Timer0IntHandler), (40 bytes).
    Removing ajustabletabletpositionermain.o(i.UART0Handler), (56 bytes).
    Removing profileflash.o(i.Flash_Erase_Offset), (76 bytes).
    Removing profileflash.o(i.Flash_Write), (140 bytes).
    Removing keypadi2c.o(i.HandleInterrupt), (76 bytes).
    Removing keypadi2c.o(i.I2C_EnableMaster), (56 bytes).
    Removing keypadi2c.o(i.I2C_EnableSlave), (48 bytes).
    Removing keypadi2c.o(i.I2C_EnableSlaveDataInterrupt), (36 bytes).
    Removing keypadi2c.o(i.I2C_MasterWrite), (112 bytes).
    Removing keypadi2c.o(i.Initialise_I2C), (76 bytes).
    Removing keypadi2c.o(i.InvokeMasterCommand), (68 bytes).
    Removing servopwm.o(i.InitPWMforServo), (136 bytes).
    Removing system_tm4c123.o(.rev16_text), (4 bytes).
    Removing system_tm4c123.o(.revsh_text), (4 bytes).
    Removing system_tm4c123.o(.rrx_text), (6 bytes).
    Removing system_tm4c123.o(i.SystemCoreClockUpdate), (196 bytes).
    Removing system_tm4c123.o(i.getOscClk), (244 bytes).
    Removing system_tm4c123.o(.data), (4 bytes).
    Removing gpio.o(i.GPIOADCTriggerDisable), (14 bytes).
    Removing gpio.o(i.GPIOADCTriggerEnable), (12 bytes).
    Removing gpio.o(i.GPIODMATriggerDisable), (14 bytes).
    Removing gpio.o(i.GPIODMATriggerEnable), (12 bytes).
    Removing gpio.o(i.GPIODirModeGet), (34 bytes).
    Removing gpio.o(i.GPIODirModeSet), (40 bytes).
    Removing gpio.o(i.GPIOIntClear), (6 bytes).
    Removing gpio.o(i.GPIOIntDisable), (14 bytes).
    Removing gpio.o(i.GPIOIntEnable), (12 bytes).
    Removing gpio.o(i.GPIOIntRegister), (26 bytes).
    Removing gpio.o(i.GPIOIntRegisterPin), (30 bytes).
    Removing gpio.o(i.GPIOIntStatus), (14 bytes).
    Removing gpio.o(i.GPIOIntTypeGet), (70 bytes).
    Removing gpio.o(i.GPIOIntTypeSet), (80 bytes).
    Removing gpio.o(i.GPIOIntUnregister), (22 bytes).
    Removing gpio.o(i.GPIOIntUnregisterPin), (26 bytes).
    Removing gpio.o(i.GPIOPadConfigGet), (248 bytes).
    Removing gpio.o(i.GPIOPadConfigSet), (368 bytes).
    Removing gpio.o(i.GPIOPinConfigure), (68 bytes).
    Removing gpio.o(i.GPIOPinRead), (6 bytes).
    Removing gpio.o(i.GPIOPinTypeADC), (28 bytes).
    Removing gpio.o(i.GPIOPinTypeCAN), (28 bytes).
    Removing gpio.o(i.GPIOPinTypeComparator), (28 bytes).
    Removing gpio.o(i.GPIOPinTypeComparatorOutput), (28 bytes).
    Removing gpio.o(i.GPIOPinTypeDIVSCLK), (28 bytes).
    Removing gpio.o(i.GPIOPinTypeEPI), (28 bytes).
    Removing gpio.o(i.GPIOPinTypeEthernetLED), (28 bytes).
    Removing gpio.o(i.GPIOPinTypeEthernetMII), (28 bytes).
    Removing gpio.o(i.GPIOPinTypeGPIOInput), (28 bytes).
    Removing gpio.o(i.GPIOPinTypeGPIOOutput), (28 bytes).
    Removing gpio.o(i.GPIOPinTypeGPIOOutputOD), (28 bytes).
    Removing gpio.o(i.GPIOPinTypeHibernateRTCCLK), (28 bytes).
    Removing gpio.o(i.GPIOPinTypeI2C), (28 bytes).
    Removing gpio.o(i.GPIOPinTypeI2CSCL), (28 bytes).
    Removing gpio.o(i.GPIOPinTypeLCD), (28 bytes).
    Removing gpio.o(i.GPIOPinTypeOneWire), (28 bytes).
    Removing gpio.o(i.GPIOPinTypePWM), (28 bytes).
    Removing gpio.o(i.GPIOPinTypeQEI), (28 bytes).
    Removing gpio.o(i.GPIOPinTypeSSI), (28 bytes).
    Removing gpio.o(i.GPIOPinTypeTimer), (28 bytes).
    Removing gpio.o(i.GPIOPinTypeTrace), (28 bytes).
    Removing gpio.o(i.GPIOPinTypeUART), (28 bytes).
    Removing gpio.o(i.GPIOPinTypeUSBAnalog), (28 bytes).
    Removing gpio.o(i.GPIOPinTypeUSBDigital), (28 bytes).
    Removing gpio.o(i.GPIOPinTypeWakeHigh), (30 bytes).
    Removing gpio.o(i.GPIOPinTypeWakeLow), (30 bytes).
    Removing gpio.o(i.GPIOPinWakeStatus), (6 bytes).
    Removing gpio.o(i.GPIOPinWrite), (6 bytes).
    Removing gpio.o(i.GPIOUnlockPin), (24 bytes).
    Removing gpio.o(i._GPIOIntNumberGet), (80 bytes).
    Removing gpio.o(.constdata), (552 bytes).
    Removing interrupt.o(i.IntDisable), (100 bytes).
    Removing interrupt.o(i.IntIsEnabled), (96 bytes).
    Removing interrupt.o(i.IntMasterDisable), (14 bytes).
    Removing interrupt.o(i.IntPendClear), (68 bytes).
    Removing interrupt.o(i.IntPendSet), (84 bytes).
    Removing interrupt.o(i.IntPriorityGet), (28 bytes).
    Removing interrupt.o(i.IntPriorityGroupingGet), (36 bytes).
    Removing interrupt.o(i.IntPriorityGroupingSet), (28 bytes).
    Removing interrupt.o(i.IntPriorityMaskGet), (4 bytes).
    Removing interrupt.o(i.IntPriorityMaskSet), (4 bytes).
    Removing interrupt.o(i.IntPrioritySet), (40 bytes).
    Removing interrupt.o(i.IntRegister), (52 bytes).
    Removing interrupt.o(i.IntTrigger), (12 bytes).
    Removing interrupt.o(i.IntUnregister), (20 bytes).
    Removing interrupt.o(i._IntDefaultHandler), (2 bytes).
    Removing interrupt.o(vtable), (620 bytes).
    Removing pwm.o(i.PWMClockGet), (26 bytes).
    Removing pwm.o(i.PWMClockSet), (20 bytes).
    Removing pwm.o(i.PWMDeadBandDisable), (12 bytes).
    Removing pwm.o(i.PWMDeadBandEnable), (16 bytes).
    Removing pwm.o(i.PWMFaultIntClear), (8 bytes).
    Removing pwm.o(i.PWMFaultIntClearExt), (4 bytes).
    Removing pwm.o(i.PWMFaultIntRegister), (96 bytes).
    Removing pwm.o(i.PWMFaultIntUnregister), (88 bytes).
    Removing pwm.o(i.PWMGenConfigure), (38 bytes).
    Removing pwm.o(i.PWMGenDisable), (10 bytes).
    Removing pwm.o(i.PWMGenEnable), (10 bytes).
    Removing pwm.o(i.PWMGenFaultClear), (18 bytes).
    Removing pwm.o(i.PWMGenFaultConfigure), (18 bytes).
    Removing pwm.o(i.PWMGenFaultStatus), (18 bytes).
    Removing pwm.o(i.PWMGenFaultTriggerGet), (12 bytes).
    Removing pwm.o(i.PWMGenFaultTriggerSet), (12 bytes).
    Removing pwm.o(i.PWMGenIntClear), (6 bytes).
    Removing pwm.o(i.PWMGenIntRegister), (26 bytes).
    Removing pwm.o(i.PWMGenIntStatus), (12 bytes).
    Removing pwm.o(i.PWMGenIntTrigDisable), (10 bytes).
    Removing pwm.o(i.PWMGenIntTrigEnable), (10 bytes).
    Removing pwm.o(i.PWMGenIntUnregister), (22 bytes).
    Removing pwm.o(i.PWMGenPeriodGet), (18 bytes).
    Removing pwm.o(i.PWMGenPeriodSet), (18 bytes).
    Removing pwm.o(i.PWMIntDisable), (10 bytes).
    Removing pwm.o(i.PWMIntEnable), (8 bytes).
    Removing pwm.o(i.PWMIntStatus), (10 bytes).
    Removing pwm.o(i.PWMOutputFault), (16 bytes).
    Removing pwm.o(i.PWMOutputFaultLevel), (16 bytes).
    Removing pwm.o(i.PWMOutputInvert), (16 bytes).
    Removing pwm.o(i.PWMOutputUpdateMode), (62 bytes).
    Removing pwm.o(i.PWMPulseWidthGet), (32 bytes).
    Removing pwm.o(i.PWMSyncTimeBase), (4 bytes).
    Removing pwm.o(i.PWMSyncUpdate), (4 bytes).
    Removing pwm.o(i._PWMGenIntNumberGet), (224 bytes).
    Removing sysctl.o(i.SysCtlAltClkConfig), (12 bytes).
    Removing sysctl.o(i.SysCtlClockFreqSet), (748 bytes).
    Removing sysctl.o(i.SysCtlClockOutConfig), (20 bytes).
    Removing sysctl.o(i.SysCtlDeepSleep), (32 bytes).
    Removing sysctl.o(i.SysCtlDeepSleepClockConfigSet), (112 bytes).
    Removing sysctl.o(i.SysCtlDeepSleepClockSet), (12 bytes).
    Removing sysctl.o(i.SysCtlDeepSleepPowerSet), (12 bytes).
    Removing sysctl.o(i.SysCtlFlashSectorSizeGet), (56 bytes).
    Removing sysctl.o(i.SysCtlFlashSizeGet), (56 bytes).
    Removing sysctl.o(i.SysCtlGPIOAHBDisable), (28 bytes).
    Removing sysctl.o(i.SysCtlGPIOAHBEnable), (24 bytes).
    Removing sysctl.o(i.SysCtlIntClear), (12 bytes).
    Removing sysctl.o(i.SysCtlIntDisable), (16 bytes).
    Removing sysctl.o(i.SysCtlIntEnable), (16 bytes).
    Removing sysctl.o(i.SysCtlIntRegister), (20 bytes).
    Removing sysctl.o(i.SysCtlIntStatus), (16 bytes).
    Removing sysctl.o(i.SysCtlIntUnregister), (18 bytes).
    Removing sysctl.o(i.SysCtlLDODeepSleepGet), (12 bytes).
    Removing sysctl.o(i.SysCtlLDODeepSleepSet), (12 bytes).
    Removing sysctl.o(i.SysCtlLDOSleepGet), (12 bytes).
    Removing sysctl.o(i.SysCtlLDOSleepSet), (12 bytes).
    Removing sysctl.o(i.SysCtlMOSCConfigSet), (12 bytes).
    Removing sysctl.o(i.SysCtlNMIClear), (16 bytes).
    Removing sysctl.o(i.SysCtlNMIStatus), (12 bytes).
    Removing sysctl.o(i.SysCtlPIOSCCalibrate), (76 bytes).
    Removing sysctl.o(i.SysCtlPWMClockGet), (24 bytes).
    Removing sysctl.o(i.SysCtlPWMClockSet), (20 bytes).
    Removing sysctl.o(i.SysCtlPeripheralClockGating), (68 bytes).
    Removing sysctl.o(i.SysCtlPeripheralDeepSleepDisable), (40 bytes).
    Removing sysctl.o(i.SysCtlPeripheralDeepSleepEnable), (40 bytes).
    Removing sysctl.o(i.SysCtlPeripheralDisable), (40 bytes).
    Removing sysctl.o(i.SysCtlPeripheralPowerOff), (40 bytes).
    Removing sysctl.o(i.SysCtlPeripheralPowerOn), (40 bytes).
    Removing sysctl.o(i.SysCtlPeripheralPresent), (44 bytes).
    Removing sysctl.o(i.SysCtlPeripheralReady), (44 bytes).
    Removing sysctl.o(i.SysCtlPeripheralReset), (60 bytes).
    Removing sysctl.o(i.SysCtlPeripheralSleepDisable), (40 bytes).
    Removing sysctl.o(i.SysCtlPeripheralSleepEnable), (40 bytes).
    Removing sysctl.o(i.SysCtlReset), (16 bytes).
    Removing sysctl.o(i.SysCtlResetBehaviorGet), (12 bytes).
    Removing sysctl.o(i.SysCtlResetBehaviorSet), (12 bytes).
    Removing sysctl.o(i.SysCtlResetCauseClear), (16 bytes).
    Removing sysctl.o(i.SysCtlResetCauseGet), (12 bytes).
    Removing sysctl.o(i.SysCtlSRAMSizeGet), (16 bytes).
    Removing sysctl.o(i.SysCtlSleep), (4 bytes).
    Removing sysctl.o(i.SysCtlSleepPowerSet), (12 bytes).
    Removing sysctl.o(i.SysCtlUSBPLLDisable), (16 bytes).
    Removing sysctl.o(i.SysCtlUSBPLLEnable), (16 bytes).
    Removing sysctl.o(i.SysCtlVCOGet), (120 bytes).
    Removing sysctl.o(i.SysCtlVoltageEventClear), (16 bytes).
    Removing sysctl.o(i.SysCtlVoltageEventConfig), (12 bytes).
    Removing sysctl.o(i.SysCtlVoltageEventStatus), (12 bytes).
    Removing timer.o(i.TimerADCEventGet), (4 bytes).
    Removing timer.o(i.TimerADCEventSet), (4 bytes).
    Removing timer.o(i.TimerClockSourceGet), (6 bytes).
    Removing timer.o(i.TimerClockSourceSet), (6 bytes).
    Removing timer.o(i.TimerControlEvent), (18 bytes).
    Removing timer.o(i.TimerControlLevel), (22 bytes).
    Removing timer.o(i.TimerControlStall), (22 bytes).
    Removing timer.o(i.TimerControlTrigger), (80 bytes).
    Removing timer.o(i.TimerControlWaitOnTrigger), (48 bytes).
    Removing timer.o(i.TimerDMAEventGet), (4 bytes).
    Removing timer.o(i.TimerDMAEventSet), (4 bytes).
    Removing timer.o(i.TimerDisable), (16 bytes).
    Removing timer.o(i.TimerEnable), (14 bytes).
    Removing timer.o(i.TimerIntClear), (4 bytes).
    Removing timer.o(i.TimerIntDisable), (10 bytes).
    Removing timer.o(i.TimerIntRegister), (104 bytes).
    Removing timer.o(i.TimerIntStatus), (10 bytes).
    Removing timer.o(i.TimerIntUnregister), (104 bytes).
    Removing timer.o(i.TimerLoadGet), (10 bytes).
    Removing timer.o(i.TimerLoadGet64), (14 bytes).
    Removing timer.o(i.TimerLoadSet64), (6 bytes).
    Removing timer.o(i.TimerMatchGet), (10 bytes).
    Removing timer.o(i.TimerMatchGet64), (14 bytes).
    Removing timer.o(i.TimerMatchSet), (18 bytes).
    Removing timer.o(i.TimerMatchSet64), (6 bytes).
    Removing timer.o(i.TimerPrescaleGet), (10 bytes).
    Removing timer.o(i.TimerPrescaleMatchGet), (10 bytes).
    Removing timer.o(i.TimerPrescaleMatchSet), (18 bytes).
    Removing timer.o(i.TimerPrescaleSet), (18 bytes).
    Removing timer.o(i.TimerRTCDisable), (10 bytes).
    Removing timer.o(i.TimerRTCEnable), (10 bytes).
    Removing timer.o(i.TimerSynchronize), (4 bytes).
    Removing timer.o(i.TimerUpdateMode), (42 bytes).
    Removing timer.o(i.TimerValueGet), (10 bytes).
    Removing timer.o(i.TimerValueGet64), (14 bytes).
    Removing timer.o(.constdata), (160 bytes).
    Removing uart.o(i.UART9BitAddrSend), (38 bytes).
    Removing uart.o(i.UART9BitAddrSet), (10 bytes).
    Removing uart.o(i.UART9BitDisable), (14 bytes).
    Removing uart.o(i.UART9BitEnable), (14 bytes).
    Removing uart.o(i.UARTBreakCtl), (18 bytes).
    Removing uart.o(i.UARTBusy), (8 bytes).
    Removing uart.o(i.UARTCharGet), (12 bytes).
    Removing uart.o(i.UARTCharGetNonBlocking), (16 bytes).
    Removing uart.o(i.UARTCharPut), (12 bytes).
    Removing uart.o(i.UARTCharPutNonBlocking), (16 bytes).
    Removing uart.o(i.UARTCharsAvail), (10 bytes).
    Removing uart.o(i.UARTClockSourceGet), (6 bytes).
    Removing uart.o(i.UARTClockSourceSet), (6 bytes).
    Removing uart.o(i.UARTConfigGetExpClk), (46 bytes).
    Removing uart.o(i.UARTConfigSetExpClk), (110 bytes).
    Removing uart.o(i.UARTDMADisable), (10 bytes).
    Removing uart.o(i.UARTDMAEnable), (8 bytes).
    Removing uart.o(i.UARTDisable), (30 bytes).
    Removing uart.o(i.UARTDisableSIR), (10 bytes).
    Removing uart.o(i.UARTEnable), (20 bytes).
    Removing uart.o(i.UARTEnableSIR), (18 bytes).
    Removing uart.o(i.UARTFIFODisable), (10 bytes).
    Removing uart.o(i.UARTFIFOEnable), (10 bytes).
    Removing uart.o(i.UARTFIFOLevelGet), (16 bytes).
    Removing uart.o(i.UARTFIFOLevelSet), (6 bytes).
    Removing uart.o(i.UARTFlowControlGet), (8 bytes).
    Removing uart.o(i.UARTFlowControlSet), (12 bytes).
    Removing uart.o(i.UARTIntClear), (4 bytes).
    Removing uart.o(i.UARTIntDisable), (10 bytes).
    Removing uart.o(i.UARTIntEnable), (8 bytes).
    Removing uart.o(i.UARTIntRegister), (88 bytes).
    Removing uart.o(i.UARTIntStatus), (10 bytes).
    Removing uart.o(i.UARTIntUnregister), (88 bytes).
    Removing uart.o(i.UARTLoopbackEnable), (10 bytes).
    Removing uart.o(i.UARTModemControlClear), (14 bytes).
    Removing uart.o(i.UARTModemControlGet), (8 bytes).
    Removing uart.o(i.UARTModemControlSet), (12 bytes).
    Removing uart.o(i.UARTModemStatusGet), (10 bytes).
    Removing uart.o(i.UARTParityModeGet), (8 bytes).
    Removing uart.o(i.UARTParityModeSet), (12 bytes).
    Removing uart.o(i.UARTRxErrorClear), (6 bytes).
    Removing uart.o(i.UARTRxErrorGet), (8 bytes).
    Removing uart.o(i.UARTSmartCardDisable), (10 bytes).
    Removing uart.o(i.UARTSmartCardEnable), (22 bytes).
    Removing uart.o(i.UARTSpaceAvail), (10 bytes).
    Removing uart.o(i.UARTTxIntModeGet), (8 bytes).
    Removing uart.o(i.UARTTxIntModeSet), (12 bytes).
    Removing uart.o(.constdata), (128 bytes).

256 unused section(s) (total 10082 bytes) removed from the image.

==============================================================================

Image Symbol Table

    Local Symbols

    Symbol Name                              Value     Ov Type        Size  Object(Section)

    RESET                                    0x00000000   Section      620  startup_tm4c123.o(RESET)
    ../clib/angel/boardlib.s                 0x00000000   Number         0  boardinit1.o ABSOLUTE
    ../clib/angel/boardlib.s                 0x00000000   Number         0  boardshut.o ABSOLUTE
    ../clib/angel/boardlib.s                 0x00000000   Number         0  boardinit3.o ABSOLUTE
    ../clib/angel/boardlib.s                 0x00000000   Number         0  boardinit2.o ABSOLUTE
    ../clib/angel/handlers.s                 0x00000000   Number         0  __scatter_zi.o ABSOLUTE
    ../clib/angel/handlers.s                 0x00000000   Number         0  __scatter_copy.o ABSOLUTE
    ../clib/angel/kernel.s                   0x00000000   Number         0  rtexit2.o ABSOLUTE
    ../clib/angel/kernel.s                   0x00000000   Number         0  __rtentry4.o ABSOLUTE
    ../clib/angel/kernel.s                   0x00000000   Number         0  rtexit.o ABSOLUTE
    ../clib/angel/kernel.s                   0x00000000   Number         0  __rtentry2.o ABSOLUTE
    ../clib/angel/kernel.s                   0x00000000   Number         0  __rtentry.o ABSOLUTE
    ../clib/angel/rt.s                       0x00000000   Number         0  rt_raise.o ABSOLUTE
    ../clib/angel/scatter.s                  0x00000000   Number         0  __scatter.o ABSOLUTE
    ../clib/angel/startup.s                  0x00000000   Number         0  __main.o ABSOLUTE
    ../clib/angel/sys.s                      0x00000000   Number         0  sys_stackheap_outer.o ABSOLUTE
    ../clib/angel/sys.s                      0x00000000   Number         0  indicate_semi.o ABSOLUTE
    ../clib/angel/sys.s                      0x00000000   Number         0  use_no_semi.o ABSOLUTE
    ../clib/angel/sys.s                      0x00000000   Number         0  libspace.o ABSOLUTE
    ../clib/angel/sysapp.c                   0x00000000   Number         0  sys_exit.o ABSOLUTE
    ../clib/angel/sysapp.c                   0x00000000   Number         0  sys_wrch.o ABSOLUTE
    ../clib/angel/sysapp.c                   0x00000000   Number         0  sys_command.o ABSOLUTE
    ../clib/armsys.c                         0x00000000   Number         0  _get_argv_nomalloc.o ABSOLUTE
    ../clib/armsys.c                         0x00000000   Number         0  argv_veneer.o ABSOLUTE
    ../clib/armsys.c                         0x00000000   Number         0  argv_veneer.o ABSOLUTE
    ../clib/armsys.c                         0x00000000   Number         0  no_argv.o ABSOLUTE
    ../clib/heapalloc.c                      0x00000000   Number         0  hrguard.o ABSOLUTE
    ../clib/heapaux.c                        0x00000000   Number         0  heapauxi.o ABSOLUTE
    ../clib/libinit.s                        0x00000000   Number         0  libshutdown.o ABSOLUTE
    ../clib/libinit.s                        0x00000000   Number         0  libinit2.o ABSOLUTE
    ../clib/libinit.s                        0x00000000   Number         0  libshutdown2.o ABSOLUTE
    ../clib/libinit.s                        0x00000000   Number         0  libinit.o ABSOLUTE
    ../clib/signal.c                         0x00000000   Number         0  defsig_rtred_inner.o ABSOLUTE
    ../clib/signal.c                         0x00000000   Number         0  defsig_fpe_inner.o ABSOLUTE
    ../clib/signal.c                         0x00000000   Number         0  defsig_abrt_inner.o ABSOLUTE
    ../clib/signal.c                         0x00000000   Number         0  defsig_general.o ABSOLUTE
    ../clib/signal.c                         0x00000000   Number         0  defsig_exit.o ABSOLUTE
    ../clib/signal.c                         0x00000000   Number         0  __raise.o ABSOLUTE
    ../clib/signal.c                         0x00000000   Number         0  defsig_rtmem_inner.o ABSOLUTE
    ../clib/signal.c                         0x00000000   Number         0  defsig_rtmem_outer.o ABSOLUTE
    ../clib/signal.c                         0x00000000   Number         0  defsig_rtmem_formal.o ABSOLUTE
    ../clib/signal.c                         0x00000000   Number         0  defsig_segv_inner.o ABSOLUTE
    ../clib/signal.c                         0x00000000   Number         0  defsig_other.o ABSOLUTE
    ../clib/signal.c                         0x00000000   Number         0  defsig_pvfn_inner.o ABSOLUTE
    ../clib/signal.c                         0x00000000   Number         0  defsig_cppl_inner.o ABSOLUTE
    ../clib/signal.c                         0x00000000   Number         0  defsig_stak_inner.o ABSOLUTE
    ../clib/signal.s                         0x00000000   Number         0  defsig.o ABSOLUTE
    ../clib/stdlib.c                         0x00000000   Number         0  exit.o ABSOLUTE
    ../fplib/daddsub.s                       0x00000000   Number         0  daddsub_clz.o ABSOLUTE
    ../fplib/ddiv.s                          0x00000000   Number         0  ddiv.o ABSOLUTE
    ../fplib/dfixu.s                         0x00000000   Number         0  dfixu.o ABSOLUTE
    ../fplib/dmul.s                          0x00000000   Number         0  dmul.o ABSOLUTE
    ../fplib/dnaninf.s                       0x00000000   Number         0  dnaninf.o ABSOLUTE
    ../fplib/dretinf.s                       0x00000000   Number         0  dretinf.o ABSOLUTE
    ../fplib/f2d.s                           0x00000000   Number         0  f2d.o ABSOLUTE
    ../fplib/fnaninf.s                       0x00000000   Number         0  fnaninf.o ABSOLUTE
    ../fplib/fpinit.s                        0x00000000   Number         0  fpinit.o ABSOLUTE
    ../fplib/usenofp.s                       0x00000000   Number         0  usenofp.o ABSOLUTE
    AjustableTabletPositionerMain.c          0x00000000   Number         0  ajustabletabletpositionermain.o ABSOLUTE
    KeypadI2C.c                              0x00000000   Number         0  keypadi2c.o ABSOLUTE
    ProfileFlash.c                           0x00000000   Number         0  profileflash.o ABSOLUTE
    RTE\Device\TM4C123GH6PM\startup_TM4C123.s 0x00000000   Number         0  startup_tm4c123.o ABSOLUTE
    RTE\Device\TM4C123GH6PM\system_TM4C123.c 0x00000000   Number         0  system_tm4c123.o ABSOLUTE
    RTE\\Device\\TM4C123GH6PM\\system_TM4C123.c 0x00000000   Number         0  system_tm4c123.o ABSOLUTE
    ServoPWM.c                               0x00000000   Number         0  servopwm.o ABSOLUTE
    cpu.c                                    0x00000000   Number         0  cpu.o ABSOLUTE
    cpu.c                                    0x00000000   Number         0  cpu.o ABSOLUTE
    dc.s                                     0x00000000   Number         0  dc.o ABSOLUTE
    gpio.c                                   0x00000000   Number         0  gpio.o ABSOLUTE
    interrupt.c                              0x00000000   Number         0  interrupt.o ABSOLUTE
    pwm.c                                    0x00000000   Number         0  pwm.o ABSOLUTE
    sysctl.c                                 0x00000000   Number         0  sysctl.o ABSOLUTE
    sysctl.c                                 0x00000000   Number         0  sysctl.o ABSOLUTE
    timer.c                                  0x00000000   Number         0  timer.o ABSOLUTE
    uart.c                                   0x00000000   Number         0  uart.o ABSOLUTE
    !!!main                                  0x0000026c   Section        8  __main.o(!!!main)
    !!!scatter                               0x00000274   Section       52  __scatter.o(!!!scatter)
    !!handler_copy                           0x000002a8   Section       26  __scatter_copy.o(!!handler_copy)
    !!handler_zi                             0x000002c4   Section       28  __scatter_zi.o(!!handler_zi)
    .ARM.Collect$$libinit$$00000000          0x000002e0   Section        2  libinit.o(.ARM.Collect$$libinit$$00000000)
    .ARM.Collect$$libinit$$00000001          0x000002e2   Section        4  libinit2.o(.ARM.Collect$$libinit$$00000001)
    .ARM.Collect$$libinit$$00000004          0x000002e6   Section        0  libinit2.o(.ARM.Collect$$libinit$$00000004)
    .ARM.Collect$$libinit$$0000000A          0x000002e6   Section        0  libinit2.o(.ARM.Collect$$libinit$$0000000A)
    .ARM.Collect$$libinit$$0000000C          0x000002e6   Section        0  libinit2.o(.ARM.Collect$$libinit$$0000000C)
    .ARM.Collect$$libinit$$0000000E          0x000002e6   Section        0  libinit2.o(.ARM.Collect$$libinit$$0000000E)
    .ARM.Collect$$libinit$$00000011          0x000002e6   Section        0  libinit2.o(.ARM.Collect$$libinit$$00000011)
    .ARM.Collect$$libinit$$00000013          0x000002e6   Section        0  libinit2.o(.ARM.Collect$$libinit$$00000013)
    .ARM.Collect$$libinit$$00000015          0x000002e6   Section        0  libinit2.o(.ARM.Collect$$libinit$$00000015)
    .ARM.Collect$$libinit$$00000017          0x000002e6   Section        0  libinit2.o(.ARM.Collect$$libinit$$00000017)
    .ARM.Collect$$libinit$$00000019          0x000002e6   Section        0  libinit2.o(.ARM.Collect$$libinit$$00000019)
    .ARM.Collect$$libinit$$0000001B          0x000002e6   Section        0  libinit2.o(.ARM.Collect$$libinit$$0000001B)
    .ARM.Collect$$libinit$$0000001D          0x000002e6   Section        0  libinit2.o(.ARM.Collect$$libinit$$0000001D)
    .ARM.Collect$$libinit$$0000001F          0x000002e6   Section        0  libinit2.o(.ARM.Collect$$libinit$$0000001F)
    .ARM.Collect$$libinit$$00000021          0x000002e6   Section        0  libinit2.o(.ARM.Collect$$libinit$$00000021)
    .ARM.Collect$$libinit$$00000023          0x000002e6   Section        0  libinit2.o(.ARM.Collect$$libinit$$00000023)
    .ARM.Collect$$libinit$$00000025          0x000002e6   Section        0  libinit2.o(.ARM.Collect$$libinit$$00000025)
    .ARM.Collect$$libinit$$0000002C          0x000002e6   Section        0  libinit2.o(.ARM.Collect$$libinit$$0000002C)
    .ARM.Collect$$libinit$$0000002E          0x000002e6   Section        0  libinit2.o(.ARM.Collect$$libinit$$0000002E)
    .ARM.Collect$$libinit$$00000030          0x000002e6   Section        0  libinit2.o(.ARM.Collect$$libinit$$00000030)
    .ARM.Collect$$libinit$$00000032          0x000002e6   Section        0  libinit2.o(.ARM.Collect$$libinit$$00000032)
    .ARM.Collect$$libinit$$00000033          0x000002e6   Section        2  libinit2.o(.ARM.Collect$$libinit$$00000033)
    .ARM.Collect$$libshutdown$$00000000      0x000002e8   Section        2  libshutdown.o(.ARM.Collect$$libshutdown$$00000000)
    .ARM.Collect$$libshutdown$$00000002      0x000002ea   Section        0  libshutdown2.o(.ARM.Collect$$libshutdown$$00000002)
    .ARM.Collect$$libshutdown$$00000004      0x000002ea   Section        0  libshutdown2.o(.ARM.Collect$$libshutdown$$00000004)
    .ARM.Collect$$libshutdown$$00000006      0x000002ea   Section        0  libshutdown2.o(.ARM.Collect$$libshutdown$$00000006)
    .ARM.Collect$$libshutdown$$00000009      0x000002ea   Section        0  libshutdown2.o(.ARM.Collect$$libshutdown$$00000009)
    .ARM.Collect$$libshutdown$$0000000C      0x000002ea   Section        0  libshutdown2.o(.ARM.Collect$$libshutdown$$0000000C)
    .ARM.Collect$$libshutdown$$0000000E      0x000002ea   Section        0  libshutdown2.o(.ARM.Collect$$libshutdown$$0000000E)
    .ARM.Collect$$libshutdown$$00000011      0x000002ea   Section        0  libshutdown2.o(.ARM.Collect$$libshutdown$$00000011)
    .ARM.Collect$$libshutdown$$00000012      0x000002ea   Section        2  libshutdown2.o(.ARM.Collect$$libshutdown$$00000012)
    .ARM.Collect$$rtentry$$00000000          0x000002ec   Section        0  __rtentry.o(.ARM.Collect$$rtentry$$00000000)
    .ARM.Collect$$rtentry$$00000002          0x000002ec   Section        0  __rtentry2.o(.ARM.Collect$$rtentry$$00000002)
    .ARM.Collect$$rtentry$$00000004          0x000002ec   Section        6  __rtentry4.o(.ARM.Collect$$rtentry$$00000004)
    .ARM.Collect$$rtentry$$00000009          0x000002f2   Section        0  __rtentry2.o(.ARM.Collect$$rtentry$$00000009)
    .ARM.Collect$$rtentry$$0000000A          0x000002f2   Section        4  __rtentry2.o(.ARM.Collect$$rtentry$$0000000A)
    .ARM.Collect$$rtentry$$0000000C          0x000002f6   Section        0  __rtentry2.o(.ARM.Collect$$rtentry$$0000000C)
    .ARM.Collect$$rtentry$$0000000D          0x000002f6   Section        8  __rtentry2.o(.ARM.Collect$$rtentry$$0000000D)
    .ARM.Collect$$rtexit$$00000000           0x000002fe   Section        2  rtexit.o(.ARM.Collect$$rtexit$$00000000)
    .ARM.Collect$$rtexit$$00000002           0x00000300   Section        0  rtexit2.o(.ARM.Collect$$rtexit$$00000002)
    .ARM.Collect$$rtexit$$00000003           0x00000300   Section        4  rtexit2.o(.ARM.Collect$$rtexit$$00000003)
    .ARM.Collect$$rtexit$$00000004           0x00000304   Section        6  rtexit2.o(.ARM.Collect$$rtexit$$00000004)
    .emb_text                                0x0000030c   Section        6  sysctl.o(.emb_text)
    $v0                                      0x0000030c   Number         0  sysctl.o(.emb_text)
    .emb_text                                0x00000314   Section       38  cpu.o(.emb_text)
    $v0                                      0x00000314   Number         0  cpu.o(.emb_text)
    .text                                    0x0000033c   Section      276  startup_tm4c123.o(.text)
    $v0                                      0x0000033c   Number         0  startup_tm4c123.o(.text)
    .text                                    0x00000450   Section        0  heapauxi.o(.text)
    .text                                    0x00000456   Section       74  sys_stackheap_outer.o(.text)
    .text                                    0x000004a0   Section        0  exit.o(.text)
    .text                                    0x000004b4   Section        8  libspace.o(.text)
    .text                                    0x000004bc   Section        0  sys_exit.o(.text)
    .text                                    0x000004c8   Section        2  use_no_semi.o(.text)
    .text                                    0x000004ca   Section        0  indicate_semi.o(.text)
    i.ALT_InitPWMforServo                    0x000004cc   Section        0  servopwm.o(i.ALT_InitPWMforServo)
    i.Flash_Enable                           0x00000564   Section        0  profileflash.o(i.Flash_Enable)
    i.Flash_Read                             0x00000590   Section        0  profileflash.o(i.Flash_Read)
    i.Flash_Read_Offset                      0x000005d8   Section        0  profileflash.o(i.Flash_Read_Offset)
    i.Flash_Write_Offset                     0x000005e0   Section        0  profileflash.o(i.Flash_Write_Offset)
    i.GPIO_Init                              0x00000634   Section        0  ajustabletabletpositionermain.o(i.GPIO_Init)
    i.IntEnable                              0x00000658   Section        0  interrupt.o(i.IntEnable)
    i.IntMasterEnable                        0x000006bc   Section        0  interrupt.o(i.IntMasterEnable)
    i.MCInit                                 0x000006cc   Section        0  ajustabletabletpositionermain.o(i.MCInit)
    i.PWMOutputState                         0x00000724   Section        0  pwm.o(i.PWMOutputState)
    i.PWMPulseWidthSet                       0x00000734   Section        0  pwm.o(i.PWMPulseWidthSet)
    i.SysCtlClockGet                         0x00000754   Section        0  sysctl.o(i.SysCtlClockGet)
    i.SysCtlClockSet                         0x000008a8   Section        0  sysctl.o(i.SysCtlClockSet)
    i.SysCtlPeripheralEnable                 0x000009c8   Section        0  sysctl.o(i.SysCtlPeripheralEnable)
    i.SystemInit                             0x000009f0   Section        0  system_tm4c123.o(i.SystemInit)
    i.TimerConfigure                         0x00000a88   Section        0  timer.o(i.TimerConfigure)
    i.TimerIntEnable                         0x00000ae8   Section        0  timer.o(i.TimerIntEnable)
    i.TimerLoadSet                           0x00000af0   Section        0  timer.o(i.TimerLoadSet)
    i.main                                   0x00000b02   Section        0  ajustabletabletpositionermain.o(i.main)
    i.position_servo                         0x00000b54   Section        0  servopwm.o(i.position_servo)
    x$fpl$dadd                               0x00000c04   Section      336  daddsub_clz.o(x$fpl$dadd)
    $v0                                      0x00000c04   Number         0  daddsub_clz.o(x$fpl$dadd)
    _dadd1                                   0x00000c15   Thumb Code     0  daddsub_clz.o(x$fpl$dadd)
    x$fpl$ddiv                               0x00000d54   Section      688  ddiv.o(x$fpl$ddiv)
    $v0                                      0x00000d54   Number         0  ddiv.o(x$fpl$ddiv)
    ddiv_entry                               0x00000d5b   Thumb Code     0  ddiv.o(x$fpl$ddiv)
    x$fpl$dfixu                              0x00001004   Section       90  dfixu.o(x$fpl$dfixu)
    $v0                                      0x00001004   Number         0  dfixu.o(x$fpl$dfixu)
    x$fpl$dmul                               0x00001060   Section      340  dmul.o(x$fpl$dmul)
    $v0                                      0x00001060   Number         0  dmul.o(x$fpl$dmul)
    x$fpl$dnaninf                            0x000011b4   Section      156  dnaninf.o(x$fpl$dnaninf)
    $v0                                      0x000011b4   Number         0  dnaninf.o(x$fpl$dnaninf)
    x$fpl$dretinf                            0x00001250   Section       12  dretinf.o(x$fpl$dretinf)
    $v0                                      0x00001250   Number         0  dretinf.o(x$fpl$dretinf)
    x$fpl$dsub                               0x0000125c   Section      468  daddsub_clz.o(x$fpl$dsub)
    $v0                                      0x0000125c   Number         0  daddsub_clz.o(x$fpl$dsub)
    _dsub1                                   0x0000126d   Thumb Code     0  daddsub_clz.o(x$fpl$dsub)
    x$fpl$f2d                                0x00001430   Section       86  f2d.o(x$fpl$f2d)
    $v0                                      0x00001430   Number         0  f2d.o(x$fpl$f2d)
    x$fpl$fnaninf                            0x00001486   Section      140  fnaninf.o(x$fpl$fnaninf)
    $v0                                      0x00001486   Number         0  fnaninf.o(x$fpl$fnaninf)
    x$fpl$fpinit                             0x00001512   Section       10  fpinit.o(x$fpl$fpinit)
    $v0                                      0x00001512   Number         0  fpinit.o(x$fpl$fpinit)
    .constdata                               0x0000151c   Section      268  interrupt.o(.constdata)
    x$fpl$usenofp                            0x0000151c   Section        0  usenofp.o(x$fpl$usenofp)
    g_pui32Priority                          0x0000151c   Data          32  interrupt.o(.constdata)
    g_pui32Regs                              0x0000153c   Data         156  interrupt.o(.constdata)
    g_pui32EnRegs                            0x000015d8   Data          20  interrupt.o(.constdata)
    g_pui32Dii16Regs                         0x000015ec   Data          20  interrupt.o(.constdata)
    g_pui32PendRegs                          0x00001600   Data          20  interrupt.o(.constdata)
    g_pui32UnpendRegs                        0x00001614   Data          20  interrupt.o(.constdata)
    .constdata                               0x00001628   Section      596  sysctl.o(.constdata)
    g_pui32VCOFrequencies                    0x00001628   Data           8  sysctl.o(.constdata)
    g_pui32Xtals                             0x00001630   Data         108  sysctl.o(.constdata)
    g_pppui32XTALtoVCO                       0x0000169c   Data         432  sysctl.o(.constdata)
    g_sXTALtoMEMTIM                          0x0000184c   Data          48  sysctl.o(.constdata)
    .data                                    0x20000000   Section        8  profileflash.o(.data)
    flashKey_                                0x20000000   Data           2  profileflash.o(.data)
    .bss                                     0x20000008   Section       96  libspace.o(.bss)
    HEAP                                     0x20000068   Section        0  startup_tm4c123.o(HEAP)
    STACK                                    0x20000068   Section      512  startup_tm4c123.o(STACK)
    Heap_Mem                                 0x20000068   Data           0  startup_tm4c123.o(HEAP)
    Stack_Mem                                0x20000068   Data         512  startup_tm4c123.o(STACK)
    __initial_sp                             0x20000268   Data           0  startup_tm4c123.o(STACK)

    Global Symbols

    Symbol Name                              Value     Ov Type        Size  Object(Section)

    BuildAttributes$$THM_ISAv4$E$P$D$K$B$S$7EM$VFPi3$EXTD16$VFPS$VFMA$PE$A:L22UL41UL21$X:L11$S22US41US21$IEEE1$IW$USESV6$~STKCKD$USESV7$~SHL$OTIME$ROPI$EBA8$UX$STANDARDLIB$REQ8$PRES8$EABIv2 0x00000000   Number         0  anon$$obj.o ABSOLUTE
    __ARM_use_no_argv                        0x00000000   Number         0  ajustabletabletpositionermain.o ABSOLUTE
    __Vectors                                0x00000000   Data           4  startup_tm4c123.o(RESET)
    __ARM_exceptions_init                     - Undefined Weak Reference
    __alloca_initialize                       - Undefined Weak Reference
    __arm_fini_                               - Undefined Weak Reference
    __arm_preinit_                            - Undefined Weak Reference
    __cpp_initialize__aeabi_                  - Undefined Weak Reference
    __cxa_finalize                            - Undefined Weak Reference
    __rt_locale                               - Undefined Weak Reference
    __sigvec_lookup                           - Undefined Weak Reference
    _atexit_init                              - Undefined Weak Reference
    _call_atexit_fns                          - Undefined Weak Reference
    _clock_init                               - Undefined Weak Reference
    _fp_trap_init                             - Undefined Weak Reference
    _fp_trap_shutdown                         - Undefined Weak Reference
    _get_lc_collate                           - Undefined Weak Reference
    _get_lc_ctype                             - Undefined Weak Reference
    _get_lc_monetary                          - Undefined Weak Reference
    _get_lc_numeric                           - Undefined Weak Reference
    _get_lc_time                              - Undefined Weak Reference
    _getenv_init                              - Undefined Weak Reference
    _handle_redirection                       - Undefined Weak Reference
    _init_alloc                               - Undefined Weak Reference
    _init_user_alloc                          - Undefined Weak Reference
    _initio                                   - Undefined Weak Reference
    _rand_init                                - Undefined Weak Reference
    _signal_finish                            - Undefined Weak Reference
    _signal_init                              - Undefined Weak Reference
    _terminate_alloc                          - Undefined Weak Reference
    _terminate_user_alloc                     - Undefined Weak Reference
    _terminateio                              - Undefined Weak Reference
    __Vectors_End                            0x0000026c   Data           0  startup_tm4c123.o(RESET)
    __Vectors_Size                           0x0000026c   Number         0  startup_tm4c123.o ABSOLUTE
    __main                                   0x0000026d   Thumb Code     8  __main.o(!!!main)
    __scatterload                            0x00000275   Thumb Code     0  __scatter.o(!!!scatter)
    __scatterload_rt2                        0x00000275   Thumb Code    44  __scatter.o(!!!scatter)
    __scatterload_rt2_thumb_only             0x00000275   Thumb Code     0  __scatter.o(!!!scatter)
    __scatterload_null                       0x00000283   Thumb Code     0  __scatter.o(!!!scatter)
    __scatterload_copy                       0x000002a9   Thumb Code    26  __scatter_copy.o(!!handler_copy)
    __scatterload_zeroinit                   0x000002c5   Thumb Code    28  __scatter_zi.o(!!handler_zi)
    __rt_lib_init                            0x000002e1   Thumb Code     0  libinit.o(.ARM.Collect$$libinit$$00000000)
    __rt_lib_init_fp_1                       0x000002e3   Thumb Code     0  libinit2.o(.ARM.Collect$$libinit$$00000001)
    __rt_lib_init_alloca_1                   0x000002e7   Thumb Code     0  libinit2.o(.ARM.Collect$$libinit$$0000002E)
    __rt_lib_init_argv_1                     0x000002e7   Thumb Code     0  libinit2.o(.ARM.Collect$$libinit$$0000002C)
    __rt_lib_init_atexit_1                   0x000002e7   Thumb Code     0  libinit2.o(.ARM.Collect$$libinit$$0000001B)
    __rt_lib_init_clock_1                    0x000002e7   Thumb Code     0  libinit2.o(.ARM.Collect$$libinit$$00000021)
    __rt_lib_init_cpp_1                      0x000002e7   Thumb Code     0  libinit2.o(.ARM.Collect$$libinit$$00000032)
    __rt_lib_init_exceptions_1               0x000002e7   Thumb Code     0  libinit2.o(.ARM.Collect$$libinit$$00000030)
    __rt_lib_init_fp_trap_1                  0x000002e7   Thumb Code     0  libinit2.o(.ARM.Collect$$libinit$$0000001F)
    __rt_lib_init_getenv_1                   0x000002e7   Thumb Code     0  libinit2.o(.ARM.Collect$$libinit$$00000023)
    __rt_lib_init_heap_1                     0x000002e7   Thumb Code     0  libinit2.o(.ARM.Collect$$libinit$$0000000A)
    __rt_lib_init_lc_collate_1               0x000002e7   Thumb Code     0  libinit2.o(.ARM.Collect$$libinit$$00000011)
    __rt_lib_init_lc_ctype_1                 0x000002e7   Thumb Code     0  libinit2.o(.ARM.Collect$$libinit$$00000013)
    __rt_lib_init_lc_monetary_1              0x000002e7   Thumb Code     0  libinit2.o(.ARM.Collect$$libinit$$00000015)
    __rt_lib_init_lc_numeric_1               0x000002e7   Thumb Code     0  libinit2.o(.ARM.Collect$$libinit$$00000017)
    __rt_lib_init_lc_time_1                  0x000002e7   Thumb Code     0  libinit2.o(.ARM.Collect$$libinit$$00000019)
    __rt_lib_init_preinit_1                  0x000002e7   Thumb Code     0  libinit2.o(.ARM.Collect$$libinit$$00000004)
    __rt_lib_init_rand_1                     0x000002e7   Thumb Code     0  libinit2.o(.ARM.Collect$$libinit$$0000000E)
    __rt_lib_init_return                     0x000002e7   Thumb Code     0  libinit2.o(.ARM.Collect$$libinit$$00000033)
    __rt_lib_init_signal_1                   0x000002e7   Thumb Code     0  libinit2.o(.ARM.Collect$$libinit$$0000001D)
    __rt_lib_init_stdio_1                    0x000002e7   Thumb Code     0  libinit2.o(.ARM.Collect$$libinit$$00000025)
    __rt_lib_init_user_alloc_1               0x000002e7   Thumb Code     0  libinit2.o(.ARM.Collect$$libinit$$0000000C)
    __rt_lib_shutdown                        0x000002e9   Thumb Code     0  libshutdown.o(.ARM.Collect$$libshutdown$$00000000)
    __rt_lib_shutdown_cpp_1                  0x000002eb   Thumb Code     0  libshutdown2.o(.ARM.Collect$$libshutdown$$00000004)
    __rt_lib_shutdown_fini_1                 0x000002eb   Thumb Code     0  libshutdown2.o(.ARM.Collect$$libshutdown$$00000002)
    __rt_lib_shutdown_fp_trap_1              0x000002eb   Thumb Code     0  libshutdown2.o(.ARM.Collect$$libshutdown$$00000009)
    __rt_lib_shutdown_heap_1                 0x000002eb   Thumb Code     0  libshutdown2.o(.ARM.Collect$$libshutdown$$00000011)
    __rt_lib_shutdown_return                 0x000002eb   Thumb Code     0  libshutdown2.o(.ARM.Collect$$libshutdown$$00000012)
    __rt_lib_shutdown_signal_1               0x000002eb   Thumb Code     0  libshutdown2.o(.ARM.Collect$$libshutdown$$0000000C)
    __rt_lib_shutdown_stdio_1                0x000002eb   Thumb Code     0  libshutdown2.o(.ARM.Collect$$libshutdown$$00000006)
    __rt_lib_shutdown_user_alloc_1           0x000002eb   Thumb Code     0  libshutdown2.o(.ARM.Collect$$libshutdown$$0000000E)
    __rt_entry                               0x000002ed   Thumb Code     0  __rtentry.o(.ARM.Collect$$rtentry$$00000000)
    __rt_entry_presh_1                       0x000002ed   Thumb Code     0  __rtentry2.o(.ARM.Collect$$rtentry$$00000002)
    __rt_entry_sh                            0x000002ed   Thumb Code     0  __rtentry4.o(.ARM.Collect$$rtentry$$00000004)
    __rt_entry_li                            0x000002f3   Thumb Code     0  __rtentry2.o(.ARM.Collect$$rtentry$$0000000A)
    __rt_entry_postsh_1                      0x000002f3   Thumb Code     0  __rtentry2.o(.ARM.Collect$$rtentry$$00000009)
    __rt_entry_main                          0x000002f7   Thumb Code     0  __rtentry2.o(.ARM.Collect$$rtentry$$0000000D)
    __rt_entry_postli_1                      0x000002f7   Thumb Code     0  __rtentry2.o(.ARM.Collect$$rtentry$$0000000C)
    __rt_exit                                0x000002ff   Thumb Code     0  rtexit.o(.ARM.Collect$$rtexit$$00000000)
    __rt_exit_ls                             0x00000301   Thumb Code     0  rtexit2.o(.ARM.Collect$$rtexit$$00000003)
    __rt_exit_prels_1                        0x00000301   Thumb Code     0  rtexit2.o(.ARM.Collect$$rtexit$$00000002)
    __rt_exit_exit                           0x00000305   Thumb Code     0  rtexit2.o(.ARM.Collect$$rtexit$$00000004)
    SysCtlDelay                              0x0000030d   Thumb Code     6  sysctl.o(.emb_text)
    CPUcpsid                                 0x00000315   Thumb Code     8  cpu.o(.emb_text)
    CPUprimask                               0x0000031d   Thumb Code     6  cpu.o(.emb_text)
    CPUcpsie                                 0x00000323   Thumb Code     8  cpu.o(.emb_text)
    CPUwfi                                   0x0000032b   Thumb Code     4  cpu.o(.emb_text)
    CPUbasepriSet                            0x0000032f   Thumb Code     6  cpu.o(.emb_text)
    CPUbasepriGet                            0x00000335   Thumb Code     6  cpu.o(.emb_text)
    Reset_Handler                            0x0000033d   Thumb Code     8  startup_tm4c123.o(.text)
    NMI_Handler                              0x00000345   Thumb Code     2  startup_tm4c123.o(.text)
    HardFault_Handler                        0x00000347   Thumb Code     2  startup_tm4c123.o(.text)
    MemManage_Handler                        0x00000349   Thumb Code     2  startup_tm4c123.o(.text)
    BusFault_Handler                         0x0000034b   Thumb Code     2  startup_tm4c123.o(.text)
    UsageFault_Handler                       0x0000034d   Thumb Code     2  startup_tm4c123.o(.text)
    SVC_Handler                              0x0000034f   Thumb Code     2  startup_tm4c123.o(.text)
    DebugMon_Handler                         0x00000351   Thumb Code     2  startup_tm4c123.o(.text)
    PendSV_Handler                           0x00000353   Thumb Code     2  startup_tm4c123.o(.text)
    SysTick_Handler                          0x00000355   Thumb Code     2  startup_tm4c123.o(.text)
    GPIOA_Handler                            0x00000357   Thumb Code     2  startup_tm4c123.o(.text)
    GPIOB_Handler                            0x00000359   Thumb Code     2  startup_tm4c123.o(.text)
    GPIOC_Handler                            0x0000035b   Thumb Code     2  startup_tm4c123.o(.text)
    GPIOD_Handler                            0x0000035d   Thumb Code     2  startup_tm4c123.o(.text)
    GPIOE_Handler                            0x0000035f   Thumb Code     2  startup_tm4c123.o(.text)
    UART0_Handler                            0x00000361   Thumb Code     2  startup_tm4c123.o(.text)
    UART1_Handler                            0x00000363   Thumb Code     2  startup_tm4c123.o(.text)
    SSI0_Handler                             0x00000365   Thumb Code     2  startup_tm4c123.o(.text)
    I2C0_Handler                             0x00000367   Thumb Code     2  startup_tm4c123.o(.text)
    PMW0_FAULT_Handler                       0x00000369   Thumb Code     2  startup_tm4c123.o(.text)
    PWM0_0_Handler                           0x0000036b   Thumb Code     2  startup_tm4c123.o(.text)
    PWM0_1_Handler                           0x0000036d   Thumb Code     2  startup_tm4c123.o(.text)
    PWM0_2_Handler                           0x0000036f   Thumb Code     2  startup_tm4c123.o(.text)
    QEI0_Handler                             0x00000371   Thumb Code     2  startup_tm4c123.o(.text)
    ADC0SS0_Handler                          0x00000373   Thumb Code     2  startup_tm4c123.o(.text)
    ADC0SS1_Handler                          0x00000375   Thumb Code     2  startup_tm4c123.o(.text)
    ADC0SS2_Handler                          0x00000377   Thumb Code     2  startup_tm4c123.o(.text)
    ADC0SS3_Handler                          0x00000379   Thumb Code     2  startup_tm4c123.o(.text)
    WDT0_Handler                             0x0000037b   Thumb Code     2  startup_tm4c123.o(.text)
    TIMER0A_Handler                          0x0000037d   Thumb Code     2  startup_tm4c123.o(.text)
    TIMER0B_Handler                          0x0000037f   Thumb Code     2  startup_tm4c123.o(.text)
    TIMER1A_Handler                          0x00000381   Thumb Code     2  startup_tm4c123.o(.text)
    TIMER1B_Handler                          0x00000383   Thumb Code     2  startup_tm4c123.o(.text)
    TIMER2A_Handler                          0x00000385   Thumb Code     2  startup_tm4c123.o(.text)
    TIMER2B_Handler                          0x00000387   Thumb Code     2  startup_tm4c123.o(.text)
    COMP0_Handler                            0x00000389   Thumb Code     2  startup_tm4c123.o(.text)
    COMP1_Handler                            0x0000038b   Thumb Code     2  startup_tm4c123.o(.text)
    COMP2_Handler                            0x0000038d   Thumb Code     2  startup_tm4c123.o(.text)
    SYSCTL_Handler                           0x0000038f   Thumb Code     2  startup_tm4c123.o(.text)
    FLASH_Handler                            0x00000391   Thumb Code     2  startup_tm4c123.o(.text)
    GPIOF_Handler                            0x00000393   Thumb Code     2  startup_tm4c123.o(.text)
    GPIOG_Handler                            0x00000395   Thumb Code     2  startup_tm4c123.o(.text)
    GPIOH_Handler                            0x00000397   Thumb Code     2  startup_tm4c123.o(.text)
    UART2_Handler                            0x00000399   Thumb Code     2  startup_tm4c123.o(.text)
    SSI1_Handler                             0x0000039b   Thumb Code     2  startup_tm4c123.o(.text)
    TIMER3A_Handler                          0x0000039d   Thumb Code     2  startup_tm4c123.o(.text)
    TIMER3B_Handler                          0x0000039f   Thumb Code     2  startup_tm4c123.o(.text)
    I2C1_Handler                             0x000003a1   Thumb Code     2  startup_tm4c123.o(.text)
    QEI1_Handler                             0x000003a3   Thumb Code     2  startup_tm4c123.o(.text)
    CAN0_Handler                             0x000003a5   Thumb Code     2  startup_tm4c123.o(.text)
    CAN1_Handler                             0x000003a7   Thumb Code     2  startup_tm4c123.o(.text)
    CAN2_Handler                             0x000003a9   Thumb Code     2  startup_tm4c123.o(.text)
    HIB_Handler                              0x000003ab   Thumb Code     2  startup_tm4c123.o(.text)
    USB0_Handler                             0x000003ad   Thumb Code     2  startup_tm4c123.o(.text)
    PWM0_3_Handler                           0x000003af   Thumb Code     2  startup_tm4c123.o(.text)
    UDMA_Handler                             0x000003b1   Thumb Code     2  startup_tm4c123.o(.text)
    UDMAERR_Handler                          0x000003b3   Thumb Code     2  startup_tm4c123.o(.text)
    ADC1SS0_Handler                          0x000003b5   Thumb Code     2  startup_tm4c123.o(.text)
    ADC1SS1_Handler                          0x000003b7   Thumb Code     2  startup_tm4c123.o(.text)
    ADC1SS2_Handler                          0x000003b9   Thumb Code     2  startup_tm4c123.o(.text)
    ADC1SS3_Handler                          0x000003bb   Thumb Code     2  startup_tm4c123.o(.text)
    GPIOJ_Handler                            0x000003bd   Thumb Code     2  startup_tm4c123.o(.text)
    GPIOK_Handler                            0x000003bf   Thumb Code     2  startup_tm4c123.o(.text)
    GPIOL_Handler                            0x000003c1   Thumb Code     2  startup_tm4c123.o(.text)
    SSI2_Handler                             0x000003c3   Thumb Code     2  startup_tm4c123.o(.text)
    SSI3_Handler                             0x000003c5   Thumb Code     2  startup_tm4c123.o(.text)
    UART3_Handler                            0x000003c7   Thumb Code     2  startup_tm4c123.o(.text)
    UART4_Handler                            0x000003c9   Thumb Code     2  startup_tm4c123.o(.text)
    UART5_Handler                            0x000003cb   Thumb Code     2  startup_tm4c123.o(.text)
    UART6_Handler                            0x000003cd   Thumb Code     2  startup_tm4c123.o(.text)
    UART7_Handler                            0x000003cf   Thumb Code     2  startup_tm4c123.o(.text)
    I2C2_Handler                             0x000003d1   Thumb Code     2  startup_tm4c123.o(.text)
    I2C3_Handler                             0x000003d3   Thumb Code     2  startup_tm4c123.o(.text)
    TIMER4A_Handler                          0x000003d5   Thumb Code     2  startup_tm4c123.o(.text)
    TIMER4B_Handler                          0x000003d7   Thumb Code     2  startup_tm4c123.o(.text)
    TIMER5A_Handler                          0x000003d9   Thumb Code     2  startup_tm4c123.o(.text)
    TIMER5B_Handler                          0x000003db   Thumb Code     2  startup_tm4c123.o(.text)
    WTIMER0A_Handler                         0x000003dd   Thumb Code     2  startup_tm4c123.o(.text)
    WTIMER0B_Handler                         0x000003df   Thumb Code     2  startup_tm4c123.o(.text)
    WTIMER1A_Handler                         0x000003e1   Thumb Code     2  startup_tm4c123.o(.text)
    WTIMER1B_Handler                         0x000003e3   Thumb Code     2  startup_tm4c123.o(.text)
    WTIMER2A_Handler                         0x000003e5   Thumb Code     2  startup_tm4c123.o(.text)
    WTIMER2B_Handler                         0x000003e7   Thumb Code     2  startup_tm4c123.o(.text)
    WTIMER3A_Handler                         0x000003e9   Thumb Code     2  startup_tm4c123.o(.text)
    WTIMER3B_Handler                         0x000003eb   Thumb Code     2  startup_tm4c123.o(.text)
    WTIMER4A_Handler                         0x000003ed   Thumb Code     2  startup_tm4c123.o(.text)
    WTIMER4B_Handler                         0x000003ef   Thumb Code     2  startup_tm4c123.o(.text)
    WTIMER5A_Handler                         0x000003f1   Thumb Code     2  startup_tm4c123.o(.text)
    WTIMER5B_Handler                         0x000003f3   Thumb Code     2  startup_tm4c123.o(.text)
    FPU_Handler                              0x000003f5   Thumb Code     2  startup_tm4c123.o(.text)
    I2C4_Handler                             0x000003f7   Thumb Code     2  startup_tm4c123.o(.text)
    I2C5_Handler                             0x000003f9   Thumb Code     2  startup_tm4c123.o(.text)
    GPIOM_Handler                            0x000003fb   Thumb Code     2  startup_tm4c123.o(.text)
    GPION_Handler                            0x000003fd   Thumb Code     2  startup_tm4c123.o(.text)
    QEI2_Handler                             0x000003ff   Thumb Code     2  startup_tm4c123.o(.text)
    GPIOP0_Handler                           0x00000401   Thumb Code     2  startup_tm4c123.o(.text)
    GPIOP1_Handler                           0x00000403   Thumb Code     2  startup_tm4c123.o(.text)
    GPIOP2_Handler                           0x00000405   Thumb Code     2  startup_tm4c123.o(.text)
    GPIOP3_Handler                           0x00000407   Thumb Code     2  startup_tm4c123.o(.text)
    GPIOP4_Handler                           0x00000409   Thumb Code     2  startup_tm4c123.o(.text)
    GPIOP5_Handler                           0x0000040b   Thumb Code     2  startup_tm4c123.o(.text)
    GPIOP6_Handler                           0x0000040d   Thumb Code     2  startup_tm4c123.o(.text)
    GPIOP7_Handler                           0x0000040f   Thumb Code     2  startup_tm4c123.o(.text)
    GPIOQ0_Handler                           0x00000411   Thumb Code     2  startup_tm4c123.o(.text)
    GPIOQ1_Handler                           0x00000413   Thumb Code     2  startup_tm4c123.o(.text)
    GPIOQ2_Handler                           0x00000415   Thumb Code     2  startup_tm4c123.o(.text)
    GPIOQ3_Handler                           0x00000417   Thumb Code     2  startup_tm4c123.o(.text)
    GPIOQ4_Handler                           0x00000419   Thumb Code     2  startup_tm4c123.o(.text)
    GPIOQ5_Handler                           0x0000041b   Thumb Code     2  startup_tm4c123.o(.text)
    GPIOQ6_Handler                           0x0000041d   Thumb Code     2  startup_tm4c123.o(.text)
    GPIOQ7_Handler                           0x0000041f   Thumb Code     2  startup_tm4c123.o(.text)
    GPIOR_Handler                            0x00000421   Thumb Code     2  startup_tm4c123.o(.text)
    GPIOS_Handler                            0x00000423   Thumb Code     2  startup_tm4c123.o(.text)
    PMW1_0_Handler                           0x00000425   Thumb Code     2  startup_tm4c123.o(.text)
    PWM1_1_Handler                           0x00000427   Thumb Code     2  startup_tm4c123.o(.text)
    PWM1_2_Handler                           0x00000429   Thumb Code     2  startup_tm4c123.o(.text)
    PWM1_3_Handler                           0x0000042b   Thumb Code     2  startup_tm4c123.o(.text)
    PWM1_FAULT_Handler                       0x0000042d   Thumb Code     2  startup_tm4c123.o(.text)
    __user_initial_stackheap                 0x00000431   Thumb Code     0  startup_tm4c123.o(.text)
    __use_two_region_memory                  0x00000451   Thumb Code     2  heapauxi.o(.text)
    __rt_heap_escrow$2region                 0x00000453   Thumb Code     2  heapauxi.o(.text)
    __rt_heap_expand$2region                 0x00000455   Thumb Code     2  heapauxi.o(.text)
    __user_setup_stackheap                   0x00000457   Thumb Code    74  sys_stackheap_outer.o(.text)
    exit                                     0x000004a1   Thumb Code    18  exit.o(.text)
    __user_libspace                          0x000004b5   Thumb Code     8  libspace.o(.text)
    __user_perproc_libspace                  0x000004b5   Thumb Code     0  libspace.o(.text)
    __user_perthread_libspace                0x000004b5   Thumb Code     0  libspace.o(.text)
    _sys_exit                                0x000004bd   Thumb Code     8  sys_exit.o(.text)
    __I$use$semihosting                      0x000004c9   Thumb Code     0  use_no_semi.o(.text)
    __use_no_semihosting_swi                 0x000004c9   Thumb Code     2  use_no_semi.o(.text)
    __semihosting_library_function           0x000004cb   Thumb Code     0  indicate_semi.o(.text)
    ALT_InitPWMforServo                      0x000004cd   Thumb Code   130  servopwm.o(i.ALT_InitPWMforServo)
    Flash_Enable                             0x00000565   Thumb Code    34  profileflash.o(i.Flash_Enable)
    Flash_Read                               0x00000591   Thumb Code    68  profileflash.o(i.Flash_Read)
    Flash_Read_Offset                        0x000005d9   Thumb Code     8  profileflash.o(i.Flash_Read_Offset)
    Flash_Write_Offset                       0x000005e1   Thumb Code    72  profileflash.o(i.Flash_Write_Offset)
    GPIO_Init                                0x00000635   Thumb Code    26  ajustabletabletpositionermain.o(i.GPIO_Init)
    IntEnable                                0x00000659   Thumb Code    92  interrupt.o(i.IntEnable)
    IntMasterEnable                          0x000006bd   Thumb Code    14  interrupt.o(i.IntMasterEnable)
    MCInit                                   0x000006cd   Thumb Code    70  ajustabletabletpositionermain.o(i.MCInit)
    PWMOutputState                           0x00000725   Thumb Code    16  pwm.o(i.PWMOutputState)
    PWMPulseWidthSet                         0x00000735   Thumb Code    32  pwm.o(i.PWMPulseWidthSet)
    SysCtlClockGet                           0x00000755   Thumb Code   304  sysctl.o(i.SysCtlClockGet)
    SysCtlClockSet                           0x000008a9   Thumb Code   270  sysctl.o(i.SysCtlClockSet)
    SysCtlPeripheralEnable                   0x000009c9   Thumb Code    36  sysctl.o(i.SysCtlPeripheralEnable)
    SystemInit                               0x000009f1   Thumb Code   112  system_tm4c123.o(i.SystemInit)
    TimerConfigure                           0x00000a89   Thumb Code    88  timer.o(i.TimerConfigure)
    TimerIntEnable                           0x00000ae9   Thumb Code     8  timer.o(i.TimerIntEnable)
    TimerLoadSet                             0x00000af1   Thumb Code    18  timer.o(i.TimerLoadSet)
    main                                     0x00000b03   Thumb Code    82  ajustabletabletpositionermain.o(i.main)
    position_servo                           0x00000b55   Thumb Code   146  servopwm.o(i.position_servo)
    __aeabi_dadd                             0x00000c05   Thumb Code     0  daddsub_clz.o(x$fpl$dadd)
    _dadd                                    0x00000c05   Thumb Code   332  daddsub_clz.o(x$fpl$dadd)
    __aeabi_ddiv                             0x00000d55   Thumb Code     0  ddiv.o(x$fpl$ddiv)
    _ddiv                                    0x00000d55   Thumb Code   552  ddiv.o(x$fpl$ddiv)
    __aeabi_d2uiz                            0x00001005   Thumb Code     0  dfixu.o(x$fpl$dfixu)
    _dfixu                                   0x00001005   Thumb Code    90  dfixu.o(x$fpl$dfixu)
    __aeabi_dmul                             0x00001061   Thumb Code     0  dmul.o(x$fpl$dmul)
    _dmul                                    0x00001061   Thumb Code   332  dmul.o(x$fpl$dmul)
    __fpl_dnaninf                            0x000011b5   Thumb Code   156  dnaninf.o(x$fpl$dnaninf)
    __fpl_dretinf                            0x00001251   Thumb Code    12  dretinf.o(x$fpl$dretinf)
    __aeabi_dsub                             0x0000125d   Thumb Code     0  daddsub_clz.o(x$fpl$dsub)
    _dsub                                    0x0000125d   Thumb Code   464  daddsub_clz.o(x$fpl$dsub)
    __aeabi_f2d                              0x00001431   Thumb Code     0  f2d.o(x$fpl$f2d)
    _f2d                                     0x00001431   Thumb Code    86  f2d.o(x$fpl$f2d)
    __fpl_fnaninf                            0x00001487   Thumb Code   140  fnaninf.o(x$fpl$fnaninf)
    _fp_init                                 0x00001513   Thumb Code    10  fpinit.o(x$fpl$fpinit)
    __fplib_config_fpu_vfp                   0x0000151b   Thumb Code     0  fpinit.o(x$fpl$fpinit)
    __fplib_config_pureend_doubles           0x0000151b   Thumb Code     0  fpinit.o(x$fpl$fpinit)
    __I$use$fp                               0x0000151c   Number         0  usenofp.o(x$fpl$usenofp)
    Region$$Table$$Base                      0x0000187c   Number         0  anon$$obj.o(Region$$Table)
    Region$$Table$$Limit                     0x0000189c   Number         0  anon$$obj.o(Region$$Table)
    offset                                   0x20000004   Data           4  profileflash.o(.data)
    __libspace_start                         0x20000008   Data          96  libspace.o(.bss)
    __temporary_stack_top$libspace           0x20000068   Data           0  libspace.o(.bss)



==============================================================================

Memory Map of the image

  Image Entry point : 0x0000033d

  Load Region LR_1 (Base: 0x00000000, Size: 0x000018a4, Max: 0xffffffff, ABSOLUTE)

    Execution Region ER_RO (Exec base: 0x00000000, Load base: 0x00000000, Size: 0x0000189c, Max: 0xffffffff, ABSOLUTE)

    Exec Addr    Load Addr    Size         Type   Attr      Idx    E Section Name        Object

    0x00000000   0x00000000   0x0000026c   Data   RO          224    RESET               startup_tm4c123.o
    0x0000026c   0x0000026c   0x00000008   Code   RO         1872  * !!!main             c_w.l(__main.o)
    0x00000274   0x00000274   0x00000034   Code   RO         2056    !!!scatter          c_w.l(__scatter.o)
    0x000002a8   0x000002a8   0x0000001a   Code   RO         2058    !!handler_copy      c_w.l(__scatter_copy.o)
    0x000002c2   0x000002c2   0x00000002   PAD
    0x000002c4   0x000002c4   0x0000001c   Code   RO         2060    !!handler_zi        c_w.l(__scatter_zi.o)
    0x000002e0   0x000002e0   0x00000002   Code   RO         1924    .ARM.Collect$$libinit$$00000000  c_w.l(libinit.o)
    0x000002e2   0x000002e2   0x00000004   Code   RO         1930    .ARM.Collect$$libinit$$00000001  c_w.l(libinit2.o)
    0x000002e6   0x000002e6   0x00000000   Code   RO         1933    .ARM.Collect$$libinit$$00000004  c_w.l(libinit2.o)
    0x000002e6   0x000002e6   0x00000000   Code   RO         1936    .ARM.Collect$$libinit$$0000000A  c_w.l(libinit2.o)
    0x000002e6   0x000002e6   0x00000000   Code   RO         1938    .ARM.Collect$$libinit$$0000000C  c_w.l(libinit2.o)
    0x000002e6   0x000002e6   0x00000000   Code   RO         1940    .ARM.Collect$$libinit$$0000000E  c_w.l(libinit2.o)
    0x000002e6   0x000002e6   0x00000000   Code   RO         1943    .ARM.Collect$$libinit$$00000011  c_w.l(libinit2.o)
    0x000002e6   0x000002e6   0x00000000   Code   RO         1945    .ARM.Collect$$libinit$$00000013  c_w.l(libinit2.o)
    0x000002e6   0x000002e6   0x00000000   Code   RO         1947    .ARM.Collect$$libinit$$00000015  c_w.l(libinit2.o)
    0x000002e6   0x000002e6   0x00000000   Code   RO         1949    .ARM.Collect$$libinit$$00000017  c_w.l(libinit2.o)
    0x000002e6   0x000002e6   0x00000000   Code   RO         1951    .ARM.Collect$$libinit$$00000019  c_w.l(libinit2.o)
    0x000002e6   0x000002e6   0x00000000   Code   RO         1953    .ARM.Collect$$libinit$$0000001B  c_w.l(libinit2.o)
    0x000002e6   0x000002e6   0x00000000   Code   RO         1955    .ARM.Collect$$libinit$$0000001D  c_w.l(libinit2.o)
    0x000002e6   0x000002e6   0x00000000   Code   RO         1957    .ARM.Collect$$libinit$$0000001F  c_w.l(libinit2.o)
    0x000002e6   0x000002e6   0x00000000   Code   RO         1959    .ARM.Collect$$libinit$$00000021  c_w.l(libinit2.o)
    0x000002e6   0x000002e6   0x00000000   Code   RO         1961    .ARM.Collect$$libinit$$00000023  c_w.l(libinit2.o)
    0x000002e6   0x000002e6   0x00000000   Code   RO         1963    .ARM.Collect$$libinit$$00000025  c_w.l(libinit2.o)
    0x000002e6   0x000002e6   0x00000000   Code   RO         1967    .ARM.Collect$$libinit$$0000002C  c_w.l(libinit2.o)
    0x000002e6   0x000002e6   0x00000000   Code   RO         1969    .ARM.Collect$$libinit$$0000002E  c_w.l(libinit2.o)
    0x000002e6   0x000002e6   0x00000000   Code   RO         1971    .ARM.Collect$$libinit$$00000030  c_w.l(libinit2.o)
    0x000002e6   0x000002e6   0x00000000   Code   RO         1973    .ARM.Collect$$libinit$$00000032  c_w.l(libinit2.o)
    0x000002e6   0x000002e6   0x00000002   Code   RO         1974    .ARM.Collect$$libinit$$00000033  c_w.l(libinit2.o)
    0x000002e8   0x000002e8   0x00000002   Code   RO         1994    .ARM.Collect$$libshutdown$$00000000  c_w.l(libshutdown.o)
    0x000002ea   0x000002ea   0x00000000   Code   RO         2007    .ARM.Collect$$libshutdown$$00000002  c_w.l(libshutdown2.o)
    0x000002ea   0x000002ea   0x00000000   Code   RO         2009    .ARM.Collect$$libshutdown$$00000004  c_w.l(libshutdown2.o)
    0x000002ea   0x000002ea   0x00000000   Code   RO         2011    .ARM.Collect$$libshutdown$$00000006  c_w.l(libshutdown2.o)
    0x000002ea   0x000002ea   0x00000000   Code   RO         2014    .ARM.Collect$$libshutdown$$00000009  c_w.l(libshutdown2.o)
    0x000002ea   0x000002ea   0x00000000   Code   RO         2017    .ARM.Collect$$libshutdown$$0000000C  c_w.l(libshutdown2.o)
    0x000002ea   0x000002ea   0x00000000   Code   RO         2019    .ARM.Collect$$libshutdown$$0000000E  c_w.l(libshutdown2.o)
    0x000002ea   0x000002ea   0x00000000   Code   RO         2022    .ARM.Collect$$libshutdown$$00000011  c_w.l(libshutdown2.o)
    0x000002ea   0x000002ea   0x00000002   Code   RO         2023    .ARM.Collect$$libshutdown$$00000012  c_w.l(libshutdown2.o)
    0x000002ec   0x000002ec   0x00000000   Code   RO         1892    .ARM.Collect$$rtentry$$00000000  c_w.l(__rtentry.o)
    0x000002ec   0x000002ec   0x00000000   Code   RO         1901    .ARM.Collect$$rtentry$$00000002  c_w.l(__rtentry2.o)
    0x000002ec   0x000002ec   0x00000006   Code   RO         1913    .ARM.Collect$$rtentry$$00000004  c_w.l(__rtentry4.o)
    0x000002f2   0x000002f2   0x00000000   Code   RO         1903    .ARM.Collect$$rtentry$$00000009  c_w.l(__rtentry2.o)
    0x000002f2   0x000002f2   0x00000004   Code   RO         1904    .ARM.Collect$$rtentry$$0000000A  c_w.l(__rtentry2.o)
    0x000002f6   0x000002f6   0x00000000   Code   RO         1906    .ARM.Collect$$rtentry$$0000000C  c_w.l(__rtentry2.o)
    0x000002f6   0x000002f6   0x00000008   Code   RO         1907    .ARM.Collect$$rtentry$$0000000D  c_w.l(__rtentry2.o)
    0x000002fe   0x000002fe   0x00000002   Code   RO         1928    .ARM.Collect$$rtexit$$00000000  c_w.l(rtexit.o)
    0x00000300   0x00000300   0x00000000   Code   RO         1976    .ARM.Collect$$rtexit$$00000002  c_w.l(rtexit2.o)
    0x00000300   0x00000300   0x00000004   Code   RO         1977    .ARM.Collect$$rtexit$$00000003  c_w.l(rtexit2.o)
    0x00000304   0x00000304   0x00000006   Code   RO         1978    .ARM.Collect$$rtexit$$00000004  c_w.l(rtexit2.o)
    0x0000030a   0x0000030a   0x00000002   PAD
    0x0000030c   0x0000030c   0x00000006   Code   RO          973    .emb_text           driverlib.lib(sysctl.o)
    0x00000312   0x00000312   0x00000002   PAD
    0x00000314   0x00000314   0x00000026   Code   RO         1858    .emb_text           driverlib.lib(cpu.o)
    0x0000033a   0x0000033a   0x00000002   PAD
    0x0000033c   0x0000033c   0x00000114   Code   RO          225  * .text               startup_tm4c123.o
    0x00000450   0x00000450   0x00000006   Code   RO         1870    .text               c_w.l(heapauxi.o)
    0x00000456   0x00000456   0x0000004a   Code   RO         1915    .text               c_w.l(sys_stackheap_outer.o)
    0x000004a0   0x000004a0   0x00000012   Code   RO         1917    .text               c_w.l(exit.o)
    0x000004b2   0x000004b2   0x00000002   PAD
    0x000004b4   0x000004b4   0x00000008   Code   RO         1925    .text               c_w.l(libspace.o)
    0x000004bc   0x000004bc   0x0000000c   Code   RO         1986    .text               c_w.l(sys_exit.o)
    0x000004c8   0x000004c8   0x00000002   Code   RO         1997    .text               c_w.l(use_no_semi.o)
    0x000004ca   0x000004ca   0x00000000   Code   RO         1999    .text               c_w.l(indicate_semi.o)
    0x000004ca   0x000004ca   0x00000002   PAD
    0x000004cc   0x000004cc   0x00000098   Code   RO          198    i.ALT_InitPWMforServo  servopwm.o
    0x00000564   0x00000564   0x0000002c   Code   RO           97    i.Flash_Enable      profileflash.o
    0x00000590   0x00000590   0x00000048   Code   RO           99    i.Flash_Read        profileflash.o
    0x000005d8   0x000005d8   0x00000008   Code   RO          100    i.Flash_Read_Offset  profileflash.o
    0x000005e0   0x000005e0   0x00000054   Code   RO          102    i.Flash_Write_Offset  profileflash.o
    0x00000634   0x00000634   0x00000024   Code   RO            1    i.GPIO_Init         ajustabletabletpositionermain.o
    0x00000658   0x00000658   0x00000064   Code   RO          625    i.IntEnable         driverlib.lib(interrupt.o)
    0x000006bc   0x000006bc   0x0000000e   Code   RO          628    i.IntMasterEnable   driverlib.lib(interrupt.o)
    0x000006ca   0x000006ca   0x00000002   PAD
    0x000006cc   0x000006cc   0x00000058   Code   RO            2    i.MCInit            ajustabletabletpositionermain.o
    0x00000724   0x00000724   0x00000010   Code   RO          770    i.PWMOutputState    driverlib.lib(pwm.o)
    0x00000734   0x00000734   0x00000020   Code   RO          773    i.PWMPulseWidthSet  driverlib.lib(pwm.o)
    0x00000754   0x00000754   0x00000154   Code   RO          976    i.SysCtlClockGet    driverlib.lib(sysctl.o)
    0x000008a8   0x000008a8   0x00000120   Code   RO          978    i.SysCtlClockSet    driverlib.lib(sysctl.o)
    0x000009c8   0x000009c8   0x00000028   Code   RO         1007    i.SysCtlPeripheralEnable  driverlib.lib(sysctl.o)
    0x000009f0   0x000009f0   0x00000098   Code   RO          234    i.SystemInit        system_tm4c123.o
    0x00000a88   0x00000a88   0x00000060   Code   RO         1325    i.TimerConfigure    driverlib.lib(timer.o)
    0x00000ae8   0x00000ae8   0x00000008   Code   RO         1337    i.TimerIntEnable    driverlib.lib(timer.o)
    0x00000af0   0x00000af0   0x00000012   Code   RO         1343    i.TimerLoadSet      driverlib.lib(timer.o)
    0x00000b02   0x00000b02   0x00000052   Code   RO            5    i.main              ajustabletabletpositionermain.o
    0x00000b54   0x00000b54   0x000000b0   Code   RO          200    i.position_servo    servopwm.o
    0x00000c04   0x00000c04   0x00000150   Code   RO         1874    x$fpl$dadd          fz_wm.l(daddsub_clz.o)
    0x00000d54   0x00000d54   0x000002b0   Code   RO         1881    x$fpl$ddiv          fz_wm.l(ddiv.o)
    0x00001004   0x00001004   0x0000005a   Code   RO         1884    x$fpl$dfixu         fz_wm.l(dfixu.o)
    0x0000105e   0x0000105e   0x00000002   PAD
    0x00001060   0x00001060   0x00000154   Code   RO         1888    x$fpl$dmul          fz_wm.l(dmul.o)
    0x000011b4   0x000011b4   0x0000009c   Code   RO         1893    x$fpl$dnaninf       fz_wm.l(dnaninf.o)
    0x00001250   0x00001250   0x0000000c   Code   RO         1895    x$fpl$dretinf       fz_wm.l(dretinf.o)
    0x0000125c   0x0000125c   0x000001d4   Code   RO         1876    x$fpl$dsub          fz_wm.l(daddsub_clz.o)
    0x00001430   0x00001430   0x00000056   Code   RO         1890    x$fpl$f2d           fz_wm.l(f2d.o)
    0x00001486   0x00001486   0x0000008c   Code   RO         1897    x$fpl$fnaninf       fz_wm.l(fnaninf.o)
    0x00001512   0x00001512   0x0000000a   Code   RO         1984    x$fpl$fpinit        fz_wm.l(fpinit.o)
    0x0000151c   0x0000151c   0x00000000   Code   RO         1899    x$fpl$usenofp       fz_wm.l(usenofp.o)
    0x0000151c   0x0000151c   0x0000010c   Data   RO          641    .constdata          driverlib.lib(interrupt.o)
    0x00001628   0x00001628   0x00000254   Data   RO         1029    .constdata          driverlib.lib(sysctl.o)
    0x0000187c   0x0000187c   0x00000020   Data   RO         2054    Region$$Table       anon$$obj.o


    Execution Region ER_RW (Exec base: 0x20000000, Load base: 0x0000189c, Size: 0x00000008, Max: 0xffffffff, ABSOLUTE)

    Exec Addr    Load Addr    Size         Type   Attr      Idx    E Section Name        Object

    0x20000000   0x0000189c   0x00000008   Data   RW          103    .data               profileflash.o


    Execution Region ER_ZI (Exec base: 0x20000008, Load base: 0x000018a4, Size: 0x00000260, Max: 0xffffffff, ABSOLUTE)

    Exec Addr    Load Addr    Size         Type   Attr      Idx    E Section Name        Object

    0x20000008        -       0x00000060   Zero   RW         1926    .bss                c_w.l(libspace.o)
    0x20000068        -       0x00000000   Zero   RW          223    HEAP                startup_tm4c123.o
    0x20000068        -       0x00000200   Zero   RW          222    STACK               startup_tm4c123.o


==============================================================================

Image component sizes


      Code (inc. data)   RO Data    RW Data    ZI Data      Debug   Object Name

       206         28          0          0          0       7180   ajustabletabletpositionermain.o
       208         26          0          8          0       2514   profileflash.o
       328         52          0          0          0       1187   servopwm.o
       276         24        620          0        512       5496   startup_tm4c123.o
       152         40          0          0          0        609   system_tm4c123.o

    ----------------------------------------------------------------------
      1170        170        652          8        512      16986   Object Totals
         0          0         32          0          0          0   (incl. Generated)
         0          0          0          0          0          0   (incl. Padding)

    ----------------------------------------------------------------------

      Code (inc. data)   RO Data    RW Data    ZI Data      Debug   Library Member Name

         8          0          0          0          0         68   __main.o
         0          0          0          0          0          0   __rtentry.o
        12          0          0          0          0          0   __rtentry2.o
         6          0          0          0          0          0   __rtentry4.o
        52          8          0          0          0          0   __scatter.o
        26          0          0          0          0          0   __scatter_copy.o
        28          0          0          0          0          0   __scatter_zi.o
        18          0          0          0          0         80   exit.o
         6          0          0          0          0        152   heapauxi.o
         0          0          0          0          0          0   indicate_semi.o
         2          0          0          0          0          0   libinit.o
         6          0          0          0          0          0   libinit2.o
         2          0          0          0          0          0   libshutdown.o
         2          0          0          0          0          0   libshutdown2.o
         8          4          0          0         96         68   libspace.o
         2          0          0          0          0          0   rtexit.o
        10          0          0          0          0          0   rtexit2.o
        12          4          0          0          0         68   sys_exit.o
        74          0          0          0          0         80   sys_stackheap_outer.o
         2          0          0          0          0         68   use_no_semi.o
        38          0          0          0          0        544   cpu.o
       114          8        268          0          0       1974   interrupt.o
        48          0          0          0          0       1184   pwm.o
       674         58        596          0          0       4571   sysctl.o
       122          8          0          0          0       1713   timer.o
       804         16          0          0          0        368   daddsub_clz.o
       688        140          0          0          0        256   ddiv.o
        90          4          0          0          0        140   dfixu.o
       340         12          0          0          0        152   dmul.o
       156          4          0          0          0        140   dnaninf.o
        12          0          0          0          0        116   dretinf.o
        86          4          0          0          0        132   f2d.o
       140          4          0          0          0        132   fnaninf.o
        10          0          0          0          0        116   fpinit.o
         0          0          0          0          0          0   usenofp.o

    ----------------------------------------------------------------------
      3614        274        864          0         96      12122   Library Totals
        16          0          0          0          0          0   (incl. Padding)

    ----------------------------------------------------------------------

      Code (inc. data)   RO Data    RW Data    ZI Data      Debug   Library Name

       276         16          0          0         96        584   c_w.l
       996         74        864          0          0       9986   driverlib.lib
      2326        184          0          0          0       1552   fz_wm.l

    ----------------------------------------------------------------------
      3614        274        864          0         96      12122   Library Totals

    ----------------------------------------------------------------------

==============================================================================


      Code (inc. data)   RO Data    RW Data    ZI Data      Debug   

      4784        444       1516          8        608      26552   Grand Totals
      4784        444       1516          8        608      26552   ELF Image Totals
      4784        444       1516          8          0          0   ROM Totals

==============================================================================

    Total RO  Size (Code + RO Data)                 6300 (   6.15kB)
    Total RW  Size (RW Data + ZI Data)               616 (   0.60kB)
    Total ROM Size (Code + RO Data + RW Data)       6308 (   6.16kB)

==============================================================================

